05-04 20:00:24.334  8290  8290 D PackageManager: No files in app dir /apex/com.android.os.statsd/priv-app
05-04 20:00:24.334  8290  8290 D PackageManager: No files in app dir /apex/com.android.os.statsd/app
05-04 20:00:24.334  8290  8290 D PackageManager: No files in app dir /apex/com.android.hardware.contexthub/priv-app
05-04 20:00:24.335  8290  8290 D PackageManager: No files in app dir /apex/com.android.hardware.contexthub/app
05-04 20:00:24.335  8290  8290 D PackageManager: No files in app dir /apex/com.android.hardware.vibrator/priv-app
05-04 20:00:24.335  8290  8290 D PackageManager: No files in app dir /apex/com.android.hardware.vibrator/app
05-04 20:00:24.344  8290  8290 I ApexManager: Registering com.google.android.uwb.resources as apk-in-apex of com.android.uwb
05-04 20:00:24.348  8290  8290 D PackageManager: No files in app dir /apex/com.android.uwb/app
05-04 20:00:24.329  8149  8149 W ServiceManagerCppClient: Waited one second for activity (is service started? Number of threads started in the threadpool: 16. Are binder threads started and available?)
05-04 20:00:24.448   224  8456 W libc    : Unable to set property "ctl.interface_start" to "aidl/activity": PROP_ERROR_HANDLE_CONTROL_MESSAGE (0x20)
05-04 20:00:24.497  8290  8290 I ApexManager: Registering com.google.android.rkpdapp as apk-in-apex of com.android.rkpd
05-04 20:00:24.533  8290  8290 D PackageManager: No files in app dir /apex/com.android.rkpd/app
05-04 20:00:24.540  8290  8290 I ApexManager: Registering com.android.virtualization.terminal as apk-in-apex of com.android.virt
05-04 20:00:24.547  8290  8290 I ApexManager: Registering com.android.virtualmachine.res as apk-in-apex of com.android.virt
05-04 20:00:24.551  8290  8290 I ApexManager: Registering com.android.microdroid.empty_payload as apk-in-apex of com.android.virt
05-04 20:00:24.611  8290  8290 D PackageManager: No files in app dir /apex/com.android.sdkext/priv-app
05-04 20:00:24.611  8290  8290 D PackageManager: No files in app dir /apex/com.android.sdkext/app
05-04 20:00:24.611  8290  8290 D PackageManager: No files in app dir /apex/com.android.hardware.neuralnetworks/priv-app
05-04 20:00:24.611  8290  8290 D PackageManager: No files in app dir /apex/com.android.hardware.neuralnetworks/app
05-04 20:00:24.658  8290  8290 I ApexManager: Registering com.android.devicelockcontroller as apk-in-apex of com.android.devicelock
05-04 20:00:24.748  8290  8290 D PackageManager: No files in app dir /apex/com.android.devicelock/app
05-04 20:00:24.749  8290  8290 D PackageManager: No files in app dir /apex/com.android.i18n/priv-app
05-04 20:00:24.750  8290  8290 D PackageManager: No files in app dir /apex/com.android.i18n/app
05-04 20:00:24.753  8290  8290 I ApexManager: Registering com.google.android.safetycenter.resources as apk-in-apex of com.android.permission
05-04 20:00:24.872  8290  8290 I ApexManager: Registering com.google.android.permissioncontroller as apk-in-apex of com.android.permission
05-04 20:00:24.945  8290  8290 D PackageManager: No files in app dir /apex/com.android.permission/app
05-04 20:00:24.946  8290  8290 D PackageManager: No files in app dir /apex/com.android.ipsec/priv-app
05-04 20:00:24.946  8290  8290 D PackageManager: No files in app dir /apex/com.android.ipsec/app
05-04 20:00:24.946  8290  8290 D PackageManager: No files in app dir /apex/com.android.hardware.cas/priv-app
05-04 20:00:24.946  8290  8290 D PackageManager: No files in app dir /apex/com.android.hardware.cas/app
05-04 20:00:24.947  8290  8290 D PackageManager: No files in app dir /apex/com.android.profiling/priv-app
05-04 20:00:24.947  8290  8290 D PackageManager: No files in app dir /apex/com.android.profiling/app
05-04 20:00:24.980  8290  8290 I ApexManager: Registering com.google.android.healthconnect.controller as apk-in-apex of com.android.healthfitness
05-04 20:00:24.994  8290  8290 I ApexManager: Registering com.google.android.health.connect.backuprestore as apk-in-apex of com.android.healthfitness
05-04 20:00:25.180  8290  8290 I ApexManager: Registering com.google.android.networkstack.tethering as apk-in-apex of com.android.tethering
05-04 20:00:25.313  8290  8290 I ApexManager: Registering com.google.android.connectivity.resources as apk-in-apex of com.android.tethering
05-04 20:00:25.338  8290  8290 D PackageManager: No files in app dir /apex/com.android.tethering/app
05-04 20:00:25.394  8149  8149 W ServiceManagerCppClient: Waited one second for activity (is service started? Number of threads started in the threadpool: 16. Are binder threads started and available?)
05-04 20:00:25.425  8290  8290 I ApexManager: Registering com.google.android.ext.services as apk-in-apex of com.android.extservices
05-04 20:00:25.428  8290  8290 D PackageManager: No files in app dir /apex/com.android.extservices/app
05-04 20:00:25.428  8290  8290 D PackageManager: No files in app dir /apex/com.android.hardware.dumpstate/priv-app
05-04 20:00:25.428  8290  8290 D PackageManager: No files in app dir /apex/com.android.hardware.dumpstate/app
05-04 20:00:25.579   224  8459 W libc    : Unable to set property "ctl.interface_start" to "aidl/activity": PROP_ERROR_HANDLE_CONTROL_MESSAGE (0x20)
05-04 20:00:26.077  8290  8290 I ApexManager: Registering com.android.cts.priv.ctsshim as apk-in-apex of com.android.apex.cts.shim
05-04 20:00:26.318  8290  8290 I ApexManager: Registering com.android.cts.ctsshim as apk-in-apex of com.android.apex.cts.shim
05-04 20:00:26.350  8290  8290 D PackageManager: No files in app dir /apex/com.android.crashrecovery/priv-app
05-04 20:00:26.351  8290  8290 D PackageManager: No files in app dir /apex/com.android.crashrecovery/app
05-04 20:00:26.351  8290  8290 D PackageManager: No files in app dir /apex/com.android.bt/priv-app
05-04 20:00:26.389  8290  8290 I ApexManager: Registering com.google.android.bluetooth as apk-in-apex of com.android.bt
05-04 20:00:26.404  8290  8290 I ApexManager: Registering com.google.android.wifi.resources as apk-in-apex of com.android.wifi
05-04 20:00:26.587  8149  8149 W ServiceManagerCppClient: Waited one second for activity (is service started? Number of threads started in the threadpool: 16. Are binder threads started and available?)
05-04 20:00:26.642  8290  8290 I ApexManager: Registering com.google.android.wifi.dialog as apk-in-apex of com.android.wifi
05-04 20:00:26.677   224  8460 W libc    : Unable to set property "ctl.interface_start" to "aidl/activity": PROP_ERROR_HANDLE_CONTROL_MESSAGE (0x20)
05-04 20:00:26.832  8290  8290 I ApexManager: Registering com.google.android.hotspot2.osulogin as apk-in-apex of com.android.wifi
05-04 20:00:26.837  8290  8290 D PackageManager: No files in app dir /apex/com.android.hardware.rebootescrow/priv-app
05-04 20:00:26.838  8290  8290 D PackageManager: No files in app dir /apex/com.android.hardware.rebootescrow/app
05-04 20:00:26.883  8290  8290 I ApexManager: Registering com.android.nfc as apk-in-apex of com.android.nfcservices
05-04 20:00:27.060  8290  8414 D PackageCacher: Feature flags for package /apex/com.android.nfcservices/priv-app/NfcNciApexGoogle@360527520: {com.android.nfc.flags.enable_direct_boot_aware=true}
05-04 20:00:27.064  8290  8290 I ApexManager: Registering com.google.android.nfc as apk-in-apex of com.android.nfcservices
05-04 20:00:27.068  8290  8290 D PackageManager: No files in app dir /apex/com.android.nfcservices/app
05-04 20:00:27.069  8290  8290 D PackageManager: No files in app dir /apex/com.android.media/priv-app
05-04 20:00:27.069  8290  8290 D PackageManager: No files in app dir /apex/com.android.media/app
05-04 20:00:27.070  8290  8290 D PackageManager: No files in app dir /apex/com.android.runtime/priv-app
05-04 20:00:27.070  8290  8290 D PackageManager: No files in app dir /apex/com.android.runtime/app
05-04 20:00:27.071  8290  8290 D PackageManager: No files in app dir /apex/com.android.neuralnetworks/priv-app
05-04 20:00:27.071  8290  8290 D PackageManager: No files in app dir /apex/com.android.neuralnetworks/app
05-04 20:00:27.080  8290  8290 W OverlayConfig: partition_order.xml does not exist.
05-04 20:00:27.091   476  7859 E SensorsMultiHal: Dropping 1 events after blockingWrite failed (is system_server running?).
05-04 20:00:27.221  8290  8290 I PackageManager: Finished scanning system apps. Time: 37605 ms, packageCount: 294 , timePerPackage: 127 , cached: 299
05-04 20:00:27.238  8290  8290 W PackageManager: Relax SCAN_REQUIRE_KNOWN requirement for package com.google.android.trichromelibrary_694313738
05-04 20:00:27.576  8290  8290 W PackageManager: Relax SCAN_REQUIRE_KNOWN requirement for package com.google.android.webview
05-04 20:00:27.585  8290  8290 W PackageManager: Relax SCAN_REQUIRE_KNOWN requirement for package com.android.chrome
05-04 20:00:27.639  8149  8149 W ServiceManagerCppClient: Waited one second for activity (is service started? Number of threads started in the threadpool: 16. Are binder threads started and available?)
05-04 20:00:27.710  8290  8290 W PackageManager: Relax SCAN_REQUIRE_KNOWN requirement for package com.android.vending
05-04 20:00:27.868   224  8461 W libc    : Unable to set property "ctl.interface_start" to "aidl/activity": PROP_ERROR_HANDLE_CONTROL_MESSAGE (0x20)
05-04 20:00:28.600  8290  8290 W PackageManager: Relax SCAN_REQUIRE_KNOWN requirement for package com.google.android.gms
05-04 20:00:28.799  8149  8149 W ServiceManagerCppClient: Waited one second for activity (is service started? Number of threads started in the threadpool: 16. Are binder threads started and available?)
05-04 20:00:28.847  5537  5584 D BootAnimation: Playing files = /product/media/bootanimation.zip/part3, Requested repeat = 0, playUntilComplete = false
05-04 20:00:28.862   224  8462 W libc    : Unable to set property "ctl.interface_start" to "aidl/activity": PROP_ERROR_HANDLE_CONTROL_MESSAGE (0x20)
05-04 20:00:29.204  8290  8290 I PackageManager: Finished scanning non-system apps. Time: 1984 ms, packageCount: 5 , timePerPackage: 396 , cached: 5
05-04 20:00:29.618  8290  8290 I PackageManager: Time to scan packages: 40.003 seconds
05-04 20:00:29.862  8149  8149 W ServiceManagerCppClient: Waited one second for activity (is service started? Number of threads started in the threadpool: 16. Are binder threads started and available?)
05-04 20:00:30.051   224  8463 W libc    : Unable to set property "ctl.interface_start" to "aidl/activity": PROP_ERROR_HANDLE_CONTROL_MESSAGE (0x20)
05-04 20:00:30.559  8290  8290 W AppIdPermissionPolicy: Ignoring permission com.google.android.gtalkservice.permission.GTALK_SERVICE declared in system package com.google.android.gsf: already declared in another system package com.google.android.gms
05-04 20:00:30.559  8290  8290 W AppIdPermissionPolicy: Ignoring permission com.google.android.c2dm.permission.SEND declared in system package com.google.android.gsf: already declared in another system package com.google.android.gms
05-04 20:00:30.559  8290  8290 W AppIdPermissionPolicy: Ignoring permission com.google.android.c2dm.permission.RECEIVE declared in system package com.google.android.gsf: already declared in another system package com.google.android.gms
05-04 20:00:30.559  8290  8290 W AppIdPermissionPolicy: Ignoring permission com.android.vending.INTENT_VENDING_ONLY declared in system package com.google.android.gsf: already declared in another system package com.google.android.gms
05-04 20:00:30.559  8290  8290 W AppIdPermissionPolicy: Ignoring permission com.google.android.providers.settings.permission.WRITE_GSETTINGS declared in system package com.google.android.gsf: already declared in another system package com.google.android.gms
05-04 20:00:30.559  8290  8290 W AppIdPermissionPolicy: Ignoring permission com.google.android.providers.gsf.permission.READ_GSERVICES declared in system package com.google.android.gsf: already declared in another system package com.google.android.gms
05-04 20:00:30.559  8290  8290 W AppIdPermissionPolicy: Ignoring permission com.google.android.providers.gsf.permission.WRITE_GSERVICES declared in system package com.google.android.gsf: already declared in another system package com.google.android.gms
05-04 20:00:30.561  8290  8290 W AppIdPermissionPolicy: Ignoring permission com.google.android.apps.wallpaper.DYNAMIC_RECEIVER_NOT_EXPORTED_PERMISSION declared in system package com.android.wallpaper: already declared in another system package com.google.android.apps.wallpaper
05-04 20:00:30.830  8290  8290 V PackageManager: reconcileAppsData for null u0 0x1 migrateAppData=true
05-04 20:00:31.020  8149  8149 W ServiceManagerCppClient: Waited one second for activity (is service started? Number of threads started in the threadpool: 16. Are binder threads started and available?)
05-04 20:00:31.063   224  8464 W libc    : Unable to set property "ctl.interface_start" to "aidl/activity": PROP_ERROR_HANDLE_CONTROL_MESSAGE (0x20)
05-04 20:00:31.296  8290  8290 V PackageManager: reconcileAppsData finished 27 packages
05-04 20:00:31.385  8290  8290 D PackageManagerTiming: write settings
05-04 20:00:31.389  8290  8465 D SystemServerTimingAsync: InitThreadPoolExec:prepareAppData
05-04 20:00:32.745   476  7859 E SensorsMultiHal: Dropping 1 events after blockingWrite failed (is system_server running?).
05-04 20:00:32.752  8149  8149 W ServiceManagerCppClient: Waited one second for activity (is service started? Number of threads started in the threadpool: 16. Are binder threads started and available?)
05-04 20:00:32.767   224  8468 W libc    : Unable to set property "ctl.interface_start" to "aidl/activity": PROP_ERROR_HANDLE_CONTROL_MESSAGE (0x20)
05-04 20:00:33.253  8290  8290 I SELinux : SELinux: Loaded file context from:
05-04 20:00:33.253  8290  8290 I SELinux : 		/system/etc/selinux/plat_file_contexts
05-04 20:00:33.253  8290  8290 I SELinux : 		/system_ext/etc/selinux/system_ext_file_contexts
05-04 20:00:33.253  8290  8290 I SELinux : 		/product/etc/selinux/product_file_contexts
05-04 20:00:33.253  8290  8290 I SELinux : 		/vendor/etc/selinux/vendor_file_contexts
05-04 20:00:33.253  8290  8290 I SELinux : 		/odm/etc/selinux/odm_file_contexts
05-04 20:00:33.779  8149  8149 W ServiceManagerCppClient: Waited one second for activity (is service started? Number of threads started in the threadpool: 16. Are binder threads started and available?)
05-04 20:00:34.028   224  8471 W libc    : Unable to set property "ctl.interface_start" to "aidl/activity": PROP_ERROR_HANDLE_CONTROL_MESSAGE (0x20)
05-04 20:00:35.001  8149  8149 W ServiceManagerCppClient: Waited one second for activity (is service started? Number of threads started in the threadpool: 16. Are binder threads started and available?)
05-04 20:00:35.083   224  8475 W libc    : Unable to set property "ctl.interface_start" to "aidl/activity": PROP_ERROR_HANDLE_CONTROL_MESSAGE (0x20)
05-04 20:00:35.551  8290  8290 I PackageManager: Fix for b/169414761 is applied
05-04 20:00:35.585  8290  8290 V UserSystemPackageInstaller: Checking that all system packages are whitelisted.
05-04 20:00:36.103  8149  8149 W ServiceManagerCppClient: Waited one second for activity (is service started? Number of threads started in the threadpool: 16. Are binder threads started and available?)
05-04 20:00:36.130  5537  5584 D BootAnimation: Playing files = /product/media/bootanimation.zip/part3, Requested repeat = 0, playUntilComplete = false
05-04 20:00:36.412   224  8476 W libc    : Unable to set property "ctl.interface_start" to "aidl/activity": PROP_ERROR_HANDLE_CONTROL_MESSAGE (0x20)
05-04 20:00:37.037  8290  8465 W PackageManager: Skipping preparing app data for com.google.android.tzdata6
05-04 20:00:37.038  8290  8465 W PackageManager: Skipping preparing app data for com.google.android.ondevicepersonalization
05-04 20:00:37.038  8290  8465 W PackageManager: Skipping preparing app data for com.android.hardware.authsecret
05-04 20:00:37.038  8290  8465 W PackageManager: Skipping preparing app data for com.android.hardware.power
05-04 20:00:37.038  8290  8465 W PackageManager: Skipping preparing app data for com.google.android.media.swcodec
05-04 20:00:37.039  8290  8465 W PackageManager: Skipping preparing app data for com.google.android.os.statsd
05-04 20:00:37.039  8290  8465 W PackageManager: Skipping preparing app data for com.google.android.widevine.nonupdatable
05-04 20:00:37.039  8290  8465 W PackageManager: Skipping preparing app data for com.android.hardware.threadnetwork
05-04 20:00:37.043  8290  8290 W UserSystemPackageInstaller: checkWhitelistedSystemPackages(mode=d) has 66 warnings:
05-04 20:00:37.043  8290  8290 W UserSystemPackageInstaller: com.android.theme.color.amethyst is allowlisted but not present.
05-04 20:00:37.043  8290  8290 W UserSystemPackageInstaller: com.android.theme.icon.pebble is allowlisted but not present.
05-04 20:00:37.043  8290  8290 W UserSystemPackageInstaller: com.android.internal.systemui.navbar.gestural_wide_back is allowlisted but not present.
05-04 20:00:37.043  8290  8290 W UserSystemPackageInstaller: com.android.theme.color.sand is allowlisted but not present.
05-04 20:00:37.043  8290  8290 W UserSystemPackageInstaller: com.android.theme.icon.vessel is allowlisted but not present.
05-04 20:00:37.043  8290  8290 W UserSystemPackageInstaller: com.android.theme.color.cinnamon is allowlisted but not present.
05-04 20:00:37.043  8290  8290 W UserSystemPackageInstaller: com.android.theme.icon_pack.victor.settings is allowlisted but not present.
05-04 20:00:37.043  8290  8290 W UserSystemPackageInstaller: com.android.theme.icon_pack.rounded.systemui is allowlisted but not present.
05-04 20:00:37.043  8290  8290 W UserSystemPackageInstaller: com.android.theme.icon.taperedrect is allowlisted but not present.
05-04 20:00:37.043  8290  8290 W UserSystemPackageInstaller: com.android.documentsui is allowlisted but not present.
05-04 20:00:37.043  8290  8290 W UserSystemPackageInstaller: com.android.quicksearchbox is allowlisted but not present.
05-04 20:00:37.043  8290  8290 W UserSystemPackageInstaller: com.android.messaging is allowlisted but not present.
05-04 20:00:37.043  8290  8290 W UserSystemPackageInstaller: com.android.theme.icon_pack.rounded.android is allowlisted but not present.
05-04 20:00:37.044  8290  8290 W UserSystemPackageInstaller: com.android.internal.systemui.onehanded.gestural is allowlisted but not present.
05-04 20:00:37.044  8290  8290 W UserSystemPackageInstaller: com.android.multiuser is allowlisted but not present.
05-04 20:00:37.044  8290  8290 W UserSystemPackageInstaller: com.android.theme.icon_pack.victor.systemui is allowlisted but not present.
05-04 20:00:37.044  8290  8290 W UserSystemPackageInstaller: com.android.theme.icon_pack.circular.themepicker is allowlisted but not present.
05-04 20:00:37.044  8290  8290 W UserSystemPackageInstaller: com.android.avatarpicker is allowlisted but not present.
05-04 20:00:37.044  8290  8290 W UserSystemPackageInstaller: com.android.theme.color.tangerine is allowlisted but not present.
05-04 20:00:37.044  8290  8290 W UserSystemPackageInstaller: com.android.theme.color.aquamarine is allowlisted but not present.
05-04 20:00:37.044  8290  8290 W UserSystemPackageInstaller: com.android.theme.color.black is allowlisted but not present.
05-04 20:00:37.044  8290  8290 W UserSystemPackageInstaller: com.android.theme.color.green is allowlisted but not present.
05-04 20:00:37.044  8290  8290 W UserSystemPackageInstaller: com.android.theme.color.ocean is allowlisted but not present.
05-04 20:00:37.044  8290  8290 W UserSystemPackageInstaller: com.android.theme.color.space is allowlisted but not present.
05-04 20:00:37.044  8290  8290 W UserSystemPackageInstaller: com.android.contacts is allowlisted but not present.
05-04 20:00:37.044  8290  8290 W UserSystemPackageInstaller: com.android.theme.icon_pack.rounded.launcher is allowlisted but not present.
05-04 20:00:37.044  8290  8290 W UserSystemPackageInstaller: com.android.theme.icon_pack.kai.settings is allowlisted but not present.
05-04 20:00:37.044  8290  8290 W UserSystemPackageInstaller: com.android.theme.icon_pack.sam.settings is allowlisted but not present.
05-04 20:00:37.044  8290  8290 W UserSystemPackageInstaller: com.android.calendar is allowlisted but not present.
05-04 20:00:37.044  8290  8290 W UserSystemPackageInstaller: com.android.internal.systemui.navbar.gestural_extra_wide_back is allowlisted but not present.
05-04 20:00:37.045  8290  8290 W UserSystemPackageInstaller: com.android.theme.icon_pack.kai.themepicker is allowlisted but not present.
05-04 20:00:37.045  8290  8290 W UserSystemPackageInstaller: com.android.theme.icon_pack.victor.launcher is allowlisted but not present.
05-04 20:00:37.045  8290  8290 W UserSystemPackageInstaller: com.android.theme.icon_pack.filled.settings is allowlisted but not present.
05-04 20:00:37.045  8290  8290 W UserSystemPackageInstaller: com.android.theme.icon_pack.kai.systemui is allowlisted but not present.
05-04 20:00:37.045  8290  8290 W UserSystemPackageInstaller: com.android.theme.icon_pack.circular.settings is allowlisted but not present.
05-04 20:00:37.045  8290  8290 W UserSystemPackageInstaller: com.android.privatespace is allowlisted but not present.
05-04 20:00:37.045  8290  8290 W UserSystemPackageInstaller: com.android.theme.icon_pack.sam.systemui is allowlisted but not present.
05-04 20:00:37.045  8290  8290 W UserSystemPackageInstaller: com.android.theme.icon.teardrop is allowlisted but not present.
05-04 20:00:37.045  8290  8290 W UserSystemPackageInstaller: com.android.theme.icon_pack.rounded.themepicker is allowlisted but not present.
05-04 20:00:37.045  8290  8290 W UserSystemPackageInstaller: com.android.dialer is allowlisted but not present.
05-04 20:00:37.045  8290  8290 W UserSystemPackageInstaller: com.android.gallery3d is allowlisted but not present.
05-04 20:00:37.045  8290  8290 W UserSystemPackageInstaller: com.android.theme.icon_pack.filled.systemui is allowlisted but not present.
05-04 20:00:37.045  8290  8290 W UserSystemPackageInstaller: com.android.theme.icon_pack.sam.android is allowlisted but not present.
05-04 20:00:37.045  8290  8290 W UserSystemPackageInstaller: com.android.theme.icon_pack.filled.android is allowlisted but not present.
05-04 20:00:37.046  8290  8290 W UserSystemPackageInstaller: com.android.theme.icon_pack.circular.systemui is allowlisted but not present.
05-04 20:00:37.046  8290  8290 W UserSystemPackageInstaller: com.android.inputmethod.latin is allowlisted but not present.
05-04 20:00:37.046  8290  8290 W UserSystemPackageInstaller: com.android.theme.icon_pack.kai.android is allowlisted but not present.
05-04 20:00:37.046  8290  8290 W UserSystemPackageInstaller: com.android.theme.icon_pack.kai.launcher is allowlisted but not present.
05-04 20:00:37.046  8290  8290 W UserSystemPackageInstaller: com.android.theme.icon_pack.sam.launcher is allowlisted but not present.
05-04 20:00:37.046  8290  8290 W UserSystemPackageInstaller: com.android.theme.icon.squircle is allowlisted but not present.
05-04 20:00:37.046  8290  8290 W UserSystemPackageInstaller: com.android.theme.icon_pack.victor.android is allowlisted but not present.
05-04 20:00:37.046  8290  8290 W UserSystemPackageInstaller: com.android.theme.color.palette is allowlisted but not present.
05-04 20:00:37.046  8290  8290 W UserSystemPackageInstaller: com.android.theme.icon_pack.filled.launcher is allowlisted but not present.
05-04 20:00:37.046  8290  8290 W UserSystemPackageInstaller: com.android.theme.color.carbon is allowlisted but not present.
05-04 20:00:37.046  8290  8290 W UserSystemPackageInstaller: com.android.theme.icon_pack.circular.launcher is allowlisted but not present.
05-04 20:00:37.046  8290  8290 W UserSystemPackageInstaller: com.android.theme.icon_pack.filled.themepicker is allowlisted but not present.
05-04 20:00:37.046  8290  8290 W UserSystemPackageInstaller: com.android.theme.icon_pack.victor.themepicker is allowlisted but not present.
05-04 20:00:37.046  8290  8290 W UserSystemPackageInstaller: com.android.theme.color.orchid is allowlisted but not present.
05-04 20:00:37.046  8290  8290 W UserSystemPackageInstaller: com.android.deskclock is allowlisted but not present.
05-04 20:00:37.046  8290  8290 W UserSystemPackageInstaller: com.android.theme.color.purple is allowlisted but not present.
05-04 20:00:37.046  8290  8290 W UserSystemPackageInstaller: com.android.theme.icon_pack.sam.themepicker is allowlisted but not present.
05-04 20:00:37.046  8290  8290 W UserSystemPackageInstaller: com.android.wallpaperpicker is allowlisted but not present.
05-04 20:00:37.046  8290  8290 W UserSystemPackageInstaller: com.android.theme.icon.roundedrect is allowlisted but not present.
05-04 20:00:37.046  8290  8290 W UserSystemPackageInstaller: com.android.internal.systemui.navbar.gestural_narrow_back is allowlisted but not present.
05-04 20:00:37.047  8290  8290 W UserSystemPackageInstaller: com.android.theme.icon_pack.rounded.settings is allowlisted but not present.
05-04 20:00:37.047  8290  8290 W UserSystemPackageInstaller: com.android.theme.icon_pack.circular.android is allowlisted but not present.
05-04 20:00:37.052  8290  8465 W PackageManager: Skipping preparing app data for com.google.android.extservices
05-04 20:00:37.053  8290  8465 W PackageManager: Skipping preparing app data for com.android.hardware.rebootescrow
05-04 20:00:37.053  8290  8465 W PackageManager: Skipping preparing app data for com.google.android.sdksandbox
05-04 20:00:37.053  8290  8465 W PackageManager: Skipping preparing app data for com.google.android.bt
05-04 20:00:37.053  8290  8465 W PackageManager: Skipping preparing app data for com.google.android.healthfitness
05-04 20:00:37.053  8290  8465 W PackageManager: Skipping preparing app data for com.google.android.ipsec
05-04 20:00:37.053  8290  8465 W PackageManager: Skipping preparing app data for com.google.android.media
05-04 20:00:37.054  8290  8465 W PackageManager: Skipping preparing app data for com.google.android.uprobestats
05-04 20:00:37.054  8290  8465 W PackageManager: Skipping preparing app data for com.android.i18n
05-04 20:00:37.054  8290  8465 W PackageManager: Skipping preparing app data for com.android.virt
05-04 20:00:37.054  8290  8465 W PackageManager: Skipping preparing app data for com.android.hardware.contexthub
05-04 20:00:37.054  8290  8465 W PackageManager: Skipping preparing app data for com.google.android.nfcservices
05-04 20:00:37.054  8290  8465 W PackageManager: Skipping preparing app data for com.android.hardware.dumpstate
05-04 20:00:37.054  8290  8465 W PackageManager: Skipping preparing app data for com.google.android.appsearch
05-04 20:00:37.054  8290  8465 W PackageManager: Skipping preparing app data for com.google.android.configinfrastructure
05-04 20:00:37.055  8290  8465 W PackageManager: Skipping preparing app data for com.android.devicelock
05-04 20:00:37.055  8290  8465 W PackageManager: Skipping preparing app data for com.google.android.cellbroadcast
05-04 20:00:37.055  8290  8465 W PackageManager: Skipping preparing app data for com.android.apex.cts.shim
05-04 20:00:37.055  8290  8465 W PackageManager: Skipping preparing app data for com.android.compos
05-04 20:00:37.055  8290  8465 W PackageManager: Skipping preparing app data for com.android.hardware.gatekeeper
05-04 20:00:37.055  8290  8465 W PackageManager: Skipping preparing app data for com.google.android.resolv
05-04 20:00:37.055  8290  8465 W PackageManager: Skipping preparing app data for com.google.android.sdkext
05-04 20:00:37.055  8290  8465 W PackageManager: Skipping preparing app data for com.google.android.art
05-04 20:00:37.055  8290  8465 W PackageManager: Skipping preparing app data for com.google.android.uwb
05-04 20:00:37.056  8290  8465 W PackageManager: Skipping preparing app data for com.google.android.runtime
05-04 20:00:37.056  8290  8465 W PackageManager: Skipping preparing app data for com.android.hardware.cas
05-04 20:00:37.056  8290  8465 W PackageManager: Skipping preparing app data for com.android.hardware.uwb
05-04 20:00:37.056  8290  8465 W PackageManager: Skipping preparing app data for com.google.android.adservices
05-04 20:00:37.057  8290  8465 W PackageManager: Skipping preparing app data for com.google.android.crashrecovery
05-04 20:00:37.057  8290  8465 W PackageManager: Skipping preparing app data for com.google.android.scheduling
05-04 20:00:37.057  8290  8465 W PackageManager: Skipping preparing app data for com.android.hardware.thermal
05-04 20:00:37.057  8290  8465 W PackageManager: Skipping preparing app data for com.google.android.mediaprovider
05-04 20:00:37.057  8290  8465 W PackageManager: Skipping preparing app data for com.android.hardware.neuralnetworks
05-04 20:00:37.057  8290  8465 W PackageManager: Skipping preparing app data for com.google.android.permission
05-04 20:00:37.057  8290  8465 W PackageManager: Skipping preparing app data for com.google.android.profiling
05-04 20:00:37.058  8290  8465 W PackageManager: Skipping preparing app data for com.google.android.neuralnetworks
05-04 20:00:37.058  8290  8465 W PackageManager: Skipping preparing app data for com.google.android.tethering
05-04 20:00:37.058  8290  8465 W PackageManager: Skipping preparing app data for com.google.android.adbd
05-04 20:00:37.058  8290  8465 W PackageManager: Skipping preparing app data for com.google.android.rkpd
05-04 20:00:37.058  8290  8465 W PackageManager: Skipping preparing app data for com.google.android.wifi
05-04 20:00:37.058  8290  8465 W PackageManager: Skipping preparing app data for com.google.android.conscrypt
05-04 20:00:37.059  8290  8465 W PackageManager: Skipping preparing app data for com.android.hardware.vibrator
05-04 20:00:37.145  8290  8290 I Watchdog: Resuming HandlerChecker: main thread for reason: packagemanagermain. Pause count: 0
05-04 20:00:37.146  8290  8290 D SystemServerTiming: DexUseManagerLocal
05-04 20:00:37.380  8149  8149 W ServiceManagerCppClient: Waited one second for activity (is service started? Number of threads started in the threadpool: 16. Are binder threads started and available?)
05-04 20:00:37.564   224  8477 W libc    : Unable to set property "ctl.interface_start" to "aidl/activity": PROP_ERROR_HANDLE_CONTROL_MESSAGE (0x20)
05-04 20:00:37.614   616   616 W cutils  : Expected path /data/user_de/0/com.google.android.gms with mode 700 but found 711
05-04 20:00:37.763   476  7859 E SensorsMultiHal: Dropping 1 events after blockingWrite failed (is system_server running?).
05-04 20:00:38.418  8149  8149 W ServiceManagerCppClient: Waited one second for activity (is service started? Number of threads started in the threadpool: 16. Are binder threads started and available?)
05-04 20:00:38.601   224  8478 W libc    : Unable to set property "ctl.interface_start" to "aidl/activity": PROP_ERROR_HANDLE_CONTROL_MESSAGE (0x20)
05-04 20:00:38.992  8290  8290 D nativeloader: Load libartservice.so using class loader ns clns-shared-9 (caller=/apex/com.android.art/javalib/service-art.jar): ok
05-04 20:00:39.272  8290  8290 D SystemServerTiming: StartOtaDexOptService
05-04 20:00:39.274  8290  8290 I Watchdog: Pausing HandlerChecker: main thread for reason: moveab. Pause count: 1
05-04 20:00:39.445  8290  8465 I PackageManager: Deferred reconcileAppsData finished 272 packages
05-04 20:00:39.503  8149  8149 W ServiceManagerCppClient: Waited one second for activity (is service started? Number of threads started in the threadpool: 16. Are binder threads started and available?)
05-04 20:00:39.720  8290  8290 D OTADexopt: No upgrade, skipping A/B artifacts check.
05-04 20:00:39.721  8290  8290 I Watchdog: Resuming HandlerChecker: main thread for reason: moveab. Pause count: 0
05-04 20:00:39.777  8290  8290 D SystemServerTiming: StartUserManagerService
05-04 20:00:39.777  8290  8290 I SystemServiceManager: Starting com.android.server.pm.UserManagerService$LifeCycle
05-04 20:00:39.831   224  8479 W libc    : Unable to set property "ctl.interface_start" to "aidl/activity": PROP_ERROR_HANDLE_CONTROL_MESSAGE (0x20)
05-04 20:00:39.996  8290  8290 W SystemServiceManager: Service com.android.server.pm.UserManagerService$LifeCycle took 217 ms in onStart
05-04 20:00:40.031  8290  8290 D SystemServerTiming: InitAttributerCache
05-04 20:00:40.075  8290  8290 D SystemServerTiming: SetSystemProcess
05-04 20:00:40.795  8290  8306 V LegacyHistoricalRegistry: Interaction before persistence initialized
05-04 20:00:41.747   224  8483 W libc    : Unable to set property "ctl.interface_start" to "aidl/sensor_privacy": PROP_ERROR_HANDLE_CONTROL_MESSAGE (0x20)
05-04 20:00:42.472  8482  8482 W dumpsys : Thread Pool max thread count is 0. Cannot cache binder as linkToDeath cannot be implemented. serviceName: package
05-04 20:00:42.776   476  7859 E SensorsMultiHal: Dropping 1 events after blockingWrite failed (is system_server running?).
05-04 20:00:43.221  8290  8290 D ActivityManager: StatsPullAtomService not ready yet
05-04 20:00:43.283  8290  8290 D OomAdjuster: Not killing cached processes
05-04 20:00:43.458  8290  8337 I ActivityManager: Connection with lmkd established
05-04 20:00:43.459  8149  8149 W ServiceManagerCppClient: Waited one second for sensor_privacy (is service started? Number of threads started in the threadpool: 16. Are binder threads started and available?)
05-04 20:00:43.514   218   218 I lowmemorykiller: lmkd data connection established
05-04 20:00:43.608   224  8486 W libc    : Unable to set property "ctl.interface_start" to "aidl/sensor_privacy": PROP_ERROR_HANDLE_CONTROL_MESSAGE (0x20)
05-04 20:00:43.782  8290  8290 D ActivityManager: StatsPullAtomService not ready yet
05-04 20:00:43.871  8290  8331 W ContentProviderHelper: Slow operation: 87ms so far, now at getContentProviderImpl: getProviderByName
05-04 20:00:43.872  8290  8331 W ContentProviderHelper: Slow operation: 88ms so far, now at getContentProviderImpl: before resolveContentProvider
05-04 20:00:43.875  8290  8331 W ContentProviderHelper: Slow operation: 91ms so far, now at getContentProviderImpl: after resolveContentProvider
05-04 20:00:43.875  8290  8331 W ContentProviderHelper: Slow operation: 91ms so far, now at getContentProviderImpl: got app info for user
05-04 20:00:43.876  8290  8331 W ContentProviderHelper: Slow operation: 93ms so far, now at getContentProviderImpl: before checkContentProviderPermission
05-04 20:00:43.877  8290  8331 W ContentProviderHelper: Slow operation: 93ms so far, now at getContentProviderImpl: after checkContentProviderPermission
05-04 20:00:44.368  8290  8290 D SystemServerTiming: InitWatchdog
05-04 20:00:44.412  8290  8290 D SystemServerTiming: StartOverlayManagerService
05-04 20:00:44.593  8149  8149 W ServiceManagerCppClient: Waited one second for sensor_privacy (is service started? Number of threads started in the threadpool: 16. Are binder threads started and available?)
05-04 20:00:44.785   224  8489 W libc    : Unable to set property "ctl.interface_start" to "aidl/sensor_privacy": PROP_ERROR_HANDLE_CONTROL_MESSAGE (0x20)
05-04 20:00:45.024  8290  8290 I OverlayManager: Updating overlays for starting user 0
05-04 20:00:45.676  8149  8149 W ServiceManagerCppClient: Waited one second for sensor_privacy (is service started? Number of threads started in the threadpool: 16. Are binder threads started and available?)
05-04 20:00:45.722   224  8491 W libc    : Unable to set property "ctl.interface_start" to "aidl/sensor_privacy": PROP_ERROR_HANDLE_CONTROL_MESSAGE (0x20)
05-04 20:00:46.003  8490  8490 I idmap2d : Starting
05-04 20:00:46.012  8490  8490 W idmap2d : Thread Pool max thread count is 0. Cannot cache binder as linkToDeath cannot be implemented. serviceName: idmap
05-04 20:00:46.399  8490  8492 W idmap2d : failed to parse idmap header of '/data/resource-cache/product@overlay@ManagedProvisioning__sdk_gphone64_x86_64__auto_generated_rro_product.apk@idmap'
05-04 20:00:46.700  8290  8300 I system_server: Background concurrent mark compact GC freed 10MB AllocSpace bytes, 39(3780KB) LOS objects, 50% free, 15MB/30MB, paused 114.669ms,280.623ms total 12.120s
05-04 20:00:46.739  8149  8149 W ServiceManagerCppClient: Waited one second for sensor_privacy (is service started? Number of threads started in the threadpool: 16. Are binder threads started and available?)
05-04 20:00:46.781  5537  5584 D BootAnimation: Playing files = /product/media/bootanimation.zip/part3, Requested repeat = 0, playUntilComplete = false
05-04 20:00:46.817   224  8493 W libc    : Unable to set property "ctl.interface_start" to "aidl/sensor_privacy": PROP_ERROR_HANDLE_CONTROL_MESSAGE (0x20)
05-04 20:00:46.920  8490  8492 W idmap2d : failed to find resource 'array/vendor_required_apps_managed_device'
05-04 20:00:47.924   476  7859 E SensorsMultiHal: Dropping 1 events after blockingWrite failed (is system_server running?).
05-04 20:00:47.924  8149  8149 W ServiceManagerCppClient: Waited one second for sensor_privacy (is service started? Number of threads started in the threadpool: 16. Are binder threads started and available?)
05-04 20:00:47.925  8490  8492 W idmap2d : failed to find resource 'array/vendor_required_apps_managed_profile'
05-04 20:00:47.926  8490  8492 W idmap2d : failed to find resource 'array/vendor_required_apps_managed_user'
05-04 20:00:47.926  8490  8492 E idmap2d : no resources were overlaid
05-04 20:00:47.937   224  8494 W libc    : Unable to set property "ctl.interface_start" to "aidl/sensor_privacy": PROP_ERROR_HANDLE_CONTROL_MESSAGE (0x20)
05-04 20:00:47.948  8490  8492 W idmap2d : failed to parse idmap header of '/data/resource-cache/product@overlay@TelephonyProvider__emulator__auto_generated_characteristics_rro.apk@idmap'
05-04 20:00:47.955  8490  8492 E idmap2d : failed to retrieve loaded package at index 0 for '/product/overlay/TelephonyProvider__emulator__auto_generated_characteristics_rro.apk' -> failed to generate resource map for '/product/overlay/TelephonyProvider__emulator__auto_generated_characteristics_rro.apk'
05-04 20:00:48.005  8490  8492 W idmap2d : failed to parse idmap header of '/data/resource-cache/product@overlay@TeleService__emulator__auto_generated_characteristics_rro.apk@idmap'
05-04 20:00:48.007  8490  8492 E idmap2d : failed to retrieve loaded package at index 0 for '/product/overlay/TeleService__emulator__auto_generated_characteristics_rro.apk' -> failed to generate resource map for '/product/overlay/TeleService__emulator__auto_generated_characteristics_rro.apk'
05-04 20:00:48.080  8490  8492 W idmap2d : failed to parse idmap header of '/data/resource-cache/product@overlay@CompanionDeviceManager__emulator__auto_generated_characteristics_rro.apk@idmap'
05-04 20:00:48.105  8490  8492 E idmap2d : failed to retrieve loaded package at index 0 for '/product/overlay/CompanionDeviceManager__emulator__auto_generated_characteristics_rro.apk' -> failed to generate resource map for '/product/overlay/CompanionDeviceManager__emulator__auto_generated_characteristics_rro.apk'
05-04 20:00:48.239  8290  8290 D SystemServerTiming: StartResourcesManagerService
05-04 20:00:48.245  8290  8290 D SystemServerTiming: StartSensorPrivacyService
05-04 20:00:48.260  8290  8317 V Configuration: Updating configuration, locales updated from [] to [en_US]
05-04 20:00:48.262  8290  8317 I system_server: AssetManager2(0x7e804a5de3f8) locale list changing from [] to [en-US]
05-04 20:00:48.428  8290  8317 W ActivityTaskManager: Skip updateConfiguration because mWindowManager isn't set
05-04 20:00:48.431  8290  8317 I ProtoLogImpl: Setting up ProtoLogImpl with viewerConfigPath = /etc/core.protolog.pb
05-04 20:00:48.497  8290  8317 W BroadcastLoopers: Found previously unknown looper Thread[android.fg,5,main]
05-04 20:00:48.659  8290  8317 W Looper  : Slow dispatch took 400ms android.fg app=system_server main=false group=FOREGROUND h=android.os.Handler c=com.android.server.om.OverlayManagerService$$ExternalSyntheticLambda1@100abec m=0
05-04 20:00:48.716  8290  8290 W SystemServiceManager: Service com.android.server.sensorprivacy.SensorPrivacyService took 122 ms in onStart
05-04 20:00:48.716  8290  8290 D SystemServerTiming: StartSensorService
05-04 20:00:48.717  8290  8290 I SystemServiceManager: Starting com.android.server.sensors.SensorService
05-04 20:00:48.863  8290  8290 D SystemServerTiming: startCoreServices
05-04 20:00:48.863  8290  8290 D SystemServerTiming: StartSystemConfigService
05-04 20:00:48.863  8290  8290 I SystemServiceManager: Starting com.android.server.SystemConfigService
05-04 20:00:48.871  8290  8497 D SystemServerTimingAsync: InitThreadPoolExec:StartNativeSensorService
05-04 20:00:48.871  8290  8497 D SystemServerTimingAsync: StartNativeSensorService
05-04 20:00:48.872  8290  8497 D SensorService: nuSensorService starting...
05-04 20:00:48.873  8290  8290 D SystemServerTiming: StartBatteryService
05-04 20:00:48.873  8290  8290 I SystemServiceManager: Starting com.android.server.BatteryService
05-04 20:00:49.047  8149  8149 D audioserver: main: AudioPolicy created
05-04 20:00:49.048  8149  8149 D AudioSystem: onNewService: media.audio_policy service obtained 0x7e0d3c8290d0
05-04 20:00:49.085   618  6110 W AudioAnalytics: onAudioServerStart: (key=audio.policy) AudioPolicy ctor after uncaught failure, mStartCount:8 mStopCount:7 uptimeMs:161545.890625 loadTimeMs:161478.796875
05-04 20:00:49.113  8149  8149 D audioserver: main: Do not init aaudio service, status 0, policy info size 1
05-04 20:00:49.114  8149  8149 I audioserver: main: initialization done in 161769.469 ms, joining thread pool
05-04 20:00:49.171  8290  8497 W system_server: AIBinder_linkToDeath is being called with a non-null cookie and no onUnlink callback set. This might not be intended. AIBinder_DeathRecipient_setOnUnlinked should be called first.
05-04 20:00:49.228  8290  8497 W SensorService: Goldfish 3-axis Accelerometer's max range 39.299999237061 is not a multiple of the resolution 0.000248015887 - updated to 39.300102233887
05-04 20:00:49.228  8290  8497 I SensorService: Goldfish Ambient Temperature sensor's reported power 0.000000 invalid, clamped to 0.001000
05-04 20:00:49.228  8290  8497 W SensorService: Goldfish 3-axis Accelerometer Uncalibrated's max range 39.299999237061 is not a multiple of the resolution 0.000248015887 - updated to 39.300102233887
05-04 20:00:49.333  8290  8290 I HealthServiceWrapperAidl: health: HealthServiceWrapper listening to AIDL HAL
05-04 20:00:49.334  8290  8290 I BatteryService: health: Waited 0ms and received the update.
05-04 20:00:49.386  8290  8290 W SystemServiceManager: Service com.android.server.BatteryService took 475 ms in onStart
05-04 20:00:49.390  8290  8290 D SystemServerTiming: StartUsageService
05-04 20:00:49.390  8290  8290 I SystemServiceManager: Starting com.android.server.usage.UsageStatsService
05-04 20:00:49.605  8290  8504 D SensorService: nuSensorService thread starting...
05-04 20:00:49.607  8290  8503 D SensorService: new thread SensorEventAckReceiver
05-04 20:00:49.635  8290  8497 V LegacyHistoricalRegistry: Interaction before persistence initialized
05-04 20:00:49.635  8290  8290 W SystemServiceManager: Service com.android.server.usage.UsageStatsService took 243 ms in onStart
05-04 20:00:49.636  8290  8290 D SystemServerTiming: StartWebViewUpdateService
05-04 20:00:49.636  8290  8290 I SystemServiceManager: Starting com.android.server.webkit.WebViewUpdateService
05-04 20:00:49.872  8290  8290 D SystemServerTiming: StartCachedDeviceStateService
05-04 20:00:49.872  8290  8290 I SystemServiceManager: Starting com.android.server.CachedDeviceStateService
05-04 20:00:49.873  8290  8290 D SystemServerTiming: StartBinderCallsStatsService
05-04 20:00:49.873  8290  8290 I SystemServiceManager: Starting com.android.server.BinderCallsStatsService$LifeCycle
05-04 20:00:49.879  8290  8290 D SystemServerTiming: StartLooperStatsService
05-04 20:00:49.879  8290  8290 I SystemServiceManager: Starting com.android.server.LooperStatsService$Lifecycle
05-04 20:00:49.881  8290  8290 D SystemServerTiming: StartRollbackManagerService
05-04 20:00:49.881  8290  8290 I SystemServiceManager: Starting com.android.server.rollback.RollbackManagerService
05-04 20:00:49.915   616   616 D installd: Found quota mount /dev/block/dm-55 at /data
05-04 20:00:49.919   616   616 D installd: Found quota mount /dev/block/dm-55 at /data/user/0
05-04 20:00:49.934  8290  8290 I PackageWatchdog: Syncing state, reason: added new observer
05-04 20:00:49.934  8290  8290 I PackageWatchdog: Not pruning observers, elapsed time: 0ms
05-04 20:00:49.934  8290  8290 I PackageWatchdog: Cancelling state sync, nothing to sync
05-04 20:00:49.938  8290  8344 I PackageWatchdog: Saving observer state to file
05-04 20:00:50.106  8290  8290 W SystemServiceManager: Service com.android.server.rollback.RollbackManagerService took 225 ms in onStart
05-04 20:00:50.107  8290  8290 D SystemServerTiming: StartNativeTombstoneManagerService
05-04 20:00:50.107  8290  8290 I SystemServiceManager: Starting com.android.server.os.NativeTombstoneManagerService
05-04 20:00:50.145  8290  8290 D SystemServerTiming: StartBugreportManagerService
05-04 20:00:50.145  8290  8290 I SystemServiceManager: Starting com.android.server.os.BugreportManagerService
05-04 20:00:50.147  8290  8290 D SystemServerTiming: GpuService
05-04 20:00:50.147  8290  8290 I SystemServiceManager: Starting com.android.server.gpu.GpuService
05-04 20:00:50.147  8290  8290 D SystemServerTiming: StartRemoteProvisioningService
05-04 20:00:50.147  8290  8290 I SystemServiceManager: Starting com.android.server.security.rkp.RemoteProvisioningService
05-04 20:00:50.172  8290  8290 D SystemServerTiming: startOtherServices
05-04 20:00:50.175  8290  8290 D SystemServerTiming: StartKeyAttestationApplicationIdProviderService
05-04 20:00:50.209  8290  8508 D SystemServerTimingAsync: InitThreadPoolExec:SecondaryZygotePreload
05-04 20:00:50.209  8290  8508 I SystemServer: SecondaryZygotePreload
05-04 20:00:50.209  8290  8508 D SystemServerTimingAsync: SecondaryZygotePreload
05-04 20:00:50.209  8290  8290 D SystemServerTiming: StartKeyChainSystemService
05-04 20:00:50.210  8290  8290 I SystemServiceManager: Starting com.android.server.security.KeyChainSystemService
05-04 20:00:50.210  8290  8290 D SystemServerTiming: StartBinaryTransparencyService
05-04 20:00:50.210  8290  8290 I SystemServiceManager: Starting com.android.server.BinaryTransparencyService
05-04 20:00:50.211  8290  8290 I TransparencyService: Started BinaryTransparencyService
05-04 20:00:50.211  8290  8290 D SystemServerTiming: StartSchedulingPolicyService
05-04 20:00:50.213  8290  8308 D SystemServerTimingAsync: InitThreadPoolExec:SchedulingPolicyService.<init>
05-04 20:00:50.214  8290  8290 D SystemServerTiming: StartTelecomLoaderService
05-04 20:00:50.214  8290  8290 I SystemServiceManager: Starting com.android.server.telecom.TelecomLoaderService
05-04 20:00:50.216  8290  8290 D SystemServerTiming: StartTelephonyRegistry
05-04 20:00:50.225  8290  8290 D SystemServerTiming: StartEntropyMixer
05-04 20:00:50.227  8290  8290 I EntropyMixer: Loaded existing seed file
05-04 20:00:50.238  8290  8290 I EntropyMixer: Updated seed file
05-04 20:00:50.242  8290  8290 D SystemServerTiming: StartAccountManagerService
05-04 20:00:50.242  8290  8290 I SystemServiceManager: Starting com.android.server.accounts.AccountManagerService$Lifecycle
05-04 20:00:50.306  8290  8308 I SchedulingPolicyService: Moving 626 back to group default
05-04 20:00:50.458  8290  8290 W SystemServiceManager: Service com.android.server.accounts.AccountManagerService$Lifecycle took 215 ms in onStart
05-04 20:00:50.458  8290  8290 D SystemServerTiming: StartContentService
05-04 20:00:50.458  8290  8290 I SystemServiceManager: Starting com.android.server.content.ContentService$Lifecycle
05-04 20:00:50.460  8290  8290 D SystemServerTiming: InstallSystemProviders
05-04 20:00:50.539  8290  8290 V Configuration: Updating configuration, locales updated from [] to [en_US]
05-04 20:00:50.540  8290  8290 I system_server: AssetManager2(0x7e804a604eb8) locale list changing from [] to [en-US]
05-04 20:00:50.725  8290  8290 D nativeloader: Configuring clns-shared-19 for other apk /system/priv-app/SettingsProvider/SettingsProvider.apk. target_sdk_version=36, uses_libraries=, library_path=/system/priv-app/SettingsProvider/lib/x86_64:/system/priv-app/SettingsProvider/SettingsProvider.apk!/lib/x86_64:/system/lib64:/system_ext/lib64, permitted_path=/data:/mnt/expand:/data/user_de/0/com.android.providers.settings:/system/priv-app/SettingsProvider:/system/lib64:/system_ext/lib64
05-04 20:00:51.490  5537  5584 D BootAnimation: Playing files = /product/media/bootanimation.zip/part3, Requested repeat = 0, playUntilComplete = false
05-04 20:00:51.637  8511  8511 W dumpsys : Thread Pool max thread count is 0. Cannot cache binder as linkToDeath cannot be implemented. serviceName: package
05-04 20:00:54.985  8290  8290 E SettingsState: invalid override flag name device_personalization_services/Captions__ec_vocal_burst_v2_thresholds
05-04 20:00:54.986  8290  8290 E SettingsState: invalid override flag name adservices/fledge_custom_audience_max_ads_size_b
05-04 20:00:54.986  8290  8290 E SettingsState: invalid override flag name privacy/max_safety_labels_persisted_per_app
05-04 20:00:54.986  8290  8290 E SettingsState: invalid override flag name adservices/enable_tablet_region_fix
05-04 20:00:54.986  8290  8290 E SettingsState: invalid override flag name device_personalization_services/NowPlaying__ambient_music_get_model_state_cooldown_seconds_cloud_search
05-04 20:00:54.986  8290  8290 E SettingsState: invalid override flag name device_personalization_services/Captions__enable_ec_v2_integration
05-04 20:00:54.986  8290  8290 E SettingsState: invalid override flag name adservices/topics_disable_direct_app_calls
05-04 20:00:54.986  8290  8290 E SettingsState: invalid override flag name adservices/app_name_api_error_cobalt_logging_enabled
