05-04 20:01:02.248  8290  8290 D SystemServerTiming: OnBootPhase_200_com.android.server.accounts.AccountManagerService$Lifecycle
05-04 20:01:02.248  8290  8290 D SystemServerTiming: OnBootPhase_200_com.android.server.content.ContentService$Lifecycle
05-04 20:01:02.248  8290  8290 D SystemServerTiming: OnBootPhase_200_com.android.server.deviceconfig.DeviceConfigInit$Lifecycle
05-04 20:01:02.248  8290  8290 D SystemServerTiming: OnBootPhase_200_com.android.server.DropBoxManagerService
05-04 20:01:02.248  8290  8290 D SystemServerTiming: OnBootPhase_200_com.android.ecm.EnhancedConfirmationService
05-04 20:01:02.248  8290  8290 D SystemServerTiming: OnBootPhase_200_com.android.server.power.hint.HintManagerService
05-04 20:01:02.248  8290  8290 D SystemServerTiming: OnBootPhase_200_com.android.role.RoleService
05-04 20:01:02.248  8290  8290 D SystemServerTiming: OnBootPhase_200_com.android.server.supervision.SupervisionService$Lifecycle
05-04 20:01:02.248  8290  8290 D SystemServerTiming: OnBootPhase_200_com.android.server.vibrator.VibratorManagerService$Lifecycle
05-04 20:01:02.248  8290  8290 D SystemServerTiming: OnBootPhase_200_com.android.server.alarm.AlarmManagerService
05-04 20:01:02.248  8290  8290 D SystemServerTiming: OnBootPhase_200_com.android.server.input.InputManagerService$Lifecycle
05-04 20:01:02.249  8290  8290 D SystemServerTiming: OnBootPhase_200_com.android.server.devicestate.DeviceStateManagerService
05-04 20:01:02.249  8290  8290 D SystemServerTiming: OnBootPhase_200_com.android.server.camera.CameraServiceProxy
05-04 20:01:02.368  8290  8290 I WindowManager: No existing display settings, starting empty
05-04 20:01:02.548  8290  8290 I WindowManager: No existing display settings, starting empty
05-04 20:01:02.873  5537  5584 D BootAnimation: Playing files = /product/media/bootanimation.zip/part3, Requested repeat = 0, playUntilComplete = false
05-04 20:01:04.920  8290  8317 W Looper  : Slow delivery took 220ms android.fg app=system_server main=false group=FOREGROUND h=android.os.Handler c=com.android.server.power.ThermalManagerService$$ExternalSyntheticLambda1@123ea53 m=0
05-04 20:01:05.366  8290  8290 D SystemServerTiming: SetWindowManagerService
05-04 20:01:05.649  8290  8290 V Configuration: Updating configuration, locales updated from [] to [en_US]
05-04 20:01:05.728  8290  8290 V DisplayManagerService: FrozenStateChangeCallback not supported for pid 8290
05-04 20:01:06.958  8290  8481 W FastPrintWriter: Write failure
05-04 20:01:06.958  8290  8481 W FastPrintWriter: java.io.IOException: write failed: EPIPE (Broken pipe)
05-04 20:01:06.958  8290  8481 W FastPrintWriter: 	at libcore.io.IoBridge.write(IoBridge.java:651)
05-04 20:01:06.958  8290  8481 W FastPrintWriter: 	at java.io.FileOutputStream.write(FileOutputStream.java:436)
05-04 20:01:06.958  8290  8481 W FastPrintWriter: 	at com.android.internal.util.FastPrintWriter.flushBytesLocked(FastPrintWriter.java:355)
05-04 20:01:06.958  8290  8481 W FastPrintWriter: 	at com.android.internal.util.FastPrintWriter.flushLocked(FastPrintWriter.java:378)
05-04 20:01:06.958  8290  8481 W FastPrintWriter: 	at com.android.internal.util.FastPrintWriter.appendLocked(FastPrintWriter.java:323)
05-04 20:01:06.958  8290  8481 W FastPrintWriter: 	at com.android.internal.util.FastPrintWriter.print(FastPrintWriter.java:500)
05-04 20:01:06.958  8290  8481 W FastPrintWriter: 	at java.io.PrintWriter.println(PrintWriter.java:822)
05-04 20:01:06.958  8290  8481 W FastPrintWriter: 	at android.util.PrintWriterPrinter.println(PrintWriterPrinter.java:39)
05-04 20:01:06.958  8290  8481 W FastPrintWriter: 	at android.content.IntentFilter.dump(IntentFilter.java:2822)
05-04 20:01:06.958  8290  8481 W FastPrintWriter: 	at com.android.server.IntentResolver.dumpMap(IntentResolver.java:251)
05-04 20:01:06.958  8290  8481 W FastPrintWriter: 	at com.android.server.IntentResolver.dump(IntentResolver.java:305)
05-04 20:01:06.958  8290  8481 W FastPrintWriter: 	at com.android.server.pm.resolution.ComponentResolverBase.dumpServiceResolvers(ComponentResolverBase.java:349)
05-04 20:01:06.958  8290  8481 W FastPrintWriter: 	at com.android.server.pm.DumpHelper.doDump(DumpHelper.java:422)
05-04 20:01:06.958  8290  8481 W FastPrintWriter: 	at com.android.server.pm.PackageManagerService$IPackageManagerImpl.dump(PackageManagerService.java:6720)
05-04 20:01:06.958  8290  8481 W FastPrintWriter: 	at android.os.Binder.doDump(Binder.java:1072)
05-04 20:01:06.958  8290  8481 W FastPrintWriter: 	at android.os.Binder.dump(Binder.java:1062)
05-04 20:01:06.958  8290  8481 W FastPrintWriter: 	at android.os.Binder.onTransact(Binder.java:932)
05-04 20:01:06.958  8290  8481 W FastPrintWriter: 	at android.content.pm.IPackageManager$Stub.onTransact(IPackageManager.java:4729)
05-04 20:01:06.958  8290  8481 W FastPrintWriter: 	at com.android.server.pm.PackageManagerService$IPackageManagerImpl.onTransact(PackageManagerService.java:6668)
05-04 20:01:06.958  8290  8481 W FastPrintWriter: 	at android.os.Binder.execTransactInternal(Binder.java:1426)
05-04 20:01:06.958  8290  8481 W FastPrintWriter: 	at android.os.Binder.execTransact(Binder.java:1365)
05-04 20:01:06.958  8290  8481 W FastPrintWriter: Caused by: android.system.ErrnoException: write failed: EPIPE (Broken pipe)
05-04 20:01:06.958  8290  8481 W FastPrintWriter: 	at libcore.io.Linux.writeBytes(Native Method)
05-04 20:01:06.958  8290  8481 W FastPrintWriter: 	at libcore.io.Linux.write(Linux.java:336)
05-04 20:01:06.958  8290  8481 W FastPrintWriter: 	at libcore.io.ForwardingOs.write(ForwardingOs.java:948)
05-04 20:01:06.958  8290  8481 W FastPrintWriter: 	at libcore.io.BlockGuardOs.write(BlockGuardOs.java:448)
05-04 20:01:06.958  8290  8481 W FastPrintWriter: 	at libcore.io.IoBridge.write(IoBridge.java:646)
05-04 20:01:06.958  8290  8481 W FastPrintWriter: 	... 20 more
05-04 20:01:07.498   281   281 I tombstoned: intercept for pid 8290 and type kDebuggerdJavaBacktrace terminated: due to timeout
05-04 20:01:08.204  8290  8290 W watchdog: type=1400 audit(0.0:143): avc:  denied  { read } for  name="transactions" dev="binder" ino=1048587 scontext=u:r:system_server:s0 tcontext=u:object_r:binderfs_logs_transactions:s0 tclass=file permissive=0
05-04 20:01:07.751  8290  8323 E system_server: libdebuggerd_client: failed to read status response from tombstoned: timeout reached?
05-04 20:01:08.183  8290  8323 W ActivityManager: Dumping Java threads failed, initiating native stack dump.
05-04 20:01:08.224  8290  8323 E system_server: Could not open /dev/binderfs/binder_logs/transactions. Likely a permissions issue. errno: 2
05-04 20:01:08.224  8290  8323 E android.os.Debug: Failed to get binder state info for pid: 8290 status: -2: No such file or directory
05-04 20:01:08.349  8290  8323 I system_server: libdebuggerd_client: started dumping process 8290
05-04 20:01:08.470   281   281 I tombstoned: received crash request for pid 8290
05-04 20:01:08.502  8290  8290 D DesktopModeFlags: Toggle override initialized to: OVERRIDE_UNSET
05-04 20:01:08.697   281   281 I tombstoned: registered intercept for pid 8290 and type kDebuggerdNativeBacktrace
05-04 20:01:08.699   281   281 E tombstoned: Traces for pid 8290 written to: trace_25
05-04 20:01:08.699  8290  8296 I system_server: Wrote stack traces to tombstoned
05-04 20:01:08.701  8290  8296 I libc    : Requested dump for pid 8290 (system_server)
05-04 20:01:10.456  8290  8323 E system_server: libdebuggerd_client: failed to read status response from tombstoned: Try again
05-04 20:01:10.500   281   281 I tombstoned: intercept for pid 8290 and type kDebuggerdNativeBacktrace terminated: due to input
05-04 20:01:10.643  8290  8323 W ActivityManager: Native stack dump failed!
05-04 20:01:10.682  8290  8323 I ActivityManager: dumpStackTraces nativepids=[513, 457, 523, 524, 465, 529, 468, 469, 8149, 8150, 471, 8151, 8152, 473, 8154, 603, 476, 480, 224, 481, 482, 489, 617, 618, 239, 626, 499, 504, 248, 505, 250, 510]
05-04 20:01:10.683  8290  8323 I ActivityManager: Collecting stacks for native pid 513
05-04 20:01:10.786  8290  8323 E system_server: Could not open /dev/binderfs/binder_logs/transactions. Likely a permissions issue. errno: 2
05-04 20:01:10.786  8290  8323 E android.os.Debug: Failed to get binder state info for pid: 513 status: -2: No such file or directory
05-04 20:01:10.794  8290  8323 I system_server: libdebuggerd_client: started dumping process 513
05-04 20:01:10.780  8290  8290 W watchdog: type=1400 audit(0.0:144): avc:  denied  { read } for  name="transactions" dev="binder" ino=1048587 scontext=u:r:system_server:s0 tcontext=u:object_r:binderfs_logs_transactions:s0 tclass=file permissive=0
05-04 20:01:10.905   281   281 I tombstoned: registered intercept for pid 513 and type kDebuggerdNativeBacktrace
05-04 20:01:10.907   513   513 I libc    : Requested dump for pid 513 (android.hardwar)
05-04 20:01:11.229  5537  5584 D BootAnimation: Playing files = /product/media/bootanimation.zip/part3, Requested repeat = 0, playUntilComplete = false
05-04 20:01:11.468  8537  8537 I crash_dump64: obtaining output fd from tombstoned, type: kDebuggerdNativeBacktrace
05-04 20:01:11.473   281   281 I tombstoned: received crash request for pid 513
05-04 20:01:11.473   281   281 I tombstoned: found intercept fd 512 for pid 513 and type kDebuggerdNativeBacktrace
05-04 20:01:11.473  8537  8537 I crash_dump64: performing dump of process 513 (target tid = 513)
05-04 20:01:11.518   281   281 W tombstoned: skipping tombstone file creation due to intercept
05-04 20:01:11.805  8540  8540 W dumpsys : Thread Pool max thread count is 0. Cannot cache binder as linkToDeath cannot be implemented. serviceName: package
05-04 20:01:11.996  8534  8534 I crash_dump64: obtaining output fd from tombstoned, type: kDebuggerdNativeBacktrace
05-04 20:01:11.998  8290  8323 I system_server: libdebuggerd_client: done dumping process 513
05-04 20:01:12.009   281   281 I tombstoned: received crash request for pid 8290
05-04 20:01:12.009   281   281 E tombstoned: failed to get crash output for type kDebuggerdNativeBacktrace
05-04 20:01:12.010  8534  8534 E libc    : failed to read response to DumpRequest packet: No message of desired type
05-04 20:01:12.010  8534  8534 I crash_dump64: performing dump of process 8290 (target tid = 8290)
05-04 20:01:12.032  8290  8323 I ActivityManager: Collecting stacks for native pid 457
05-04 20:01:12.035  8290  8323 E system_server: Could not open /dev/binderfs/binder_logs/transactions. Likely a permissions issue. errno: 2
05-04 20:01:12.036  8290  8323 E android.os.Debug: Failed to get binder state info for pid: 457 status: -2: No such file or directory
05-04 20:01:12.028  8290  8290 W watchdog: type=1400 audit(0.0:145): avc:  denied  { read } for  name="transactions" dev="binder" ino=1048587 scontext=u:r:system_server:s0 tcontext=u:object_r:binderfs_logs_transactions:s0 tclass=file permissive=0
05-04 20:01:12.040  8290  8323 I system_server: libdebuggerd_client: started dumping process 457
05-04 20:01:12.043   281   281 I tombstoned: registered intercept for pid 457 and type kDebuggerdNativeBacktrace
05-04 20:01:12.045   457   457 I libc    : Requested dump for pid 457 (binder:457_2)
05-04 20:01:13.210  8548  8548 I crash_dump64: obtaining output fd from tombstoned, type: kDebuggerdNativeBacktrace
05-04 20:01:13.269   281   281 I tombstoned: received crash request for pid 457
05-04 20:01:13.269   281   281 I tombstoned: found intercept fd 512 for pid 457 and type kDebuggerdNativeBacktrace
05-04 20:01:13.283  8548  8548 I crash_dump64: performing dump of process 457 (target tid = 457)
05-04 20:01:13.624  8290  8290 I CameraManagerGlobal: Connecting to camera service
05-04 20:01:14.275   281   281 W tombstoned: skipping tombstone file creation due to intercept
05-04 20:01:14.750  8290  8323 E system_server: libdebuggerd_client: timeout expired before poll
05-04 20:01:15.424  8290  8323 I ActivityManager: Collecting stacks for native pid 523
05-04 20:01:15.430  8290  8323 E system_server: Could not open /dev/binderfs/binder_logs/transactions. Likely a permissions issue. errno: 2
05-04 20:01:15.430  8290  8323 E android.os.Debug: Failed to get binder state info for pid: 523 status: -2: No such file or directory
05-04 20:01:15.420  8290  8290 W watchdog: type=1400 audit(0.0:146): avc:  denied  { read } for  name="transactions" dev="binder" ino=1048587 scontext=u:r:system_server:s0 tcontext=u:object_r:binderfs_logs_transactions:s0 tclass=file permissive=0
05-04 20:01:15.454  8290  8323 I system_server: libdebuggerd_client: started dumping process 523
05-04 20:01:15.463   281   281 I tombstoned: registered intercept for pid 523 and type kDebuggerdNativeBacktrace
05-04 20:01:15.467   523   523 I libc    : Requested dump for pid 523 (android.hardwar)
05-04 20:01:15.615  8553  8553 I crash_dump64: obtaining output fd from tombstoned, type: kDebuggerdNativeBacktrace
05-04 20:01:15.652   281   281 I tombstoned: received crash request for pid 523
05-04 20:01:15.652   281   281 I tombstoned: found intercept fd 512 for pid 523 and type kDebuggerdNativeBacktrace
05-04 20:01:15.707  8553  8553 I crash_dump64: performing dump of process 523 (target tid = 523)
05-04 20:01:15.812   281   281 W tombstoned: skipping tombstone file creation due to intercept
05-04 20:01:15.816  8290  8323 I system_server: libdebuggerd_client: done dumping process 523
05-04 20:01:15.876  8290  8323 I ActivityManager: Collecting stacks for native pid 524
05-04 20:01:15.844  8290  8290 W watchdog: type=1400 audit(0.0:147): avc:  denied  { read } for  name="transactions" dev="binder" ino=1048587 scontext=u:r:system_server:s0 tcontext=u:object_r:binderfs_logs_transactions:s0 tclass=file permissive=0
05-04 20:01:15.884  8290  8323 E system_server: Could not open /dev/binderfs/binder_logs/transactions. Likely a permissions issue. errno: 2
05-04 20:01:15.884  8290  8323 E android.os.Debug: Failed to get binder state info for pid: 524 status: -2: No such file or directory
05-04 20:01:16.077  8290  8323 I system_server: libdebuggerd_client: started dumping process 524
05-04 20:01:16.148   281   281 I tombstoned: registered intercept for pid 524 and type kDebuggerdNativeBacktrace
05-04 20:01:16.150   524   524 I libc    : Requested dump for pid 524 (android.hardwar)
05-04 20:01:16.899  8558  8558 I crash_dump64: obtaining output fd from tombstoned, type: kDebuggerdNativeBacktrace
05-04 20:01:17.037   281   281 I tombstoned: received crash request for pid 524
05-04 20:01:17.037   281   281 I tombstoned: found intercept fd 512 for pid 524 and type kDebuggerdNativeBacktrace
05-04 20:01:17.038  8558  8558 I crash_dump64: performing dump of process 524 (target tid = 524)
05-04 20:01:17.101  8290  8305 W FastPrintWriter: Write failure
05-04 20:01:17.101  8290  8305 W FastPrintWriter: java.io.IOException: write failed: EPIPE (Broken pipe)
05-04 20:01:17.101  8290  8305 W FastPrintWriter: 	at libcore.io.IoBridge.write(IoBridge.java:651)
05-04 20:01:17.101  8290  8305 W FastPrintWriter: 	at java.io.FileOutputStream.write(FileOutputStream.java:436)
05-04 20:01:17.101  8290  8305 W FastPrintWriter: 	at com.android.internal.util.FastPrintWriter.flushBytesLocked(FastPrintWriter.java:355)
05-04 20:01:17.101  8290  8305 W FastPrintWriter: 	at com.android.internal.util.FastPrintWriter.flushLocked(FastPrintWriter.java:378)
05-04 20:01:17.101  8290  8305 W FastPrintWriter: 	at com.android.internal.util.FastPrintWriter.appendLocked(FastPrintWriter.java:323)
05-04 20:01:17.101  8290  8305 W FastPrintWriter: 	at com.android.internal.util.FastPrintWriter.print(FastPrintWriter.java:500)
05-04 20:01:17.101  8290  8305 W FastPrintWriter: 	at java.io.PrintWriter.println(PrintWriter.java:822)
05-04 20:01:17.101  8290  8305 W FastPrintWriter: 	at android.util.PrintWriterPrinter.println(PrintWriterPrinter.java:39)
05-04 20:01:17.101  8290  8305 W FastPrintWriter: 	at android.content.IntentFilter.dump(IntentFilter.java:2822)
05-04 20:01:17.101  8290  8305 W FastPrintWriter: 	at com.android.server.IntentResolver.dumpMap(IntentResolver.java:251)
05-04 20:01:17.101  8290  8305 W FastPrintWriter: 	at com.android.server.IntentResolver.dump(IntentResolver.java:305)
05-04 20:01:17.101  8290  8305 W FastPrintWriter: 	at com.android.server.pm.resolution.ComponentResolverBase.dumpReceiverResolvers(ComponentResolverBase.java:339)
05-04 20:01:17.101  8290  8305 W FastPrintWriter: 	at com.android.server.pm.DumpHelper.doDump(DumpHelper.java:418)
05-04 20:01:17.101  8290  8305 W FastPrintWriter: 	at com.android.server.pm.PackageManagerService$IPackageManagerImpl.dump(PackageManagerService.java:6720)
05-04 20:01:17.101  8290  8305 W FastPrintWriter: 	at android.os.Binder.doDump(Binder.java:1072)
05-04 20:01:17.101  8290  8305 W FastPrintWriter: 	at android.os.Binder.dump(Binder.java:1062)
05-04 20:01:17.101  8290  8305 W FastPrintWriter: 	at android.os.Binder.onTransact(Binder.java:932)
05-04 20:01:17.101  8290  8305 W FastPrintWriter: 	at android.content.pm.IPackageManager$Stub.onTransact(IPackageManager.java:4729)
05-04 20:01:17.101  8290  8305 W FastPrintWriter: 	at com.android.server.pm.PackageManagerService$IPackageManagerImpl.onTransact(PackageManagerService.java:6668)
05-04 20:01:17.101  8290  8305 W FastPrintWriter: 	at android.os.Binder.execTransactInternal(Binder.java:1426)
05-04 20:01:17.101  8290  8305 W FastPrintWriter: 	at android.os.Binder.execTransact(Binder.java:1365)
05-04 20:01:17.101  8290  8305 W FastPrintWriter: Caused by: android.system.ErrnoException: write failed: EPIPE (Broken pipe)
05-04 20:01:17.101  8290  8305 W FastPrintWriter: 	at libcore.io.Linux.writeBytes(Native Method)
05-04 20:01:17.101  8290  8305 W FastPrintWriter: 	at libcore.io.Linux.write(Linux.java:336)
05-04 20:01:17.101  8290  8305 W FastPrintWriter: 	at libcore.io.ForwardingOs.write(ForwardingOs.java:948)
05-04 20:01:17.101  8290  8305 W FastPrintWriter: 	at libcore.io.BlockGuardOs.write(BlockGuardOs.java:448)
05-04 20:01:17.101  8290  8305 W FastPrintWriter: 	at libcore.io.IoBridge.write(IoBridge.java:646)
05-04 20:01:17.101  8290  8305 W FastPrintWriter: 	... 20 more
05-04 20:01:17.301   281   281 W tombstoned: skipping tombstone file creation due to intercept
05-04 20:01:17.625  8290  8318 D WindowManager: DeferredDisplayUpdater: applying DisplayInfo(1080 x 2400) immediately
05-04 20:01:17.655  8290  8323 E system_server: libdebuggerd_client: poll timeout expired
05-04 20:01:17.655  8290  8290 D SystemServerTiming: WindowManagerServiceOnInitReady
05-04 20:01:17.897  8290  8323 E ActivityManager: Aborting stack trace dump (current native pid=524); deadline exceeded.
05-04 20:01:18.078  8290  8318 W Looper  : Slow delivery took 472ms android.ui app=system_server main=false group=TOP_APP h=android.os.Handler c=android.hardware.display.DisplayManagerGlobal$DisplayListenerDelegate$$ExternalSyntheticLambda0@a879d05 m=0
05-04 20:01:18.078  8290  8318 W Looper  : Slow dispatch took 2661ms android.ui app=system_server main=false group=TOP_APP h=android.os.Handler c=android.hardware.display.DisplayManagerGlobal$DisplayListenerDelegate$$ExternalSyntheticLambda0@a879d05 m=0
05-04 20:01:18.659  8290  8300 W system_server: Suspending all threads took: 126.234ms
05-04 20:01:21.219  8290  8318 W BroadcastLoopers: Found previously unknown looper Thread[android.ui,5,main]
05-04 20:01:21.334  8290  8318 W Looper  : Slow dispatch took 3204ms android.ui app=system_server main=false group=TOP_APP h=android.os.Handler c=android.os.Handler$BlockingRunnable@52c959a m=0
05-04 20:01:21.365  8290  8290 D SystemServerTiming: StartInputManager
05-04 20:01:21.371  8290  8290 I InputManager: Starting input manager
05-04 20:01:21.373  8290  8465 D SystemServerTimingAsync: InitThreadPoolExec:StartISensorManagerService
05-04 20:01:21.373  8290  8465 D SystemServerTimingAsync: StartISensorManagerService
05-04 20:01:21.389  8290  8497 D SystemServerTimingAsync: InitThreadPoolExec:StartHidlServices
05-04 20:01:21.390  8290  8497 D SystemServerTimingAsync: StartHidlServices
05-04 20:01:21.403   225   225 I hwservicemanager: getTransport: Cannot find entry android.frameworks.schedulerservice@1.0::ISchedulingPolicyService/default in either framework or device VINTF manifest.
05-04 20:01:21.407  8290  8497 W system_server: android.frameworks.schedulerservice@1.0::ISchedulingPolicyService is deprecated. Skipping registration.
05-04 20:01:21.410  8290  8465 I HidlServiceManagement: Registered android.frameworks.sensorservice@1.0::ISensorManager/default
05-04 20:01:21.626  8290  8564 D EventHub: No input device configuration file found for device 'AT Translated Set 2 keyboard'.
05-04 20:01:21.766  8290  8564 I EventHub: usingClockIoctl=true
05-04 20:01:21.778  8290  8290 D SystemServerTiming: DisplayManagerWindowManagerAndInputReady
05-04 20:01:21.805  8290  8564 I EventHub: New device: id=1, fd=222, path='/dev/input/event1', name='AT Translated Set 2 keyboard', classes=KEYBOARD | ALPHAKEY, configuration='', keyLayout='/system/usr/keylayout/Generic.kl', keyCharacterMap='/system/usr/keychars/Generic.kcm', builtinKeyboard=false, 
05-04 20:01:21.807  8290  8564 D EventHub: No input device configuration file found for device 'Power Button'.
05-04 20:01:21.846  8290  8564 W EventHub: Unable to disable kernel key repeat for /dev/input/event0: Function not implemented
05-04 20:01:21.846  8290  8564 I EventHub: usingClockIoctl=true
05-04 20:01:21.846  8290  8564 I EventHub: New device: id=2, fd=223, path='/dev/input/event0', name='Power Button', classes=KEYBOARD, configuration='', keyLayout='/system/usr/keylayout/Generic.kl', keyCharacterMap='/system/usr/keychars/Generic.kcm', builtinKeyboard=false, 
05-04 20:01:21.977  8290  8564 W EventHub: Unable to disable kernel key repeat for /dev/input/event2: Function not implemented
05-04 20:01:21.978  8290  8564 I EventHub: usingClockIoctl=true
05-04 20:01:21.978  8290  8564 I EventHub: New device: id=3, fd=224, path='/dev/input/event2', name='virtio_input_multi_touch_1', classes=KEYBOARD | TOUCH | TOUCH_MT | SWITCH, configuration='', keyLayout='/system/usr/keylayout/Generic.kl', keyCharacterMap='/system/usr/keychars/Generic.kcm', builtinKeyboard=false, 
05-04 20:01:22.027  8290  8564 W EventHub: Unable to disable kernel key repeat for /dev/input/event3: Function not implemented
05-04 20:01:22.027  8290  8564 I EventHub: usingClockIoctl=true
05-04 20:01:22.027  8290  8564 I EventHub: New device: id=4, fd=225, path='/dev/input/event3', name='virtio_input_multi_touch_2', classes=KEYBOARD | TOUCH | TOUCH_MT | SWITCH, configuration='', keyLayout='/system/usr/keylayout/Generic.kl', keyCharacterMap='/system/usr/keychars/Generic.kcm', builtinKeyboard=false, 
05-04 20:01:22.049  8290  8564 W EventHub: Unable to disable kernel key repeat for /dev/input/event4: Function not implemented
05-04 20:01:22.049  8290  8564 I EventHub: usingClockIoctl=true
05-04 20:01:22.049  8290  8564 I EventHub: New device: id=5, fd=226, path='/dev/input/event4', name='virtio_input_multi_touch_3', classes=KEYBOARD | TOUCH | TOUCH_MT | SWITCH, configuration='', keyLayout='/system/usr/keylayout/Generic.kl', keyCharacterMap='/system/usr/keychars/Generic.kcm', builtinKeyboard=false, 
05-04 20:01:22.054  8290  8564 W EventHub: Unable to disable kernel key repeat for /dev/input/event5: Function not implemented
05-04 20:01:22.054  8290  8564 I EventHub: usingClockIoctl=true
05-04 20:01:22.054  8290  8564 I EventHub: New device: id=6, fd=227, path='/dev/input/event5', name='virtio_input_multi_touch_4', classes=KEYBOARD | TOUCH | TOUCH_MT | SWITCH, configuration='', keyLayout='/system/usr/keylayout/Generic.kl', keyCharacterMap='/system/usr/keychars/Generic.kcm', builtinKeyboard=false, 
05-04 20:01:22.168  8290  8564 W EventHub: Unable to disable kernel key repeat for /dev/input/event6: Function not implemented
05-04 20:01:22.168  8290  8564 I EventHub: usingClockIoctl=true
05-04 20:01:22.168  8290  8564 I EventHub: New device: id=7, fd=228, path='/dev/input/event6', name='virtio_input_multi_touch_5', classes=KEYBOARD | TOUCH | TOUCH_MT | SWITCH, configuration='', keyLayout='/system/usr/keylayout/Generic.kl', keyCharacterMap='/system/usr/keychars/Generic.kcm', builtinKeyboard=false, 
05-04 20:01:22.209  8290  8564 W EventHub: Unable to disable kernel key repeat for /dev/input/event7: Function not implemented
05-04 20:01:22.209  8290  8564 I EventHub: usingClockIoctl=true
05-04 20:01:22.209  8290  8564 I EventHub: New device: id=8, fd=229, path='/dev/input/event7', name='virtio_input_multi_touch_6', classes=KEYBOARD | TOUCH | TOUCH_MT | SWITCH, configuration='', keyLayout='/system/usr/keylayout/Generic.kl', keyCharacterMap='/system/usr/keychars/Generic.kcm', builtinKeyboard=false, 
05-04 20:01:22.263  8290  8564 W EventHub: Unable to disable kernel key repeat for /dev/input/event8: Function not implemented
05-04 20:01:22.263  8290  8564 I EventHub: usingClockIoctl=true
05-04 20:01:22.263  8290  8564 I EventHub: New device: id=9, fd=230, path='/dev/input/event8', name='virtio_input_multi_touch_7', classes=KEYBOARD | TOUCH | TOUCH_MT | SWITCH, configuration='', keyLayout='/system/usr/keylayout/Generic.kl', keyCharacterMap='/system/usr/keychars/Generic.kcm', builtinKeyboard=false, 
05-04 20:01:22.267  8290  8564 W EventHub: Unable to disable kernel key repeat for /dev/input/event9: Function not implemented
05-04 20:01:22.267  8290  8564 I EventHub: usingClockIoctl=true
05-04 20:01:22.267  8290  8564 I EventHub: New device: id=10, fd=231, path='/dev/input/event9', name='virtio_input_multi_touch_8', classes=KEYBOARD | TOUCH | TOUCH_MT | SWITCH, configuration='', keyLayout='/system/usr/keylayout/Generic.kl', keyCharacterMap='/system/usr/keychars/Generic.kcm', builtinKeyboard=false, 
05-04 20:01:22.271  8290  8564 W EventHub: Unable to disable kernel key repeat for /dev/input/event10: Function not implemented
05-04 20:01:22.271  8290  8564 I EventHub: usingClockIoctl=true
05-04 20:01:22.271  8290  8564 I EventHub: New device: id=11, fd=232, path='/dev/input/event10', name='virtio_input_multi_touch_9', classes=KEYBOARD | TOUCH | TOUCH_MT | SWITCH, configuration='', keyLayout='/system/usr/keylayout/Generic.kl', keyCharacterMap='/system/usr/keychars/Generic.kcm', builtinKeyboard=false, 
05-04 20:01:22.276  8290  8564 W EventHub: Unable to disable kernel key repeat for /dev/input/event11: Function not implemented
05-04 20:01:22.276  8290  8564 I EventHub: usingClockIoctl=true
05-04 20:01:22.283  8290  8564 I EventHub: New device: id=12, fd=233, path='/dev/input/event11', name='virtio_input_multi_touch_10', classes=KEYBOARD | TOUCH | TOUCH_MT | SWITCH, configuration='', keyLayout='/system/usr/keylayout/Generic.kl', keyCharacterMap='/system/usr/keychars/Generic.kcm', builtinKeyboard=false, 
05-04 20:01:22.359  8290  8564 W EventHub: Unable to disable kernel key repeat for /dev/input/event12: Function not implemented
05-04 20:01:22.359  8290  8564 I EventHub: usingClockIoctl=true
05-04 20:01:22.359  8290  8564 I EventHub: New device: id=13, fd=234, path='/dev/input/event12', name='virtio_input_multi_touch_11', classes=KEYBOARD | TOUCH | TOUCH_MT | SWITCH, configuration='', keyLayout='/system/usr/keylayout/Generic.kl', keyCharacterMap='/system/usr/keychars/Generic.kcm', builtinKeyboard=false, 
05-04 20:01:22.417  8290  8564 I EventHub: usingClockIoctl=true
05-04 20:01:22.417  8290  8564 I EventHub: New device: id=14, fd=235, path='/dev/input/event13', name='qwerty2', classes=KEYBOARD | ALPHAKEY | DPAD, configuration='', keyLayout='/vendor/usr/keylayout/qwerty2.kl', keyCharacterMap='/vendor/usr/keychars/qwerty2.kcm', builtinKeyboard=true, 
05-04 20:01:22.440  8290  8564 I InputReader: Device added: id=-1, eventHubId=-1, name='Virtual', descriptor='a718a782d34bc767f4689c232d64d527998ea7fd',sources=KEYBOARD | DPAD
05-04 20:01:22.499  8290  8290 V LegacyHistoricalRegistry: Interaction before persistence initialized
05-04 20:01:22.736  5537  5584 D BootAnimation: Playing files = /product/media/bootanimation.zip/part3, Requested repeat = 0, playUntilComplete = false
05-04 20:01:23.106  8562  8562 W dumpsys : Thread Pool max thread count is 0. Cannot cache binder as linkToDeath cannot be implemented. serviceName: package
05-04 20:01:23.663  8290  8564 I InputReader: Device added: id=0, eventHubId=0, name='qwerty2', descriptor='e9ac6dde47cf0ffa91b87f7b85e6f8de0933fc98',sources=KEYBOARD | DPAD
05-04 20:01:23.685  8290  8290 D SystemServerTiming: StartBluetoothService
05-04 20:01:23.849  8290  8564 I InputReader: Touch device 'virtio_input_multi_touch_11' could not query the properties of its associated display.  The device will be inoperable until the display size becomes available.
05-04 20:01:23.872  8290  8564 I InputReader: Touch device 'virtio_input_multi_touch_11' could not query the properties of its associated display.  The device will be inoperable until the display size becomes available.
05-04 20:01:23.872  8290  8564 I InputReader: Device added: id=2, eventHubId=13, name='virtio_input_multi_touch_11', descriptor='e760666b71e579617395a5018f318365e9f44147',sources=KEYBOARD | TOUCHSCREEN | STYLUS
05-04 20:01:23.900  8290  8290 I system_server: Waiting for a blocking GC ClassLinker
05-04 20:01:23.910  8290  8564 I InputReader: Touch device 'virtio_input_multi_touch_10' could not query the properties of its associated display.  The device will be inoperable until the display size becomes available.
05-04 20:01:23.911  8290  8564 I InputReader: Touch device 'virtio_input_multi_touch_10' could not query the properties of its associated display.  The device will be inoperable until the display size becomes available.
05-04 20:01:23.911  8290  8564 I InputReader: Device added: id=3, eventHubId=12, name='virtio_input_multi_touch_10', descriptor='03d5168c37d991df1726df002537cd6ccc5b68cb',sources=KEYBOARD | TOUCHSCREEN | STYLUS
05-04 20:01:23.912  8290  8564 I InputReader: Touch device 'virtio_input_multi_touch_9' could not query the properties of its associated display.  The device will be inoperable until the display size becomes available.
05-04 20:01:23.912  8290  8564 I InputReader: Touch device 'virtio_input_multi_touch_9' could not query the properties of its associated display.  The device will be inoperable until the display size becomes available.
05-04 20:01:23.912  8290  8564 I InputReader: Device added: id=4, eventHubId=11, name='virtio_input_multi_touch_9', descriptor='ac8abc2b3d95a68148a903fffc0a312b4dd19302',sources=KEYBOARD | TOUCHSCREEN | STYLUS
05-04 20:01:23.913  8290  8564 I InputReader: Touch device 'virtio_input_multi_touch_8' could not query the properties of its associated display.  The device will be inoperable until the display size becomes available.
05-04 20:01:23.914  8290  8564 I InputReader: Touch device 'virtio_input_multi_touch_8' could not query the properties of its associated display.  The device will be inoperable until the display size becomes available.
05-04 20:01:23.914  8290  8564 I InputReader: Device added: id=5, eventHubId=10, name='virtio_input_multi_touch_8', descriptor='df0ec362af5f2fec5a1bbb512f6e9556bd6b3fcf',sources=KEYBOARD | TOUCHSCREEN | STYLUS
05-04 20:01:23.914  8290  8564 I InputReader: Touch device 'virtio_input_multi_touch_7' could not query the properties of its associated display.  The device will be inoperable until the display size becomes available.
05-04 20:01:23.915  8290  8564 I InputReader: Touch device 'virtio_input_multi_touch_7' could not query the properties of its associated display.  The device will be inoperable until the display size becomes available.
05-04 20:01:23.915  8290  8564 I InputReader: Device added: id=6, eventHubId=9, name='virtio_input_multi_touch_7', descriptor='e1c836c7be888adb29ca6646292e486f96461e97',sources=KEYBOARD | TOUCHSCREEN | STYLUS
05-04 20:01:23.949  8290  8564 I InputReader: Touch device 'virtio_input_multi_touch_6' could not query the properties of its associated display.  The device will be inoperable until the display size becomes available.
05-04 20:01:23.950  8290  8564 I InputReader: Touch device 'virtio_input_multi_touch_6' could not query the properties of its associated display.  The device will be inoperable until the display size becomes available.
05-04 20:01:23.950  8290  8564 I InputReader: Device added: id=7, eventHubId=8, name='virtio_input_multi_touch_6', descriptor='0b49b597447c4c7be1d009f9a86bbed08b2e6b6d',sources=KEYBOARD | TOUCHSCREEN | STYLUS
05-04 20:01:23.952  8290  8564 I InputReader: Touch device 'virtio_input_multi_touch_5' could not query the properties of its associated display.  The device will be inoperable until the display size becomes available.
05-04 20:01:23.953  8290  8564 I InputReader: Touch device 'virtio_input_multi_touch_5' could not query the properties of its associated display.  The device will be inoperable until the display size becomes available.
05-04 20:01:23.953  8290  8564 I InputReader: Device added: id=8, eventHubId=7, name='virtio_input_multi_touch_5', descriptor='a009ac16f7539a9e4072c1f537120c35a8163d3b',sources=KEYBOARD | TOUCHSCREEN | STYLUS
05-04 20:01:24.073  8290  8564 I InputReader: Touch device 'virtio_input_multi_touch_4' could not query the properties of its associated display.  The device will be inoperable until the display size becomes available.
05-04 20:01:24.073  8290  8564 I InputReader: Touch device 'virtio_input_multi_touch_4' could not query the properties of its associated display.  The device will be inoperable until the display size becomes available.
05-04 20:01:24.073  8290  8564 I InputReader: Device added: id=9, eventHubId=6, name='virtio_input_multi_touch_4', descriptor='3e50b6575df319e017bd447766007caeb20ef93b',sources=KEYBOARD | TOUCHSCREEN | STYLUS
05-04 20:01:24.111  8290  8564 I InputReader: Touch device 'virtio_input_multi_touch_3' could not query the properties of its associated display.  The device will be inoperable until the display size becomes available.
05-04 20:01:24.111  8290  8564 I InputReader: Touch device 'virtio_input_multi_touch_3' could not query the properties of its associated display.  The device will be inoperable until the display size becomes available.
05-04 20:01:24.111  8290  8564 I InputReader: Device added: id=10, eventHubId=5, name='virtio_input_multi_touch_3', descriptor='d02b0eff93435c71d7fcb0c5db2c4e01c700002e',sources=KEYBOARD | TOUCHSCREEN | STYLUS
05-04 20:01:24.149  8290  8564 I InputReader: Touch device 'virtio_input_multi_touch_2' could not query the properties of its associated display.  The device will be inoperable until the display size becomes available.
05-04 20:01:24.149  8290  8564 I InputReader: Touch device 'virtio_input_multi_touch_2' could not query the properties of its associated display.  The device will be inoperable until the display size becomes available.
05-04 20:01:24.150  8290  8564 I InputReader: Device added: id=11, eventHubId=4, name='virtio_input_multi_touch_2', descriptor='929d4636b8e04f50240a26561429a6e91c9eff9e',sources=KEYBOARD | TOUCHSCREEN | STYLUS
05-04 20:01:24.151  8290  8564 I InputReader: Touch device 'virtio_input_multi_touch_1' could not query the properties of its associated display.  The device will be inoperable until the display size becomes available.
05-04 20:01:24.152  8290  8564 I InputReader: Touch device 'virtio_input_multi_touch_1' could not query the properties of its associated display.  The device will be inoperable until the display size becomes available.
05-04 20:01:24.152  8290  8564 I InputReader: Device added: id=12, eventHubId=3, name='virtio_input_multi_touch_1', descriptor='43db9dd6fa61939c1b516cd9522f0fe93926a00b',sources=KEYBOARD | TOUCHSCREEN | STYLUS
05-04 20:01:24.153  8290  8564 I InputReader: Device added: id=13, eventHubId=2, name='Power Button', descriptor='26d13db3fa0f6bd5d05831266fb01ea6c500b88c',sources=KEYBOARD
05-04 20:01:24.154  8290  8564 I InputReader: Device added: id=14, eventHubId=1, name='AT Translated Set 2 keyboard', descriptor='485d69228e24f5e46da1598745890b214130dbc4',sources=KEYBOARD
05-04 20:01:25.630  8290  8566 I DropBoxManagerService: add tag=system_server_pre_watchdog isTagEnabled=true flags=0x6
05-04 20:01:27.064  8290  8305 W FastPrintWriter: Write failure
05-04 20:01:27.064  8290  8305 W FastPrintWriter: java.io.IOException: write failed: EPIPE (Broken pipe)
05-04 20:01:27.064  8290  8305 W FastPrintWriter: 	at libcore.io.IoBridge.write(IoBridge.java:651)
05-04 20:01:27.064  8290  8305 W FastPrintWriter: 	at java.io.FileOutputStream.write(FileOutputStream.java:436)
05-04 20:01:27.064  8290  8305 W FastPrintWriter: 	at com.android.internal.util.FastPrintWriter.flushBytesLocked(FastPrintWriter.java:355)
05-04 20:01:27.064  8290  8305 W FastPrintWriter: 	at com.android.internal.util.FastPrintWriter.flushLocked(FastPrintWriter.java:378)
05-04 20:01:27.064  8290  8305 W FastPrintWriter: 	at com.android.internal.util.FastPrintWriter.appendLocked(FastPrintWriter.java:323)
05-04 20:01:27.064  8290  8305 W FastPrintWriter: 	at com.android.internal.util.FastPrintWriter.print(FastPrintWriter.java:500)
05-04 20:01:27.064  8290  8305 W FastPrintWriter: 	at java.io.PrintWriter.println(PrintWriter.java:822)
05-04 20:01:27.064  8290  8305 W FastPrintWriter: 	at android.util.PrintWriterPrinter.println(PrintWriterPrinter.java:39)
05-04 20:01:27.064  8290  8305 W FastPrintWriter: 	at android.content.IntentFilter.dump(IntentFilter.java:2822)
05-04 20:01:27.064  8290  8305 W FastPrintWriter: 	at com.android.server.IntentResolver.dumpMap(IntentResolver.java:251)
05-04 20:01:27.064  8290  8305 W FastPrintWriter: 	at com.android.server.IntentResolver.dump(IntentResolver.java:305)
05-04 20:01:27.064  8290  8305 W FastPrintWriter: 	at com.android.server.pm.resolution.ComponentResolverBase.dumpReceiverResolvers(ComponentResolverBase.java:339)
05-04 20:01:27.064  8290  8305 W FastPrintWriter: 	at com.android.server.pm.DumpHelper.doDump(DumpHelper.java:418)
05-04 20:01:27.064  8290  8305 W FastPrintWriter: 	at com.android.server.pm.PackageManagerService$IPackageManagerImpl.dump(PackageManagerService.java:6720)
05-04 20:01:27.064  8290  8305 W FastPrintWriter: 	at android.os.Binder.doDump(Binder.java:1072)
05-04 20:01:27.064  8290  8305 W FastPrintWriter: 	at android.os.Binder.dump(Binder.java:1062)
05-04 20:01:27.064  8290  8305 W FastPrintWriter: 	at android.os.Binder.onTransact(Binder.java:932)
05-04 20:01:27.064  8290  8305 W FastPrintWriter: 	at android.content.pm.IPackageManager$Stub.onTransact(IPackageManager.java:4729)
05-04 20:01:27.064  8290  8305 W FastPrintWriter: 	at com.android.server.pm.PackageManagerService$IPackageManagerImpl.onTransact(PackageManagerService.java:6668)
05-04 20:01:27.064  8290  8305 W FastPrintWriter: 	at android.os.Binder.execTransactInternal(Binder.java:1426)
05-04 20:01:27.064  8290  8305 W FastPrintWriter: 	at android.os.Binder.execTransact(Binder.java:1365)
05-04 20:01:27.064  8290  8305 W FastPrintWriter: Caused by: android.system.ErrnoException: write failed: EPIPE (Broken pipe)
05-04 20:01:27.064  8290  8305 W FastPrintWriter: 	at libcore.io.Linux.writeBytes(Native Method)
05-04 20:01:27.064  8290  8305 W FastPrintWriter: 	at libcore.io.Linux.write(Linux.java:336)
05-04 20:01:27.064  8290  8305 W FastPrintWriter: 	at libcore.io.ForwardingOs.write(ForwardingOs.java:948)
05-04 20:01:27.064  8290  8305 W FastPrintWriter: 	at libcore.io.BlockGuardOs.write(BlockGuardOs.java:448)
05-04 20:01:27.064  8290  8305 W FastPrintWriter: 	at libcore.io.IoBridge.write(IoBridge.java:646)
05-04 20:01:27.064  8290  8305 W FastPrintWriter: 	... 20 more
05-04 20:01:28.043  8290  8317 W Looper  : Slow dispatch took 545ms android.fg app=system_server main=false group=FOREGROUND h=com.android.server.DropBoxManagerService$DropBoxManagerBroadcastHandler c=null m=1
05-04 20:01:29.615  8290  8300 I system_server: Background concurrent mark compact GC freed 18MB AllocSpace bytes, 25(1580KB) LOS objects, 49% free, 20MB/41MB, paused 191.835ms,245.846ms total 26.330s
05-04 20:01:29.616  8290  8290 I system_server: WaitForGcToComplete blocked ClassLinker on Background for 5.715s
05-04 20:01:29.625  8290  8290 I SystemServiceManager: Starting com.android.server.bluetooth.BluetoothService
05-04 20:01:30.552  8290  8290 D BluetoothSystemServer: BtPermissionUtils: Detected SystemUiUid: 10187
05-04 20:01:30.556  8290  8290 I BluetoothSystemServer: BleScanSettingListener: Settings not found. Default to false
05-04 20:01:30.563  8290  8290 D BluetoothSystemServer: BluetoothManagerService: Local adapter: Name=sdk_gphone64_x86_64, Address=XX:XX:XX:XX:00:01
05-04 20:01:30.563  8290  8290 D BluetoothSystemServer: BluetoothManagerService: isBluetoothPersistedStateOn: 1
05-04 20:01:30.563  8290  8290 I BluetoothSystemServer: BluetoothManagerService: Startup: Bluetooth persisted state is ON.
05-04 20:01:30.564  8290  8290 D BluetoothSystemServer: BluetoothManagerService: AutoOnFeature property=false
05-04 20:01:30.565  8290  8290 D SystemServerTiming: IpConnectivityMetrics
05-04 20:01:30.565  8290  8290 I SystemServiceManager: Starting com.android.server.connectivity.IpConnectivityMetrics
05-04 20:01:30.574  8290  8290 D SystemServerTiming: NetworkWatchlistService
05-04 20:01:30.575  8290  8290 I SystemServiceManager: Starting com.android.server.net.watchlist.NetworkWatchlistService$Lifecycle
05-04 20:01:30.899  8290  8290 I WatchlistSettings: Reload watchlist settings done
05-04 20:01:30.939  8290  8568 I WatchlistLoggingHandler: No need to aggregate record yet.
05-04 20:01:30.940  8290  8568 I WatchlistLoggingHandler: Milliseconds spent on tryAggregateRecords(): 0
05-04 20:01:30.945  8290  8290 W SystemServiceManager: Service com.android.server.net.watchlist.NetworkWatchlistService$Lifecycle took 312 ms in onStart
05-04 20:01:30.945  8290  8290 D SystemServerTiming: PinnerService
05-04 20:01:30.985  8290  8290 I SystemServiceManager: Starting com.android.server.pinner.PinnerService
05-04 20:01:31.029  8290  8290 V LegacyHistoricalRegistry: Interaction before persistence initialized
05-04 20:01:31.182  8290  8290 W SystemServiceManager: Service com.android.server.pinner.PinnerService took 151 ms in onStart
05-04 20:01:31.183  8290  8290 D SystemServerTiming: SignedConfigService
05-04 20:01:31.222  8290  8290 D SystemServerTiming: AppIntegrityService
05-04 20:01:31.223  8290  8290 I SystemServiceManager: Starting com.android.server.integrity.AppIntegrityManagerService
05-04 20:01:31.440  8290  8290 W SystemServiceManager: Service com.android.server.integrity.AppIntegrityManagerService took 148 ms in onStart
05-04 20:01:31.440  8290  8290 D SystemServerTiming: StartLogcatManager
05-04 20:01:31.441  8290  8290 I SystemServiceManager: Starting com.android.server.logcat.LogcatManagerService
05-04 20:01:31.449  8290  8290 D SystemServerTiming: StartIntrusionDetectionService
05-04 20:01:31.449  8290  8290 I SystemServiceManager: Starting com.android.server.security.intrusiondetection.IntrusionDetectionService
05-04 20:01:31.481  8290  8290 D SystemServerTiming: StartAppFunctionManager
05-04 20:01:31.481  8290  8290 I SystemServiceManager: Starting com.android.server.appfunctions.AppFunctionManagerService
05-04 20:01:31.482  8290  8334 W PinnerService: Could not find pinlist.meta for "/system_ext/priv-app/NexusLauncherRelease/NexusLauncherRelease.apk": pinning as blob
05-04 20:01:31.695  8290  8290 W SystemServiceManager: Service com.android.server.appfunctions.AppFunctionManagerService took 89 ms in onStart
05-04 20:01:31.695  8290  8290 D SystemServerTiming: StartAdvancedProtectionService
05-04 20:01:31.695  8290  8290 I SystemServiceManager: Starting com.android.server.security.advancedprotection.AdvancedProtectionService$Lifecycle
05-04 20:01:31.731  8290  8290 D SystemServerTiming: StartTradeInModeService
05-04 20:01:31.732  8290  8290 I SystemServiceManager: Starting com.android.server.TradeInModeService
05-04 20:01:31.952  8290  8290 W SystemServiceManager: Service com.android.server.TradeInModeService took 219 ms in onStart
05-04 20:01:32.157  8290  8290 I WindowManager: SAFE MODE not enabled
05-04 20:01:32.190  8290  8290 D SystemServerTiming: StartInputMethodManagerLifecycle
05-04 20:01:32.191  8290  8290 I SystemServiceManager: Starting com.android.server.inputmethod.InputMethodManagerService$Lifecycle
05-04 20:01:32.740  8571  8571 W dumpsys : Thread Pool max thread count is 0. Cannot cache binder as linkToDeath cannot be implemented. serviceName: package
05-04 20:01:32.880  8290  8290 D InputMethodManagerService: Schedule initialization for users=[0]
05-04 20:01:32.947  8290  8574 D InputMethodManagerService: Start initialization for user=0
05-04 20:01:33.210  8290  8290 W SystemServiceManager: Service com.android.server.inputmethod.InputMethodManagerService$Lifecycle took 291 ms in onStart
05-04 20:01:33.210  8290  8290 D SystemServerTiming: StartAccessibilityManagerService
05-04 20:01:33.210  8290  8290 I SystemServiceManager: Starting com.android.server.accessibility.AccessibilityManagerService$Lifecycle
05-04 20:01:34.142  8290  8574 V Configuration: Updating configuration, locales updated from [] to [en_US]
05-04 20:01:34.178  8290  8574 I system_server: AssetManager2(0x7e804a5db838) locale list changing from [] to [en-US]
05-04 20:01:34.882  8290  8574 V Configuration: Updating configuration, locales updated from [] to [en_US]
05-04 20:01:34.883  8290  8574 I system_server: AssetManager2(0x7e804a5db518) locale list changing from [] to [en-US]
05-04 20:01:35.381  8290  8574 V Configuration: Updating configuration, locales updated from [] to [en_US]
05-04 20:01:35.411  8290  8574 I system_server: AssetManager2(0x7e804a5f7718) locale list changing from [] to [en-US]
05-04 20:01:35.921  8290  8574 V Configuration: Updating configuration, locales updated from [] to [en_US]
05-04 20:01:35.924  8290  8574 I system_server: AssetManager2(0x7e804a5f86b8) locale list changing from [] to [en-US]
05-04 20:01:36.151  8290  8290 W SystemServiceManager: Service com.android.server.accessibility.AccessibilityManagerService$Lifecycle took 204 ms in onStart
05-04 20:01:36.227  8290  8290 D SystemServerTiming: MakeDisplayReady
05-04 20:01:36.350  8290  8574 D InputMethodManagerService: Complete initialization for user=0
05-04 20:01:36.708  8290  8290 I ActivityTaskManager: Config changes=20005df8 {1.0 ?mcc0mnc [en_US] ldltr sw411dp w411dp h914dp 420dpi nrml long port ?uimode ?night finger qwerty/v/v dpad/v winConfig={ mBounds=Rect(0, 0 - 1080, 2400) mAppBounds=Rect(0, 0 - 1080, 2400) mMaxBounds=Rect(0, 0 - 1080, 2400) mDisplayRotation=ROTATION_0 mWindowingMode=fullscreen mActivityType=undefined mAlwaysOnTop=undefined mRotation=ROTATION_0} s.2 ?fontWeightAdjustment}
05-04 20:01:36.737  8290  8305 W FastPrintWriter: Write failure
05-04 20:01:36.737  8290  8305 W FastPrintWriter: java.io.IOException: write failed: EPIPE (Broken pipe)
05-04 20:01:36.737  8290  8305 W FastPrintWriter: 	at libcore.io.IoBridge.write(IoBridge.java:651)
05-04 20:01:36.737  8290  8305 W FastPrintWriter: 	at java.io.FileOutputStream.write(FileOutputStream.java:436)
05-04 20:01:36.737  8290  8305 W FastPrintWriter: 	at com.android.internal.util.FastPrintWriter.flushBytesLocked(FastPrintWriter.java:355)
05-04 20:01:36.737  8290  8305 W FastPrintWriter: 	at com.android.internal.util.FastPrintWriter.flushLocked(FastPrintWriter.java:378)
05-04 20:01:36.737  8290  8305 W FastPrintWriter: 	at com.android.internal.util.FastPrintWriter.appendLocked(FastPrintWriter.java:323)
05-04 20:01:36.737  8290  8305 W FastPrintWriter: 	at com.android.internal.util.FastPrintWriter.print(FastPrintWriter.java:500)
05-04 20:01:36.737  8290  8305 W FastPrintWriter: 	at java.io.PrintWriter.println(PrintWriter.java:822)
05-04 20:01:36.737  8290  8305 W FastPrintWriter: 	at com.android.server.pm.resolution.ComponentResolver$ServiceIntentResolver.dumpFilter(ComponentResolver.java:1736)
05-04 20:01:36.737  8290  8305 W FastPrintWriter: 	at com.android.server.pm.resolution.ComponentResolver$ServiceIntentResolver.dumpFilter(ComponentResolver.java:1536)
05-04 20:01:36.737  8290  8305 W FastPrintWriter: 	at com.android.server.IntentResolver.dumpMap(IntentResolver.java:246)
05-04 20:01:36.737  8290  8305 W FastPrintWriter: 	at com.android.server.IntentResolver.dump(IntentResolver.java:305)
05-04 20:01:36.737  8290  8305 W FastPrintWriter: 	at com.android.server.pm.resolution.ComponentResolverBase.dumpServiceResolvers(ComponentResolverBase.java:349)
05-04 20:01:36.737  8290  8305 W FastPrintWriter: 	at com.android.server.pm.DumpHelper.doDump(DumpHelper.java:422)
05-04 20:01:36.737  8290  8305 W FastPrintWriter: 	at com.android.server.pm.PackageManagerService$IPackageManagerImpl.dump(PackageManagerService.java:6720)
05-04 20:01:36.737  8290  8305 W FastPrintWriter: 	at android.os.Binder.doDump(Binder.java:1072)
05-04 20:01:36.737  8290  8305 W FastPrintWriter: 	at android.os.Binder.dump(Binder.java:1062)
05-04 20:01:36.737  8290  8305 W FastPrintWriter: 	at android.os.Binder.onTransact(Binder.java:932)
05-04 20:01:36.737  8290  8305 W FastPrintWriter: 	at android.content.pm.IPackageManager$Stub.onTransact(IPackageManager.java:4729)
05-04 20:01:36.737  8290  8305 W FastPrintWriter: 	at com.android.server.pm.PackageManagerService$IPackageManagerImpl.onTransact(PackageManagerService.java:6668)
05-04 20:01:36.737  8290  8305 W FastPrintWriter: 	at android.os.Binder.execTransactInternal(Binder.java:1426)
05-04 20:01:36.737  8290  8305 W FastPrintWriter: 	at android.os.Binder.execTransact(Binder.java:1365)
05-04 20:01:36.737  8290  8305 W FastPrintWriter: Caused by: android.system.ErrnoException: write failed: EPIPE (Broken pipe)
05-04 20:01:36.737  8290  8305 W FastPrintWriter: 	at libcore.io.Linux.writeBytes(Native Method)
05-04 20:01:36.737  8290  8305 W FastPrintWriter: 	at libcore.io.Linux.write(Linux.java:336)
05-04 20:01:36.737  8290  8305 W FastPrintWriter: 	at libcore.io.ForwardingOs.write(ForwardingOs.java:948)
