05-04 19:59:26.549  8290  8290 D CompatConfig: No directory /apex/com.android.apex.cts.shim/etc/compatconfig, skipping
05-04 19:59:26.549  8290  8290 D CompatConfig: No directory /apex/com.android.crashrecovery/etc/compatconfig, skipping
05-04 19:59:26.549  8290  8290 D CompatConfig: Found a config file: /apex/com.android.bt/etc/compatconfig/bluetoothapk-platform-compat-config.xml
05-04 19:59:26.554  8290  8290 D CompatConfig: Adding: com.android.server.compat.config.Change@9ae66ce
05-04 19:59:26.554  8290  8290 D CompatConfig: Found a config file: /apex/com.android.bt/etc/compatconfig/bluetooth-compat-config.xml
05-04 19:59:26.556  8290  8290 D CompatConfig: Adding: com.android.server.compat.config.Change@982cfc
05-04 19:59:26.556  8290  8290 D CompatConfig: Found a config file: /apex/com.android.bt/etc/compatconfig/framework-bluetooth-compat-config.xml
05-04 19:59:26.557  8290  8290 D CompatConfig: Adding: com.android.server.compat.config.Change@cce21da
05-04 19:59:26.557  8290  8290 D CompatConfig: Adding: com.android.server.compat.config.Change@ab1060b
05-04 19:59:26.557  8290  8290 D CompatConfig: Adding: com.android.server.compat.config.Change@4b91ce8
05-04 19:59:26.558  8290  8290 D CompatConfig: Found a config file: /apex/com.android.wifi/etc/compatconfig/wifi-compat-config.xml
05-04 19:59:26.559  8290  8290 D CompatConfig: Adding: com.android.server.compat.config.Change@9fc81a6
05-04 19:59:26.559  8290  8290 D CompatConfig: Adding: com.android.server.compat.config.Change@c67f7e7
05-04 19:59:26.559  8290  8290 D CompatConfig: Adding: com.android.server.compat.config.Change@9771f94
05-04 19:59:26.559  8290  8290 D CompatConfig: No directory /apex/com.android.hardware.rebootescrow/etc/compatconfig, skipping
05-04 19:59:26.560  8290  8290 D CompatConfig: No directory /apex/com.android.nfcservices/etc/compatconfig, skipping
05-04 19:59:26.560  8290  8290 D CompatConfig: No directory /apex/com.android.media/etc/compatconfig, skipping
05-04 19:59:26.560  8290  8290 D CompatConfig: No directory /apex/com.android.runtime/etc/compatconfig, skipping
05-04 19:59:26.561  8290  8290 D CompatConfig: No directory /apex/com.android.neuralnetworks/etc/compatconfig, skipping
05-04 19:59:26.705  8290  8290 W CompatConfig: Change ID 203673428 not found. Skipping overrides for it.
05-04 19:59:26.705  8290  8290 W CompatConfig: Change ID 200324021 not found. Skipping overrides for it.
05-04 19:59:27.397  8149  8149 W ServiceManagerCppClient: Waited one second for activity (is service started? Number of threads started in the threadpool: 16. Are binder threads started and available?)
05-04 19:59:27.417   224  8332 W libc    : Unable to set property "ctl.interface_start" to "aidl/activity": PROP_ERROR_HANDLE_CONTROL_MESSAGE (0x20)
05-04 19:59:27.423  8290  8290 D SystemServerTiming: StartFileIntegrityService
05-04 19:59:27.424  8290  8290 I SystemServiceManager: Starting com.android.server.security.FileIntegrityService
05-04 19:59:27.428  8290  8290 D SystemServerTiming: StartInstaller
05-04 19:59:27.428  8290  8290 I SystemServiceManager: Starting com.android.server.pm.Installer
05-04 19:59:27.439   616   616 D installd: Found quota mount /dev/block/dm-55 at /data
05-04 19:59:27.444   616   616 D installd: Found quota mount /dev/block/dm-55 at /data/user/0
05-04 19:59:27.447  8290  8290 D SystemServerTiming: DeviceIdentifiersPolicyService
05-04 19:59:27.448  8290  8290 I SystemServiceManager: Starting com.android.server.os.DeviceIdentifiersPolicyService
05-04 19:59:27.449  8290  8290 D SystemServerTiming: StartFeatureFlagsService
05-04 19:59:27.450  8290  8290 I SystemServiceManager: Starting com.android.server.flags.FeatureFlagsService
05-04 19:59:27.451  8290  8290 D FeatureFlagsService: Started Feature Flag Service
05-04 19:59:27.458  8290  8290 D SystemServerTiming: UriGrantsManagerService
05-04 19:59:27.458  8290  8290 I SystemServiceManager: Starting com.android.server.uri.UriGrantsManagerService$Lifecycle
05-04 19:59:27.461  8290  8290 D SystemServerTiming: StartPowerStatsService
05-04 19:59:27.462  8290  8290 I SystemServiceManager: Starting com.android.server.powerstats.PowerStatsService
05-04 19:59:27.495  8290  8290 D SystemServerTiming: StartIStatsService
05-04 19:59:27.504   225   225 I hwservicemanager: getTransport: Cannot find entry android.frameworks.stats@1.0::IStats/default in either framework or device VINTF manifest.
05-04 19:59:27.505  8290  8290 E HidlServiceManagement: Service android.frameworks.stats@1.0::IStats/default must be in VINTF manifest in order to register/get.
05-04 19:59:27.505  8290  8290 W system_server: Cannot register HIDL android.frameworks.stats@1.0::IStats: -2147483648
05-04 19:59:27.509  8290  8290 D SystemServerTiming: MemtrackProxyService
05-04 19:59:27.516   225   225 I hwservicemanager: getTransport: Cannot find entry android.hardware.memtrack@1.0::IMemtrack/default in either framework or device VINTF manifest.
05-04 19:59:27.517  8290  8290 I Stability: Interface set with vintf stability downgraded to system stability stability
05-04 19:59:27.517  8290  8290 D SystemServerTiming: StartAccessCheckingService
05-04 19:59:27.518  8290  8290 I SystemServiceManager: Starting com.android.server.permission.access.AccessCheckingService
05-04 19:59:27.525  8290  8290 D SystemServerTiming: StartActivityManager
05-04 19:59:27.525  8290  8290 I SystemServiceManager: Starting com.android.server.wm.ActivityTaskManagerService$Lifecycle
05-04 19:59:27.544  8290  8290 I SystemServiceManager: Starting com.android.server.am.ActivityManagerService$Lifecycle
05-04 19:59:27.556  8290  8290 I ActivityManager: Memory class: 192
05-04 19:59:27.575  8290  8335 I Binder  : Setting heavy hitter watcher config: false, 0, 0.0
05-04 19:59:27.885  8290  8290 W PowerProfile: ambient.on is deprecated! Use ambient.on.display0 instead.
05-04 19:59:27.886  8290  8290 W PowerProfile: screen.on is deprecated! Use screen.on.display0 instead.
05-04 19:59:27.886  8290  8290 W PowerProfile: screen.full is deprecated! Use screen.full.display0 instead.
05-04 19:59:27.887  8290  8290 W ModemPowerProfile: getAverageBatteryDrainMaH called with unexpected key: 0x0, drain:SLEEP,RAT:DEFAULT
05-04 19:59:27.888  8290  8290 W ModemPowerProfile: getAverageBatteryDrainMaH called with unexpected key: 0x10000000, drain:IDLE,RAT:DEFAULT
05-04 19:59:27.888  8290  8290 W ModemPowerProfile: getAverageBatteryDrainMaH called with unexpected key: 0x20000000, drain:RX,RAT:DEFAULT
05-04 19:59:27.888  8290  8290 W ModemPowerProfile: getAverageBatteryDrainMaH called with unexpected key: 0x30000000, drain:TX,level:0,RAT:DEFAULT
05-04 19:59:27.888  8290  8290 W ModemPowerProfile: getAverageBatteryDrainMaH called with unexpected key: 0x31000000, drain:TX,level:1,RAT:DEFAULT
05-04 19:59:27.888  8290  8290 W ModemPowerProfile: getAverageBatteryDrainMaH called with unexpected key: 0x32000000, drain:TX,level:2,RAT:DEFAULT
05-04 19:59:27.888  8290  8290 W ModemPowerProfile: getAverageBatteryDrainMaH called with unexpected key: 0x33000000, drain:TX,level:3,RAT:DEFAULT
05-04 19:59:27.888  8290  8290 W ModemPowerProfile: getAverageBatteryDrainMaH called with unexpected key: 0x34000000, drain:TX,level:4,RAT:DEFAULT
05-04 19:59:28.247  8290  8290 D nativeloader: Load libstats_jni.so using APEX ns com_android_os_statsd for caller /apex/com.android.os.statsd/javalib/framework-statsd.jar: ok
05-04 19:59:28.266  5537  5584 D BootAnimation: Playing files = /product/media/bootanimation.zip/part3, Requested repeat = 0, playUntilComplete = false
05-04 19:59:28.296  8290  8290 D BatteryStatsImpl: Reading daily items from /data/system/batterystats-daily.xml
05-04 19:59:28.411  8149  8149 W ServiceManagerCppClient: Waited one second for activity (is service started? Number of threads started in the threadpool: 16. Are binder threads started and available?)
05-04 19:59:28.492   224  8346 W libc    : Unable to set property "ctl.interface_start" to "aidl/activity": PROP_ERROR_HANDLE_CONTROL_MESSAGE (0x20)
05-04 19:59:28.623  8290  8290 I IntentFirewall: Read new rules (A:0 B:0 S:0)
05-04 19:59:28.647  8290  8290 D OomAdjuster: Not killing cached processes
05-04 19:59:28.675  8290  8290 D AppOps  : AppOpsService published
05-04 19:59:28.684  8290  8290 D SystemServerTiming: StartDataLoaderManagerService
05-04 19:59:28.685  8290  8290 I SystemServiceManager: Starting com.android.server.pm.DataLoaderManagerService
05-04 19:59:28.689  8290  8331 W android.permission.PermissionManager: Missing ActivityManager; assuming 1047 does not hold android.permission.MANAGE_APP_OPS_MODES
05-04 19:59:28.907  8290  8290 D SystemServerTiming: StartIncrementalService
05-04 19:59:29.052  8290  8290 I incfs-mounts: [incfs] Loaded incremental-fs mount info: 0 instances, 0 mount points
05-04 19:59:29.090  8290  8290 D SystemServerTiming: StartPowerManager
05-04 19:59:29.091  8290  8290 I SystemServiceManager: Starting com.android.server.power.PowerManagerService
05-04 19:59:29.401  8290  8290 I PowerHalLoader: Successfully connected to Power HAL AIDL service.
05-04 19:59:29.404   510   510 I android.hardware.power-service.example: Power isModeSupported: 7
05-04 19:59:29.405   510   510 I android.hardware.power-service.example: Power isModeSupported: 0
05-04 19:59:29.408  8290  8290 D SystemServerTiming: StartThermalManager
05-04 19:59:29.408  8290  8290 I SystemServiceManager: Starting com.android.server.power.ThermalManagerService
05-04 19:59:29.410  8290  8290 D SystemServerTiming: InitPowerManagement
05-04 19:59:29.600  8149  8149 W ServiceManagerCppClient: Waited one second for activity (is service started? Number of threads started in the threadpool: 16. Are binder threads started and available?)
05-04 19:59:29.609  8290  8290 D SystemServerTiming: StartRecoverySystemService
05-04 19:59:29.610  8290  8290 I SystemServiceManager: Starting com.android.server.recoverysystem.RecoverySystemService$Lifecycle
05-04 19:59:29.680  8290  8290 W SystemServiceManager: Service com.android.server.recoverysystem.RecoverySystemService$Lifecycle took 69 ms in onStart
05-04 19:59:29.681  8290  8290 D SystemServerTiming: StartLightsService
05-04 19:59:29.681  8290  8290 I SystemServiceManager: Starting com.android.server.lights.LightsService
05-04 19:59:29.842   489   489 I lights_service_example_rust: main::lights: Lights reporting supported lights
05-04 19:59:29.864  8290  8290 D SystemServerTiming: StartDisplayOffloadService
05-04 19:59:29.865  8290  8290 D SystemServerTiming: StartDisplayManager
05-04 19:59:29.888   224  8359 W libc    : Unable to set property "ctl.interface_start" to "aidl/activity": PROP_ERROR_HANDLE_CONTROL_MESSAGE (0x20)
05-04 19:59:29.895  8290  8290 I SystemServiceManager: Starting com.android.server.display.DisplayManagerService
05-04 19:59:30.102  8290  8290 D PluginManager: loading plugins from:
05-04 19:59:30.103  8290  8290 D PluginManager: loaded Plugins:[]
05-04 19:59:30.311  8290  8290 W SystemServiceManager: Service com.android.server.display.DisplayManagerService took 207 ms in onStart
05-04 19:59:30.311  8290  8290 D SystemServerTiming: WaitForDisplay
05-04 19:59:30.311  8290  8290 I SystemServiceManager: Starting phase 100
05-04 19:59:30.311  8290  8290 D SystemServerTiming: OnBootPhase_100
05-04 19:59:30.311  8290  8290 D SystemServerTiming: OnBootPhase_100_com.android.server.security.FileIntegrityService
05-04 19:59:30.311  8290  8290 D SystemServerTiming: OnBootPhase_100_com.android.server.pm.Installer
05-04 19:59:30.311  8290  8290 D SystemServerTiming: OnBootPhase_100_com.android.server.os.DeviceIdentifiersPolicyService
05-04 19:59:30.311  8290  8290 D SystemServerTiming: OnBootPhase_100_com.android.server.flags.FeatureFlagsService
05-04 19:59:30.311  8290  8290 D SystemServerTiming: OnBootPhase_100_com.android.server.uri.UriGrantsManagerService$Lifecycle
05-04 19:59:30.311  8290  8290 D SystemServerTiming: OnBootPhase_100_com.android.server.powerstats.PowerStatsService
05-04 19:59:30.312  8290  8290 D SystemServerTiming: OnBootPhase_100_com.android.server.permission.access.AccessCheckingService
05-04 19:59:30.312  8290  8290 D SystemServerTiming: OnBootPhase_100_com.android.server.wm.ActivityTaskManagerService$Lifecycle
05-04 19:59:30.312  8290  8290 D SystemServerTiming: OnBootPhase_100_com.android.server.am.ActivityManagerService$Lifecycle
05-04 19:59:30.312  8290  8290 D SystemServerTiming: OnBootPhase_100_com.android.server.pm.DataLoaderManagerService
05-04 19:59:30.312  8290  8290 D SystemServerTiming: OnBootPhase_100_com.android.server.power.PowerManagerService
05-04 19:59:30.312  8290  8290 D SystemServerTiming: OnBootPhase_100_com.android.server.power.ThermalManagerService
05-04 19:59:30.312  8290  8290 D SystemServerTiming: OnBootPhase_100_com.android.server.recoverysystem.RecoverySystemService$Lifecycle
05-04 19:59:30.312  8290  8290 D SystemServerTiming: OnBootPhase_100_com.android.server.lights.LightsService
05-04 19:59:30.312  8290  8290 D SystemServerTiming: OnBootPhase_100_com.android.server.display.DisplayManagerService
05-04 19:59:30.346  8290  8320 W LocalDisplayAdapter: DisplayModeSpecs base mode no longer available, using currently active mode.
05-04 19:59:30.532  8290  8320 E DisplayManagerService: Default display is null for info request from uid 1000
05-04 19:59:30.598  8290  8320 I DisplayDeviceRepository: Display device added: DisplayDeviceInfo{"Built-in Screen": uniqueId="local:4619827259835644672", 1080 x 2400, modeId 1, renderFrameRate 60.000004, hasArrSupport false, frameRateCategoryRate FrameRateCategoryRate {normal=60.0, high=90.0}, supportedRefreshRates [60.000004], defaultModeId 1, userPreferredModeId -1, supportedModes [{id=1, width=1080, height=2400, fps=60.000004, vsync=60.000004, synthetic=false, alternativeRefreshRates=[], supportedHdrTypes=[]}], colorMode 0, supportedColorModes [0], hdrCapabilities HdrCapabilities{mSupportedHdrTypes=[], mMaxLuminance=500.0, mMaxAverageLuminance=500.0, mMinLuminance=0.0}, isForceSdr false, allmSupported false, gameContentTypeSupported false, density 420, 420.0 x 420.0 dpi, appVsyncOff 1000000, presDeadline 16666666, touch INTERNAL, rotation 0, type INTERNAL, address {port=0, model=0x401cec6a7a2b7b}, deviceProductInfo DeviceProductInfo{name=EMU_display_0, manufacturerPnpId=GGL, productId=1, modelYear=null, manufactureDate=ManufactureDate{week=27, year=2006}, connectionToSinkType=1}, state UNKNOWN, committedState UNKNOWN, frameRateOverride , brightnessMinimum 0.035433073, brightnessMaximum 1.0, brightnessDefault 0.39763778, brightnessDim 0.05, hdrSdrRatio NaN, FLAG_ALLOWED_TO_BE_DEFAULT_DISPLAY, FLAG_ROTATES_WITH_CONTENT, FLAG_SECURE, FLAG_SUPPORTS_PROTECTED_BUFFERS, FLAG_TRUSTED, installOrientation 0, displayShape DisplayShape{ spec=-1893857183 displayWidth=1080 displayHeight=2400 physicalPixelDisplaySizeRatio=1.0 rotation=0 offsetX=0 offsetY=0 scale=1.0}}
05-04 19:59:30.599  8290  8320 I LogicalDisplayMapper: Applying layout: [{dispId: 0(ON), displayGroupName: , addr: {port=0, model=0x401cec6a7a2b7b}, mThermalBrightnessThrottlingMapId: null, mRefreshRateZoneId: null, mLeadDisplayId: -1, mLeadDisplayAddress: null, mThermalRefreshRateThrottlingMapId: null, mPowerThrottlingMapId: null}], Previous layout: null
05-04 19:59:30.600  8290  8320 I LogicalDisplayMapper: Setting new display group 0 for display 0, from previous group: null
05-04 19:59:30.710  8149  8149 W ServiceManagerCppClient: Waited one second for activity (is service started? Number of threads started in the threadpool: 16. Are binder threads started and available?)
05-04 19:59:30.764   224  8360 W libc    : Unable to set property "ctl.interface_start" to "aidl/activity": PROP_ERROR_HANDLE_CONTROL_MESSAGE (0x20)
05-04 19:59:30.838  8290  8290 W SystemServiceManager: Service com.android.server.display.DisplayManagerService took 526 ms in onBootPhase
05-04 19:59:30.838  8290  8290 D SystemServerTiming: StartDomainVerificationService
05-04 19:59:31.032  8290  8290 D SystemServerTiming: StartPackageManagerService
05-04 19:59:31.033  8290  8290 I Watchdog: Pausing HandlerChecker: main thread for reason: packagemanagermain. Pause count: 1
05-04 19:59:31.069  8290  8290 D PackageManagerTiming: create package manager
05-04 19:59:31.279  8290  8290 D PackageManagerTiming: createSubComponents
05-04 19:59:31.553   476  7859 E SensorsMultiHal: Dropping 1 events after blockingWrite failed (is system_server running?).
05-04 19:59:31.764  8149  8149 W ServiceManagerCppClient: Waited one second for activity (is service started? Number of threads started in the threadpool: 16. Are binder threads started and available?)
05-04 19:59:31.782  8290  8290 I UserManagerService: Upgrading users from userVersion 11 to 11
05-04 19:59:32.219   224  8363 W libc    : Unable to set property "ctl.interface_start" to "aidl/activity": PROP_ERROR_HANDLE_CONTROL_MESSAGE (0x20)
05-04 19:59:32.258  8290  8290 I system_server: Waiting for a blocking GC ClassLinker
05-04 19:59:32.462  8290  8300 W system_server: Suspending all threads took: 81.271ms
05-04 19:59:32.842  8149  8149 W ServiceManagerCppClient: Waited one second for activity (is service started? Number of threads started in the threadpool: 16. Are binder threads started and available?)
05-04 19:59:33.018   224  8365 W libc    : Unable to set property "ctl.interface_start" to "aidl/activity": PROP_ERROR_HANDLE_CONTROL_MESSAGE (0x20)
05-04 19:59:33.982  8149  8149 W ServiceManagerCppClient: Waited one second for activity (is service started? Number of threads started in the threadpool: 16. Are binder threads started and available?)
05-04 19:59:34.028   224  8366 W libc    : Unable to set property "ctl.interface_start" to "aidl/activity": PROP_ERROR_HANDLE_CONTROL_MESSAGE (0x20)
05-04 19:59:34.277  5537  5584 D BootAnimation: Playing files = /product/media/bootanimation.zip/part3, Requested repeat = 0, playUntilComplete = false
05-04 19:59:34.952  8290  8300 I system_server: Background concurrent mark compact GC freed 5558KB AllocSpace bytes, 38(992KB) LOS objects, 49% free, 2965KB/5931KB, paused 156.875ms,168.108ms total 4.143s
05-04 19:59:35.070  8290  8290 I system_server: WaitForGcToComplete blocked ClassLinker on Background for 2.695s
05-04 19:59:35.080  8149  8149 W ServiceManagerCppClient: Waited one second for activity (is service started? Number of threads started in the threadpool: 16. Are binder threads started and available?)
05-04 19:59:35.259   224  8369 W libc    : Unable to set property "ctl.interface_start" to "aidl/activity": PROP_ERROR_HANDLE_CONTROL_MESSAGE (0x20)
05-04 19:59:35.697  8290  8290 D PackageManagerTiming: get system config
05-04 19:59:35.698  8290  8290 D PackageManagerTiming: addSharedUsers
05-04 19:59:36.103  8290  8290 D SELinuxMMAC: Using policy file /system/etc/selinux/plat_mac_permissions.xml
05-04 19:59:36.254  8149  8149 W ServiceManagerCppClient: Waited one second for activity (is service started? Number of threads started in the threadpool: 16. Are binder threads started and available?)
05-04 19:59:36.325   224  8374 W libc    : Unable to set property "ctl.interface_start" to "aidl/activity": PROP_ERROR_HANDLE_CONTROL_MESSAGE (0x20)
05-04 19:59:36.465  8290  8290 D SELinuxMMAC: Using policy file /system_ext/etc/selinux/system_ext_mac_permissions.xml
05-04 19:59:36.466  8290  8290 D SELinuxMMAC: Using policy file /product/etc/selinux/product_mac_permissions.xml
05-04 19:59:36.490  8290  8290 D SELinuxMMAC: Using policy file /vendor/etc/selinux/vendor_mac_permissions.xml
05-04 19:59:36.491  8290  8290 D SELinuxMMAC: Using policy file /odm/etc/selinux/odm_mac_permissions.xml
05-04 19:59:36.493  8290  8290 D PackageManagerTiming: loadFallbacks
05-04 19:59:36.580  8290  8290 V Configuration: Updating configuration, locales updated from [] to [en_US]
05-04 19:59:36.581  8290  8290 I system_server: AssetManager2(0x7e804a5dd138) locale list changing from [] to [en-US]
05-04 19:59:36.585   476  7859 E SensorsMultiHal: Dropping 1 events after blockingWrite failed (is system_server running?).
05-04 19:59:36.780  8290  8290 D FallbackCategoryProvider: Found 387 fallback categories
05-04 19:59:36.783  8290  8290 D PackageManagerTiming: read user settings
05-04 19:59:36.896  8375  8375 W cmd     : Can't find service activity
05-04 19:59:37.293  8149  8149 W ServiceManagerCppClient: Waited one second for activity (is service started? Number of threads started in the threadpool: 16. Are binder threads started and available?)
05-04 19:59:37.338   224  8379 W libc    : Unable to set property "ctl.interface_start" to "aidl/activity": PROP_ERROR_HANDLE_CONTROL_MESSAGE (0x20)
05-04 19:59:38.406  8149  8149 W ServiceManagerCppClient: Waited one second for activity (is service started? Number of threads started in the threadpool: 16. Are binder threads started and available?)
05-04 19:59:38.503   224  8382 W libc    : Unable to set property "ctl.interface_start" to "aidl/activity": PROP_ERROR_HANDLE_CONTROL_MESSAGE (0x20)
05-04 19:59:39.496  8149  8149 W ServiceManagerCppClient: Waited one second for activity (is service started? Number of threads started in the threadpool: 16. Are binder threads started and available?)
05-04 19:59:39.788   224  8383 W libc    : Unable to set property "ctl.interface_start" to "aidl/activity": PROP_ERROR_HANDLE_CONTROL_MESSAGE (0x20)
05-04 19:59:40.668  8149  8149 W ServiceManagerCppClient: Waited one second for activity (is service started? Number of threads started in the threadpool: 16. Are binder threads started and available?)
05-04 19:59:40.813   224  8384 W libc    : Unable to set property "ctl.interface_start" to "aidl/activity": PROP_ERROR_HANDLE_CONTROL_MESSAGE (0x20)
05-04 19:59:41.604   476  7859 E SensorsMultiHal: Dropping 1 events after blockingWrite failed (is system_server running?).
05-04 19:59:41.785  8149  8149 W ServiceManagerCppClient: Waited one second for activity (is service started? Number of threads started in the threadpool: 16. Are binder threads started and available?)
05-04 19:59:41.958   224  8385 W libc    : Unable to set property "ctl.interface_start" to "aidl/activity": PROP_ERROR_HANDLE_CONTROL_MESSAGE (0x20)
05-04 19:59:42.970  8149  8149 W ServiceManagerCppClient: Waited one second for activity (is service started? Number of threads started in the threadpool: 16. Are binder threads started and available?)
05-04 19:59:43.205   224  8387 W libc    : Unable to set property "ctl.interface_start" to "aidl/activity": PROP_ERROR_HANDLE_CONTROL_MESSAGE (0x20)
05-04 19:59:43.686  8290  8290 W PackageManager: No package known for package restrictions com.google.android.tzdata6
05-04 19:59:43.686  8290  8290 W PackageManager: No package known for package restrictions com.google.android.ondevicepersonalization
05-04 19:59:43.687  8290  8290 W PackageManager: No package known for package restrictions com.android.hardware.authsecret
05-04 19:59:43.687  8290  8290 W PackageManager: No package known for package restrictions com.android.hardware.power
05-04 19:59:43.726  8290  8290 W PackageManager: No package known for package restrictions com.google.android.media.swcodec
05-04 19:59:43.728  8290  8290 W PackageManager: No package known for package restrictions com.google.android.os.statsd
05-04 19:59:43.728  8290  8290 W PackageManager: No package known for package restrictions com.google.android.widevine.nonupdatable
05-04 19:59:43.929  8290  8290 W PackageManager: No package known for package restrictions com.android.hardware.threadnetwork
05-04 19:59:43.931  8290  8290 W PackageManager: No package known for package restrictions com.google.android.extservices
05-04 19:59:43.932  8290  8290 W PackageManager: No package known for package restrictions com.android.hardware.rebootescrow
05-04 19:59:43.980  8290  8290 W PackageManager: No package known for package restrictions com.google.android.bt
05-04 19:59:43.981  8290  8290 W PackageManager: No package known for package restrictions com.google.android.healthfitness
05-04 19:59:43.982  8290  8290 W PackageManager: No package known for package restrictions com.google.android.ipsec
05-04 19:59:43.982  8290  8290 W PackageManager: No package known for package restrictions com.google.android.media
05-04 19:59:43.984  8290  8290 W PackageManager: No package known for package restrictions com.google.android.uprobestats
05-04 19:59:43.984  8290  8290 W PackageManager: No package known for package restrictions com.android.i18n
05-04 19:59:43.984  8290  8290 W PackageManager: No package known for package restrictions com.android.virt
05-04 19:59:43.984  8290  8290 W PackageManager: No package known for package restrictions com.android.hardware.contexthub
05-04 19:59:43.985  8290  8290 W PackageManager: No package known for package restrictions com.google.android.nfcservices
05-04 19:59:43.986  8290  8290 W PackageManager: No package known for package restrictions com.android.hardware.dumpstate
05-04 19:59:44.199  8290  8290 W PackageManager: No package known for package restrictions com.google.android.appsearch
05-04 19:59:44.200  8290  8290 W PackageManager: No package known for package restrictions com.google.android.configinfrastructure
05-04 19:59:44.201  8290  8290 W PackageManager: No package known for package restrictions com.android.devicelock
05-04 19:59:44.202  8290  8290 W PackageManager: No package known for package restrictions com.google.android.cellbroadcast
05-04 19:59:44.202  8290  8290 W PackageManager: No package known for package restrictions com.android.apex.cts.shim
05-04 19:59:44.202  8290  8290 W PackageManager: No package known for package restrictions com.android.compos
05-04 19:59:44.203  8290  8290 W PackageManager: No package known for package restrictions com.android.hardware.gatekeeper
05-04 19:59:44.203  8290  8290 W PackageManager: No package known for package restrictions com.google.android.resolv
05-04 19:59:44.203  8290  8290 W PackageManager: No package known for package restrictions com.google.android.sdkext
05-04 19:59:44.203  8290  8290 W PackageManager: No package known for package restrictions com.google.android.art
05-04 19:59:44.209  8290  8290 W PackageManager: No package known for package restrictions com.google.android.uwb
05-04 19:59:44.235  8149  8149 W ServiceManagerCppClient: Waited one second for activity (is service started? Number of threads started in the threadpool: 16. Are binder threads started and available?)
05-04 19:59:44.239  8290  8290 W PackageManager: No package known for package restrictions com.google.android.runtime
05-04 19:59:44.239  8290  8290 W PackageManager: No package known for package restrictions com.android.hardware.cas
05-04 19:59:44.239  8290  8290 W PackageManager: No package known for package restrictions com.android.hardware.uwb
05-04 19:59:44.240  8290  8290 W PackageManager: No package known for package restrictions com.google.android.adservices
05-04 19:59:44.241  8290  8290 W PackageManager: No package known for package restrictions com.google.android.crashrecovery
05-04 19:59:44.242  8290  8290 W PackageManager: No package known for package restrictions com.google.android.scheduling
05-04 19:59:44.242  8290  8290 W PackageManager: No package known for package restrictions com.android.hardware.thermal
05-04 19:59:44.242  8290  8290 W PackageManager: No package known for package restrictions com.google.android.mediaprovider
05-04 19:59:44.243  8290  8290 W PackageManager: No package known for package restrictions com.android.hardware.neuralnetworks
05-04 19:59:44.243  8290  8290 W PackageManager: No package known for package restrictions com.google.android.permission
05-04 19:59:44.243  8290  8290 W PackageManager: No package known for package restrictions com.google.android.profiling
05-04 19:59:44.372   224  8389 W libc    : Unable to set property "ctl.interface_start" to "aidl/activity": PROP_ERROR_HANDLE_CONTROL_MESSAGE (0x20)
05-04 19:59:44.478  8290  8290 W PackageManager: No package known for package restrictions com.google.android.neuralnetworks
05-04 19:59:44.478  8290  8290 W PackageManager: No package known for package restrictions com.google.android.tethering
05-04 19:59:44.479  8290  8290 W PackageManager: No package known for package restrictions com.google.android.adbd
05-04 19:59:44.479  8290  8290 W PackageManager: No package known for package restrictions com.google.android.rkpd
05-04 19:59:44.479  8290  8290 W PackageManager: No package known for package restrictions com.google.android.wifi
05-04 19:59:44.479  8290  8290 W PackageManager: No package known for package restrictions com.google.android.conscrypt
05-04 19:59:44.480  8290  8290 W PackageManager: No package known for package restrictions com.android.hardware.vibrator
05-04 19:59:45.375  8149  8149 W ServiceManagerCppClient: Waited one second for activity (is service started? Number of threads started in the threadpool: 16. Are binder threads started and available?)
05-04 19:59:45.641   224  8390 W libc    : Unable to set property "ctl.interface_start" to "aidl/activity": PROP_ERROR_HANDLE_CONTROL_MESSAGE (0x20)
05-04 19:59:45.979  5537  5584 D BootAnimation: Playing files = /product/media/bootanimation.zip/part3, Requested repeat = 0, playUntilComplete = false
05-04 19:59:46.233  8290  8290 W PackageSettings: Missing permission state for package com.android.cts.priv.ctsshim on user 0
05-04 19:59:46.236  8290  8290 W PackageSettings: Missing permission state for package com.google.android.youtube on user 0
05-04 19:59:46.261  8290  8290 W PackageSettings: Missing permission state for package com.android.internal.display.cutout.emulation.corner on user 0
05-04 19:59:46.261  8290  8290 W PackageSettings: Missing permission state for package com.google.android.ext.services on user 0
05-04 19:59:46.261  8290  8290 W PackageSettings: Missing permission state for package com.android.internal.display.cutout.emulation.double on user 0
05-04 19:59:46.261  8290  8290 W PackageSettings: Missing permission state for package com.google.android.googlequicksearchbox on user 0
05-04 19:59:46.262  8290  8290 W PackageSettings: Missing permission state for package com.google.android.onetimeinitializer on user 0
05-04 19:59:46.262  8290  8290 W PackageSettings: Missing permission state for package com.google.android.ext.shared on user 0
05-04 19:59:46.262  8290  8290 W PackageSettings: Missing permission state for package com.android.virtualmachine.res on user 0
05-04 19:59:46.262  8290  8290 W PackageSettings: Missing permission state for package com.android.wallpapercropper on user 0
05-04 19:59:46.262  8290  8290 W PackageSettings: Missing permission state for package com.google.android.federatedcompute on user 0
05-04 19:59:46.262  8290  8290 W PackageSettings: Missing permission state for package com.android.managedprovisioning.auto_generated_rro_product__ on user 0
05-04 19:59:46.263  8290  8290 W PackageSettings: Missing permission state for package com.android.carrierconfig.auto_generated_rro_vendor__ on user 0
05-04 19:59:46.263  8290  8290 W PackageSettings: Missing permission state for package com.google.android.server.deviceconfig.resources on user 0
05-04 19:59:46.263  8290  8290 W PackageSettings: Missing permission state for package com.android.systemui.emulation.pixel_3_xl on user 0
05-04 19:59:46.263  8290  8290 W PackageSettings: Missing permission state for package com.android.systemui.emulation.pixel_4_xl on user 0
05-04 19:59:46.263  8290  8290 W PackageSettings: Missing permission state for package com.android.systemui.emulation.pixel_fold on user 0
05-04 19:59:46.263  8290  8290 W PackageSettings: Missing permission state for package com.android.providers.telephony.auto_generated_characteristics_rro on user 0
05-04 19:59:46.264  8290  8290 W PackageSettings: Missing permission state for package com.android.simappdialog.auto_generated_rro_product__ on user 0
05-04 19:59:46.264  8290  8290 W PackageSettings: Missing permission state for package com.android.externalstorage on user 0
05-04 19:59:46.264  8290  8290 W PackageSettings: Missing permission state for package com.android.htmlviewer on user 0
05-04 19:59:46.264  8290  8290 W PackageSettings: Missing permission state for package com.android.companiondevicemanager on user 0
05-04 19:59:46.264  8290  8290 W PackageSettings: Missing permission state for package com.google.android.overlay.largescreenconfig on user 0
05-04 19:59:46.264  8290  8290 W PackageSettings: Missing permission state for package com.google.android.health.connect.backuprestore on user 0
05-04 19:59:46.265  8290  8290 W PackageSettings: Missing permission state for package com.android.systemui.auto_generated_rro_product__ on user 0
05-04 19:59:46.265  8290  8290 W PackageSettings: Missing permission state for package com.google.android.apps.messaging on user 0
05-04 19:59:46.265  8290  8290 W PackageSettings: Missing permission state for package com.google.android.soundpicker on user 0
05-04 19:59:46.265  8290  8290 W PackageSettings: Missing permission state for package com.android.networkstack.tethering.emulator on user 0
05-04 19:59:46.265  8290  8290 W PackageSettings: Missing permission state for package com.google.android.marvin.talkbackoverlay on user 0
05-04 19:59:46.265  8290  8290 W PackageSettings: Missing permission state for package com.google.android.configupdater on user 0
05-04 19:59:46.265  8290  8290 W PackageSettings: Missing permission state for package com.android.internal.emulation.pixel_3a_xl on user 0
05-04 19:59:46.378  8290  8290 W PackageSettings: Missing permission state for package com.android.internal.emulation.pixel_6_pro on user 0
05-04 19:59:46.379  8290  8290 W PackageSettings: Missing permission state for package com.android.internal.emulation.pixel_7_pro on user 0
05-04 19:59:46.379  8290  8290 W PackageSettings: Missing permission state for package com.android.internal.emulation.pixel_8_pro on user 0
05-04 19:59:46.380  8290  8290 W PackageSettings: Missing permission state for package com.android.internal.emulation.pixel_9_pro on user 0
05-04 19:59:46.380  8290  8290 W PackageSettings: Missing permission state for package com.google.android.providers.media.module on user 0
05-04 19:59:46.380  8290  8290 W PackageSettings: Missing permission state for package com.android.internal.emulation.pixel_3a on user 0
05-04 19:59:46.421  8290  8290 W PackageSettings: Missing permission state for package com.android.internal.emulation.pixel_4a on user 0
05-04 19:59:46.421  8290  8290 W PackageSettings: Missing permission state for package com.android.internal.emulation.pixel_6a on user 0
05-04 19:59:46.421  8290  8290 W PackageSettings: Missing permission state for package com.android.internal.emulation.pixel_7a on user 0
05-04 19:59:46.421  8290  8290 W PackageSettings: Missing permission state for package com.android.internal.emulation.pixel_8a on user 0
05-04 19:59:46.421  8290  8290 W PackageSettings: Missing permission state for package com.android.internal.emulation.pixel_9a on user 0
05-04 19:59:46.421  8290  8290 W PackageSettings: Missing permission state for package com.google.android.overlay.googlewebview on user 0
05-04 19:59:46.421  8290  8290 W PackageSettings: Missing permission state for package com.google.android.apps.safetyhub on user 0
05-04 19:59:46.422  8290  8290 W PackageSettings: Missing permission state for package com.android.systemui.plugin.globalactions.wallet on user 0
05-04 19:59:46.422  8290  8290 W PackageSettings: Missing permission state for package com.google.android.hotspot2.osulogin on user 0
05-04 19:59:46.422  8290  8290 W PackageSettings: Missing permission state for package com.android.vending on user 0
05-04 19:59:46.422  8290  8290 W PackageSettings: Missing permission state for package com.android.pacprocessor on user 0
05-04 19:59:46.422  8290  8290 W PackageSettings: Missing permission state for package com.android.simappdialog on user 0
05-04 19:59:46.422  8290  8290 W PackageSettings: Missing permission state for package com.google.android.adservices.api on user 0
05-04 19:59:46.422  8290  8290 W PackageSettings: Missing permission state for package com.android.internal.display.cutout.emulation.hole on user 0
05-04 19:59:46.423  8290  8290 W PackageSettings: Missing permission state for package com.android.internal.display.cutout.emulation.tall on user 0
05-04 19:59:46.423  8290  8290 W PackageSettings: Missing permission state for package com.android.certinstaller on user 0
05-04 19:59:46.423  8290  8290 W PackageSettings: Missing permission state for package com.android.carrierconfig on user 0
05-04 19:59:46.423  8290  8290 W PackageSettings: Missing permission state for package com.google.android.marvin.talkback on user 0
05-04 19:59:46.423  8290  8290 W PackageSettings: Missing permission state for package com.android.internal.systemui.navbar.threebutton on user 0
05-04 19:59:46.423  8290  8290 W PackageSettings: Missing permission state for package com.android.camera2 on user 0
05-04 19:59:46.424  8290  8290 W PackageSettings: Missing permission state for package com.android.internal.ranchu.commonoverlay on user 0
05-04 19:59:46.424  8290  8290 W PackageSettings: Missing permission state for package com.google.android.sdksandbox on user 0
05-04 19:59:46.424  8290  8290 W PackageSettings: Missing permission state for package com.android.egg on user 0
05-04 19:59:46.424  8290  8290 W PackageSettings: Missing permission state for package com.android.backupconfirm on user 0
05-04 19:59:46.424  8290  8290 W PackageSettings: Missing permission state for package com.android.systemui.auto_generated_rro_vendor__ on user 0
05-04 19:59:46.424  8290  8290 W PackageSettings: Missing permission state for package com.google.android.deskclock on user 0
05-04 19:59:46.424  8290  8290 W PackageSettings: Missing permission state for package com.android.internal.systemui.navbar.twobutton on user 0
05-04 19:59:46.424  8290  8290 W PackageSettings: Missing permission state for package com.google.android.as on user 0
05-04 19:59:46.425  8290  8290 W PackageSettings: Missing permission state for package com.google.android.gm on user 0
05-04 19:59:46.425  8290  8290 W PackageSettings: Missing permission state for package com.android.compos.payload on user 0
05-04 19:59:46.425  8290  8290 W PackageSettings: Missing permission state for package com.android.systemui.accessibility.accessibilitymenu on user 0
05-04 19:59:46.425  8290  8290 W PackageSettings: Missing permission state for package com.google.android.permissioncontroller on user 0
05-04 19:59:46.425  8290  8290 W PackageSettings: Missing permission state for package com.android.systemui.emulation.pixel_3 on user 0
05-04 19:59:46.466  8290  8290 W PackageSettings: Missing permission state for package com.android.systemui.emulation.pixel_4 on user 0
05-04 19:59:46.466  8290  8290 W PackageSettings: Missing permission state for package com.android.systemui.emulation.pixel_5 on user 0
05-04 19:59:46.466  8290  8290 W PackageSettings: Missing permission state for package com.android.systemui.emulation.pixel_6 on user 0
05-04 19:59:46.466  8290  8290 W PackageSettings: Missing permission state for package com.android.systemui.emulation.pixel_7 on user 0
05-04 19:59:46.466  8290  8290 W PackageSettings: Missing permission state for package com.android.systemui.emulation.pixel_8 on user 0
05-04 19:59:46.466  8290  8290 W PackageSettings: Missing permission state for package com.android.systemui.emulation.pixel_9 on user 0
05-04 19:59:46.466  8290  8290 W PackageSettings: Missing permission state for package com.android.emulator.radio.config on user 0
05-04 19:59:46.467  8290  8290 W PackageSettings: Missing permission state for package com.android.sharedstoragebackup on user 0
05-04 19:59:46.467  8290  8290 W PackageSettings: Missing permission state for package com.android.printspooler on user 0
05-04 19:59:46.467  8290  8290 W PackageSettings: Missing permission state for package com.google.android.connectivity.resources.goldfish.overlay on user 0
05-04 19:59:46.467  8290  8290 W PackageSettings: Missing permission state for package com.android.virtualization.terminal on user 0
05-04 19:59:46.467  8290  8290 W PackageSettings: Missing permission state for package com.android.dreams.basic on user 0
05-04 19:59:46.467  8290  8290 W PackageSettings: Missing permission state for package com.google.android.networkstack.tethering.emulator on user 0
05-04 19:59:46.467  8290  8290 W PackageSettings: Missing permission state for package com.android.providers.settings.auto_generated_rro_product__ on user 0
05-04 19:59:46.467  8290  8290 W PackageSettings: Missing permission state for package com.google.android.as.oss on user 0
05-04 19:59:46.468  8290  8290 W PackageSettings: Missing permission state for package com.android.traceur.auto_generated_rro_product__ on user 0
05-04 19:59:46.468  8290  8290 W PackageSettings: Missing permission state for package com.google.android.apps.wellbeing on user 0
05-04 19:59:46.468  8290  8290 W PackageSettings: Missing permission state for package com.android.internal.emulation.pixel_9_pro_fold on user 0
05-04 19:59:46.468  8290  8290 W PackageSettings: Missing permission state for package com.google.android.dialer on user 0
05-04 19:59:46.468  8290  8290 W PackageSettings: Missing permission state for package com.android.bips on user 0
05-04 19:59:46.468  8290  8290 W PackageSettings: Missing permission state for package com.android.internal.emulation.pixel_3 on user 0
05-04 19:59:46.468  8290  8290 W PackageSettings: Missing permission state for package com.android.internal.emulation.pixel_4 on user 0
05-04 19:59:46.469  8290  8290 W PackageSettings: Missing permission state for package com.android.internal.emulation.pixel_5 on user 0
05-04 19:59:46.469  8290  8290 W PackageSettings: Missing permission state for package com.android.internal.emulation.pixel_6 on user 0
05-04 19:59:46.469  8290  8290 W PackageSettings: Missing permission state for package com.android.internal.emulation.pixel_7 on user 0
05-04 19:59:46.469  8290  8290 W PackageSettings: Missing permission state for package com.android.internal.emulation.pixel_8 on user 0
05-04 19:59:46.469  8290  8290 W PackageSettings: Missing permission state for package com.android.internal.emulation.pixel_9 on user 0
05-04 19:59:46.469  8290  8290 W PackageSettings: Missing permission state for package com.google.android.captiveportallogin on user 0
05-04 19:59:46.469  8290  8290 W PackageSettings: Missing permission state for package android.auto_generated_characteristics_rro on user 0
05-04 19:59:46.470  8290  8290 W PackageSettings: Missing permission state for package com.google.android.appsearch.apk on user 0
05-04 19:59:46.470  8290  8290 W PackageSettings: Missing permission state for package com.android.musicfx on user 0
05-04 19:59:46.470  8290  8290 W PackageSettings: Missing permission state for package com.google.android.apps.docs on user 0
05-04 19:59:46.472  8290  8290 W PackageSettings: Missing permission state for package com.google.android.modulemetadata on user 0
05-04 19:59:46.472  8290  8290 W PackageSettings: Missing permission state for package com.android.internal.display.cutout.emulation.emu01 on user 0
05-04 19:59:46.472  8290  8290 W PackageSettings: Missing permission state for package com.google.android.avatarpicker on user 0
05-04 19:59:46.472  8290  8290 W PackageSettings: Missing permission state for package com.google.android.markup on user 0
05-04 19:59:46.472  8290  8290 W PackageSettings: Missing permission state for package com.android.cellbroadcastreceiver on user 0
05-04 19:59:46.472  8290  8290 W PackageSettings: Missing permission state for package com.google.android.webview on user 0
05-04 19:59:46.472  8290  8290 W PackageSettings: Missing permission state for package com.google.android.rkpdapp on user 0
05-04 19:59:46.534  8290  8290 W PackageSettings: Missing permission state for package com.google.android.contacts on user 0
05-04 19:59:46.535  8290  8290 W PackageSettings: Missing permission state for package com.android.server.telecom.auto_generated_rro_product__ on user 0
05-04 19:59:46.536  8290  8290 W PackageSettings: Missing permission state for package com.android.phone.auto_generated_characteristics_rro on user 0
05-04 19:59:46.536  8290  8290 W PackageSettings: Missing permission state for package com.google.android.overlay.googleconfig on user 0
05-04 19:59:46.536  8290  8290 W PackageSettings: Missing permission state for package com.android.chrome on user 0
05-04 19:59:46.536  8290  8290 W PackageSettings: Missing permission state for package com.android.bips.auto_generated_rro_product__ on user 0
05-04 19:59:46.536  8149  8149 W ServiceManagerCppClient: Waited one second for activity (is service started? Number of threads started in the threadpool: 16. Are binder threads started and available?)
05-04 19:59:46.536  8290  8290 W PackageSettings: Missing permission state for package com.google.android.packageinstaller on user 0
05-04 19:59:46.536  8290  8290 W PackageSettings: Missing permission state for package com.google.android.apps.customization.pixel on user 0
05-04 19:59:46.537  8290  8290 W PackageSettings: Missing permission state for package com.google.android.gms on user 0
05-04 19:59:46.538  8290  8290 W PackageSettings: Missing permission state for package com.google.android.tag on user 0
05-04 19:59:46.538  8290  8290 W PackageSettings: Missing permission state for package com.google.android.tts on user 0
05-04 19:59:46.538  8290  8290 W PackageSettings: Missing permission state for package com.google.android.overlay.permissioncontroller on user 0
05-04 19:59:46.538  8290  8290 W PackageSettings: Missing permission state for package com.google.android.googlesdksetup on user 0
05-04 19:59:46.539  8290  8290 W PackageSettings: Missing permission state for package com.google.android.partnersetup on user 0
05-04 19:59:46.539  8290  8290 W PackageSettings: Missing permission state for package com.android.cameraextensions on user 0
05-04 19:59:46.540  8290  8290 W PackageSettings: Missing permission state for package com.google.android.apps.nexuslauncher on user 0
05-04 19:59:46.541  8290  8290 W PackageSettings: Missing permission state for package com.android.carrierdefaultapp on user 0
05-04 19:59:46.541  8290  8290 W PackageSettings: Missing permission state for package com.android.credentialmanager on user 0
05-04 19:59:46.541  8290  8290 W PackageSettings: Missing permission state for package com.android.theme.font.notoserifsource on user 0
05-04 19:59:46.541  8290  8290 W PackageSettings: Missing permission state for package com.android.proxyhandler on user 0
05-04 19:59:46.542  8290  8290 W PackageSettings: Missing permission state for package com.google.android.safetycenter.resources on user 0
05-04 19:59:46.542  8290  8290 W PackageSettings: Missing permission state for package com.android.internal.display.cutout.emulation.waterfall on user 0
05-04 19:59:46.542  8290  8290 W PackageSettings: Missing permission state for package com.android.intentresolver on user 0
05-04 19:59:46.542  8290  8290 W PackageSettings: Missing permission state for package com.android.internal.systemui.navbar.transparent on user 0
05-04 19:59:46.543  8290  8290 W PackageSettings: Missing permission state for package com.google.android.connectivity.resources on user 0
05-04 19:59:46.543  8290  8290 W PackageSettings: Missing permission state for package com.android.providers.contacts.auto_generated_rro_product__ on user 0
05-04 19:59:46.543  8290  8290 W PackageSettings: Missing permission state for package com.google.android.feedback on user 0
05-04 19:59:46.544  8290  8290 W PackageSettings: Missing permission state for package com.google.android.printservice.recommendation on user 0
05-04 19:59:46.544  8290  8290 W PackageSettings: Missing permission state for package com.google.android.apps.photos on user 0
05-04 19:59:46.544  8290  8290 W PackageSettings: Missing permission state for package com.android.managedprovisioning on user 0
05-04 19:59:46.545  8290  8290 W PackageSettings: Missing permission state for package com.google.android.documentsui on user 0
05-04 19:59:46.545  8290  8290 W PackageSettings: Missing permission state for package com.android.systemui.emulation.pixel_3a_xl on user 0
05-04 19:59:46.545  8290  8290 W PackageSettings: Missing permission state for package com.android.systemui.emulation.pixel_6_pro on user 0
05-04 19:59:46.545  8290  8290 W PackageSettings: Missing permission state for package com.android.systemui.emulation.pixel_7_pro on user 0
05-04 19:59:46.545  8290  8290 W PackageSettings: Missing permission state for package com.android.systemui.emulation.pixel_8_pro on user 0
05-04 19:59:46.545  8290  8290 W PackageSettings: Missing permission state for package com.android.systemui.emulation.pixel_9_pro on user 0
05-04 19:59:46.545  8290  8290 W PackageSettings: Missing permission state for package com.google.android.accessibility.switchaccess on user 0
05-04 19:59:46.546  8290  8290 W PackageSettings: Missing permission state for package com.google.mainline.telemetry on user 0
05-04 19:59:46.546  8290  8290 W PackageSettings: Missing permission state for package com.android.carrierconfig.auto_generated_rro_product__ on user 0
05-04 19:59:46.546  8290  8290 W PackageSettings: Missing permission state for package com.android.devicediagnostics.auto_generated_rro_product__ on user 0
05-04 19:59:46.546  8290  8290 W PackageSettings: Missing permission state for package com.android.devicediagnostics on user 0
05-04 19:59:46.546  8290  8290 W PackageSettings: Missing permission state for package com.google.android.overlay.largescreensettingsprovider on user 0
05-04 19:59:46.546  8290  8290 W PackageSettings: Missing permission state for package com.android.providers.partnerbookmarks on user 0
