05-04 19:59:46.546  8290  8290 W PackageSettings: Missing permission state for package com.android.role.notes.enabled on user 0
05-04 19:59:46.547  8290  8290 W PackageSettings: Missing permission state for package com.android.wallpaper.livepicker on user 0
05-04 19:59:46.547  8290  8290 W PackageSettings: Missing permission state for package com.android.providers.telephony.auto_generated_rro_product__ on user 0
05-04 19:59:46.547  8290  8290 W PackageSettings: Missing permission state for package com.android.phone.auto_generated_rro_vendor__ on user 0
05-04 19:59:46.547  8290  8290 W PackageSettings: Missing permission state for package com.google.mainline.adservices on user 0
05-04 19:59:46.547  8290  8290 W PackageSettings: Missing permission state for package com.android.imsserviceentitlement on user 0
05-04 19:59:46.547  8290  8290 W PackageSettings: Missing permission state for package com.android.internal.emulation.pixel_9_pro_xl on user 0
05-04 19:59:46.547  8290  8290 W PackageSettings: Missing permission state for package com.google.android.healthconnect.controller on user 0
05-04 19:59:46.548  8290  8290 W PackageSettings: Missing permission state for package com.google.android.gms.supervision on user 0
05-04 19:59:46.548  8290  8290 W PackageSettings: Missing permission state for package com.android.internal.emulation.pixel_2_xl on user 0
05-04 19:59:46.548  8290  8290 W PackageSettings: Missing permission state for package com.android.internal.emulation.pixel_3_xl on user 0
05-04 19:59:46.548  8290  8290 W PackageSettings: Missing permission state for package com.android.internal.emulation.pixel_4_xl on user 0
05-04 19:59:46.549  8290  8290 W PackageSettings: Missing permission state for package com.android.internal.emulation.pixel_fold on user 0
05-04 19:59:46.549  8290  8290 W PackageSettings: Missing permission state for package com.android.storagemanager on user 0
05-04 19:59:46.549  8290  8290 W PackageSettings: Missing permission state for package com.android.bookmarkprovider on user 0
05-04 19:59:46.549  8290  8290 W PackageSettings: Missing permission state for package com.google.android.overlay.pixelconfigcommon on user 0
05-04 19:59:46.549  8290  8290 W PackageSettings: Missing permission state for package com.android.systemui.accessibility.accessibilitymenu.auto_generated_rro_product__ on user 0
05-04 19:59:46.550  8290  8290 W PackageSettings: Missing permission state for package com.android.systemui.emulation.pixel_3a on user 0
05-04 19:59:46.550  8290  8290 W PackageSettings: Missing permission state for package com.android.systemui.emulation.pixel_4a on user 0
05-04 19:59:46.550  8290  8290 W PackageSettings: Missing permission state for package com.android.systemui.emulation.pixel_6a on user 0
05-04 19:59:46.550  8290  8290 W PackageSettings: Missing permission state for package com.android.systemui.emulation.pixel_7a on user 0
05-04 19:59:46.550  8290  8290 W PackageSettings: Missing permission state for package com.android.systemui.emulation.pixel_8a on user 0
05-04 19:59:46.550  8290  8290 W PackageSettings: Missing permission state for package com.android.systemui.emulation.pixel_9a on user 0
05-04 19:59:46.550  8290  8290 W PackageSettings: Missing permission state for package com.google.android.settings.intelligence on user 0
05-04 19:59:46.550  8290  8290 W PackageSettings: Missing permission state for package com.google.android.uwb.resources on user 0
05-04 19:59:46.551  8290  8290 W PackageSettings: Missing permission state for package com.google.android.wifi.resources on user 0
05-04 19:59:46.551  8290  8290 W PackageSettings: Missing permission state for package com.google.android.wifi.dialog on user 0
05-04 19:59:46.551  8290  8290 W PackageSettings: Missing permission state for package com.google.android.trichromelibrary_694313738 on user 0
05-04 19:59:46.551  8290  8290 W PackageSettings: Missing permission state for package com.google.android.telephony.satellite on user 0
05-04 19:59:46.551  8290  8290 W PackageSettings: Missing permission state for package com.android.wallpaper on user 0
05-04 19:59:46.551  8290  8290 W PackageSettings: Missing permission state for package com.android.microdroid.empty_payload on user 0
05-04 19:59:46.551  8290  8290 W PackageSettings: Missing permission state for package com.android.vpndialogs on user 0
05-04 19:59:46.552  8290  8290 W PackageSettings: Missing permission state for package com.google.android.apps.wallpaper on user 0
05-04 19:59:46.552  8290  8290 W PackageSettings: Missing permission state for package com.google.android.odad on user 0
05-04 19:59:46.552  8290  8290 W PackageSettings: Missing permission state for package com.android.wallpaperbackup on user 0
05-04 19:59:46.552  8290  8290 W PackageSettings: Missing permission state for package com.android.settings.auto_generated_rro_product__ on user 0
05-04 19:59:46.552  8290  8290 W PackageSettings: Missing permission state for package com.android.systemui.emulation.pixel_9_pro_xl on user 0
05-04 19:59:46.552  8290  8290 W PackageSettings: Missing permission state for package com.android.companiondevicemanager.auto_generated_characteristics_rro on user 0
05-04 19:59:46.553  8290  8290 W PackageSettings: Missing permission state for package com.android.internal.systemui.navbar.gestural on user 0
05-04 19:59:46.606   476  7859 E SensorsMultiHal: Dropping 1 events after blockingWrite failed (is system_server running?).
05-04 19:59:46.666  8290  8290 W PackageSettings: Missing permission state for package com.google.android.ondevicepersonalization.services on user 0
05-04 19:59:46.667  8290  8290 W PackageSettings: Missing permission state for package com.google.android.apps.youtube.music on user 0
05-04 19:59:46.667  8290  8290 W PackageSettings: Missing permission state for package com.android.bluetoothmidiservice on user 0
05-04 19:59:46.667  8290  8290 W PackageSettings: Missing permission state for package com.google.android.uwb.resources.goldfish.overlay on user 0
05-04 19:59:46.667  8290  8290 W PackageSettings: Missing permission state for package com.android.traceur on user 0
05-04 19:59:46.668  8290  8290 W PackageSettings: Missing permission state for package com.android.storagemanager.auto_generated_rro_product__ on user 0
05-04 19:59:46.668  8290  8290 W PackageSettings: Missing permission state for package com.google.android.cellbroadcastreceiver on user 0
05-04 19:59:46.668  8290  8290 W PackageSettings: Missing permission state for package com.android.phone.auto_generated_rro_product__ on user 0
05-04 19:59:46.668  8290  8290 W PackageSettings: Missing permission state for package com.android.systemui.emulation.pixel_9_pro_fold on user 0
05-04 19:59:46.668  8290  8290 W PackageSettings: Missing permission state for package android.auto_generated_rro_product__ on user 0
05-04 19:59:46.669  8290  8290 W PackageSettings: Missing permission state for package com.android.devicelockcontroller on user 0
05-04 19:59:46.669  8290  8290 W PackageSettings: Missing permission state for package com.google.android.photopicker on user 0
05-04 19:59:46.669  8290  8290 W PackageSettings: Missing permission state for package com.google.android.inputmethod.latin on user 0
05-04 19:59:46.669  8290  8290 W PackageSettings: Missing permission state for package android.auto_generated_rro_vendor__ on user 0
05-04 19:59:46.670  8290  8290 W PackageSettings: Missing permission state for package com.google.android.apps.restore on user 0
05-04 19:59:46.692   224  8391 W libc    : Unable to set property "ctl.interface_start" to "aidl/activity": PROP_ERROR_HANDLE_CONTROL_MESSAGE (0x20)
05-04 19:59:46.790  8290  8290 W PackageSettings: Missing permission state for shared user: android.uid.log
05-04 19:59:46.790  8290  8290 W PackageSettings: Missing permission state for shared user: android.uid.uwb
05-04 19:59:47.538  8290  8290 W PackageManager: Could not find package com.android.companiondevicemanager
05-04 19:59:47.551  8149  8149 W ServiceManagerCppClient: Waited one second for activity (is service started? Number of threads started in the threadpool: 16. Are binder threads started and available?)
05-04 19:59:47.765   224  8394 W libc    : Unable to set property "ctl.interface_start" to "aidl/activity": PROP_ERROR_HANDLE_CONTROL_MESSAGE (0x20)
05-04 19:59:48.734  8149  8149 W ServiceManagerCppClient: Waited one second for activity (is service started? Number of threads started in the threadpool: 16. Are binder threads started and available?)
05-04 19:59:48.993   224  8398 W libc    : Unable to set property "ctl.interface_start" to "aidl/activity": PROP_ERROR_HANDLE_CONTROL_MESSAGE (0x20)
05-04 19:59:49.106  8396  8396 W cmd     : Can't find service package
05-04 19:59:49.378  8290  8300 I system_server: Background concurrent mark compact GC freed 1842KB AllocSpace bytes, 3(76KB) LOS objects, 49% free, 5887KB/11MB, paused 31.746ms,474.936ms total 6.887s
05-04 19:59:49.833  8290  8290 D PackageManager: Directories scanned as system partitions: [/system:0, /vendor:524288, /odm:4194304, /oem:262144, /product:1048576, /system_ext:2097152, /apex/com.android.hardware.authsecret:42467328, /apex/com.android.hardware.threadnetwork:42467328, /apex/com.android.appsearch:41943040, /apex/com.android.adservices:41943040, /apex/com.android.cellbroadcast:41943040, /apex/com.android.configinfrastructure:41943040, /apex/com.android.adbd:41943040, /apex/com.android.compos:44040192, /apex/com.android.art:41943040, /apex/com.android.hardware.power:42467328, /apex/com.android.conscrypt:41943040, /apex/com.android.hardware.uwb:42467328, /apex/com.google.android.widevine:42467328, /apex/com.android.tzdata:41943040, /apex/com.android.scheduling:41943040, /apex/com.android.mediaprovider:41943040, /apex/com.android.hardware.gatekeeper:42467328, /apex/com.android.uprobestats:41943040, /apex/com.android.ondevicepersonalization:41943040, /apex/com.android.hardware.thermal:42467328, /apex/com.android.resolv:41943040, /apex/com.android.media.swcodec:41943040, /apex/com.android.os.statsd:41943040, /apex/com.android.hardware.contexthub:42467328, /apex/com.android.hardware.vibrator:42467328, /apex/com.android.uwb:41943040, /apex/com.android.rkpd:41943040, /apex/com.android.virt:41943040, /apex/com.android.sdkext:41943040, /apex/com.android.hardware.neuralnetworks:42467328, /apex/com.android.devicelock:41943040, /apex/com.android.i18n:41943040, /apex/com.android.permission:41943040, /apex/com.android.ipsec:41943040, /apex/com.android.hardware.cas:42467328, /apex/com.android.profiling:41943040, /apex/com.android.healthfitness:41943040, /apex/com.android.tethering:41943040, /apex/com.android.extservices:41943040, /apex/com.android.hardware.dumpstate:42467328, /apex/com.android.apex.cts.shim:41943040, /apex/com.android.crashrecovery:41943040, /apex/com.android.bt:41943040, /apex/com.android.wifi:41943040, /apex/com.android.hardware.rebootescrow:42467328, /apex/com.android.nfcservices:41943040, /apex/com.android.media:41943040, /apex/com.android.runtime:41943040, /apex/com.android.neuralnetworks:41943040]
05-04 19:59:49.933  8290  8290 D PackageManager: Keeping known cache 7c2167d99e9a068eff8907a5c72aa4324629e3c2
05-04 19:59:50.070  8149  8149 W ServiceManagerCppClient: Waited one second for activity (is service started? Number of threads started in the threadpool: 16. Are binder threads started and available?)
05-04 19:59:50.150   224  8401 W libc    : Unable to set property "ctl.interface_start" to "aidl/activity": PROP_ERROR_HANDLE_CONTROL_MESSAGE (0x20)
05-04 19:59:51.106  8149  8149 W ServiceManagerCppClient: Waited one second for activity (is service started? Number of threads started in the threadpool: 16. Are binder threads started and available?)
05-04 19:59:51.196  8290  8290 W ServiceManagerCppClient: Waited one second for apexservice (is service started? Number of threads started in the threadpool: 32. Are binder threads started and available?)
05-04 19:59:51.333   224  8404 W libc    : Unable to set property "ctl.interface_start" to "aidl/activity": PROP_ERROR_HANDLE_CONTROL_MESSAGE (0x20)
05-04 19:59:51.616   476  7859 E SensorsMultiHal: Dropping 1 events after blockingWrite failed (is system_server running?).
05-04 19:59:52.408  8149  8149 W ServiceManagerCppClient: Waited one second for activity (is service started? Number of threads started in the threadpool: 16. Are binder threads started and available?)
05-04 19:59:52.443   224  8411 W libc    : Unable to set property "ctl.interface_start" to "aidl/activity": PROP_ERROR_HANDLE_CONTROL_MESSAGE (0x20)
05-04 19:59:52.719  8290  8290 I PackageManager: /data/apex/decompressed/com.android.adbd@360527520.decompressed.apex changed; collecting certs
05-04 19:59:53.011  8290  8290 I PackageBackwardCompatibility: Loaded android.content.pm.AndroidTestBaseUpdater
05-04 19:59:53.409  8290  8290 I PackageManager: /data/apex/decompressed/com.android.appsearch@360527520.decompressed.apex changed; collecting certs
05-04 19:59:53.446  8149  8149 W ServiceManagerCppClient: Waited one second for activity (is service started? Number of threads started in the threadpool: 16. Are binder threads started and available?)
05-04 19:59:53.619   224  8416 W libc    : Unable to set property "ctl.interface_start" to "aidl/activity": PROP_ERROR_HANDLE_CONTROL_MESSAGE (0x20)
05-04 19:59:53.925  8290  8290 I PackageManager: /data/apex/decompressed/com.android.adservices@360527520.decompressed.apex changed; collecting certs
05-04 19:59:54.067  8290  8290 I PackageManager: /data/apex/decompressed/com.android.art@360527520.decompressed.apex changed; collecting certs
05-04 19:59:54.247  8290  8290 I PackageManager: /data/apex/decompressed/com.android.bt@360527520.decompressed.apex changed; collecting certs
05-04 19:59:54.329  8290  8290 I PackageManager: /system/apex/com.android.apex.cts.shim.apex changed; collecting certs
05-04 19:59:54.445  8290  8290 I PackageManager: /data/apex/decompressed/com.android.configinfrastructure@360527520.decompressed.apex changed; collecting certs
05-04 19:59:54.542  8149  8149 W ServiceManagerCppClient: Waited one second for activity (is service started? Number of threads started in the threadpool: 16. Are binder threads started and available?)
05-04 19:59:54.617   224  8417 W libc    : Unable to set property "ctl.interface_start" to "aidl/activity": PROP_ERROR_HANDLE_CONTROL_MESSAGE (0x20)
05-04 19:59:54.756  8290  8290 I PackageManager: /system_ext/apex/com.android.compos.apex changed; collecting certs
05-04 19:59:54.975  8290  8290 I PackageManager: /data/apex/decompressed/com.android.crashrecovery@360527520.decompressed.apex changed; collecting certs
05-04 19:59:54.986  5537  5584 D BootAnimation: Playing files = /product/media/bootanimation.zip/part3, Requested repeat = 0, playUntilComplete = false
05-04 19:59:55.070  8290  8290 I PackageManager: /data/apex/decompressed/com.android.cellbroadcast@360527520.decompressed.apex changed; collecting certs
05-04 19:59:55.130  8290  8290 I PackageManager: /data/apex/decompressed/com.android.extservices@360527523.decompressed.apex changed; collecting certs
05-04 19:59:55.320  8290  8290 I PackageManager: /system/apex/com.android.devicelock.apex changed; collecting certs
05-04 19:59:55.334  8290  8290 I PackageManager: /vendor/apex/com.android.hardware.contexthub.apex changed; collecting certs
05-04 19:59:55.397  8290  8290 I PackageManager: /vendor/apex/com.android.hardware.cas.apex changed; collecting certs
05-04 19:59:55.541  8290  8290 I PackageManager: /vendor/apex/com.android.hardware.dumpstate.apex changed; collecting certs
05-04 19:59:55.633  8149  8149 W ServiceManagerCppClient: Waited one second for activity (is service started? Number of threads started in the threadpool: 16. Are binder threads started and available?)
05-04 19:59:55.665   224  8418 W libc    : Unable to set property "ctl.interface_start" to "aidl/activity": PROP_ERROR_HANDLE_CONTROL_MESSAGE (0x20)
05-04 19:59:55.674  8290  8290 I PackageManager: /vendor/apex/com.android.hardware.authsecret.apex changed; collecting certs
05-04 19:59:55.832  8290  8290 I PackageManager: /vendor/apex/com.android.hardware.power.apex changed; collecting certs
05-04 19:59:55.848  8290  8290 I PackageManager: /vendor/apex/com.android.hardware.neuralnetworks.apex changed; collecting certs
05-04 19:59:56.083  8290  8290 I PackageManager: /vendor/apex/com.android.hardware.rebootescrow.apex changed; collecting certs
05-04 19:59:56.251  8290  8290 I PackageManager: /vendor/apex/com.android.hardware.thermal.apex changed; collecting certs
05-04 19:59:56.293  8290  8290 I PackageManager: /vendor/apex/com.android.hardware.threadnetwork-simulation-rcp.apex changed; collecting certs
05-04 19:59:56.328  8290  8290 I PackageManager: /data/apex/decompressed/com.android.conscrypt@360527520.decompressed.apex changed; collecting certs
05-04 19:59:56.559  8290  8290 I PackageManager: /vendor/apex/com.android.hardware.vibrator.apex changed; collecting certs
05-04 19:59:56.626   476  7859 E SensorsMultiHal: Dropping 1 events after blockingWrite failed (is system_server running?).
05-04 19:59:56.695  8149  8149 W ServiceManagerCppClient: Waited one second for activity (is service started? Number of threads started in the threadpool: 16. Are binder threads started and available?)
05-04 19:59:56.789   224  8419 W libc    : Unable to set property "ctl.interface_start" to "aidl/activity": PROP_ERROR_HANDLE_CONTROL_MESSAGE (0x20)
05-04 19:59:57.060  8290  8290 I PackageManager: /system/apex/com.android.i18n.apex changed; collecting certs
05-04 19:59:57.191  8290  8290 I PackageManager: /data/apex/decompressed/com.android.healthfitness@360527520.decompressed.apex changed; collecting certs
05-04 19:59:57.289  8290  8300 W system_server: Suspending all threads took: 22.548ms
05-04 19:59:57.553  8290  8290 I PackageManager: /data/apex/decompressed/com.android.ipsec@360527520.decompressed.apex changed; collecting certs
05-04 19:59:57.774  8290  8290 I PackageManager: /vendor/apex/com.android.hardware.gatekeeper.nonsecure.apex changed; collecting certs
05-04 19:59:57.793  8149  8149 W ServiceManagerCppClient: Waited one second for activity (is service started? Number of threads started in the threadpool: 16. Are binder threads started and available?)
05-04 19:59:57.985   224  8422 W libc    : Unable to set property "ctl.interface_start" to "aidl/activity": PROP_ERROR_HANDLE_CONTROL_MESSAGE (0x20)
05-04 19:59:59.046  8149  8149 W ServiceManagerCppClient: Waited one second for activity (is service started? Number of threads started in the threadpool: 16. Are binder threads started and available?)
05-04 19:59:59.268   224  8425 W libc    : Unable to set property "ctl.interface_start" to "aidl/activity": PROP_ERROR_HANDLE_CONTROL_MESSAGE (0x20)
05-04 19:59:59.768  8290  8290 I PackageManager: /data/apex/decompressed/com.android.media.swcodec@360527520.decompressed.apex changed; collecting certs
05-04 20:00:00.300  8149  8149 W ServiceManagerCppClient: Waited one second for activity (is service started? Number of threads started in the threadpool: 16. Are binder threads started and available?)
05-04 20:00:00.419   224  8426 W libc    : Unable to set property "ctl.interface_start" to "aidl/activity": PROP_ERROR_HANDLE_CONTROL_MESSAGE (0x20)
05-04 20:00:00.420  8290  8290 I PackageManager: /data/apex/decompressed/com.android.media@360527520.decompressed.apex changed; collecting certs
05-04 20:00:00.839  8290  8290 I PackageManager: /data/apex/decompressed/com.android.mediaprovider@360527520.decompressed.apex changed; collecting certs
05-04 20:00:01.108  8290  8290 I PackageManager: /data/apex/decompressed/com.android.neuralnetworks@360527520.decompressed.apex changed; collecting certs
05-04 20:00:01.141  5537  5584 D BootAnimation: Playing files = /product/media/bootanimation.zip/part3, Requested repeat = 0, playUntilComplete = false
05-04 20:00:01.217  8290  8290 I PackageManager: /data/apex/decompressed/com.android.ondevicepersonalization@360527520.decompressed.apex changed; collecting certs
05-04 20:00:01.333  8290  8300 I system_server: Background concurrent mark compact GC freed 2513KB AllocSpace bytes, 100(4212KB) LOS objects, 49% free, 6674KB/13MB, paused 25.507ms,313.242ms total 4.840s
05-04 20:00:01.414  8149  8149 W ServiceManagerCppClient: Waited one second for activity (is service started? Number of threads started in the threadpool: 16. Are binder threads started and available?)
05-04 20:00:01.552   224  8427 W libc    : Unable to set property "ctl.interface_start" to "aidl/activity": PROP_ERROR_HANDLE_CONTROL_MESSAGE (0x20)
05-04 20:00:01.573  8290  8290 I PackageManager: /data/apex/decompressed/com.android.nfcservices@360527520.decompressed.apex changed; collecting certs
05-04 20:00:01.673   476  7859 E SensorsMultiHal: Dropping 1 events after blockingWrite failed (is system_server running?).
05-04 20:00:01.888  8290  8290 I PackageManager: /data/apex/decompressed/com.android.os.statsd@360527520.decompressed.apex changed; collecting certs
05-04 20:00:02.552  8149  8149 W ServiceManagerCppClient: Waited one second for activity (is service started? Number of threads started in the threadpool: 16. Are binder threads started and available?)
05-04 20:00:02.621  8290  8290 I PackageManager: /data/apex/decompressed/com.android.profiling@360527520.decompressed.apex changed; collecting certs
05-04 20:00:02.638   224  8430 W libc    : Unable to set property "ctl.interface_start" to "aidl/activity": PROP_ERROR_HANDLE_CONTROL_MESSAGE (0x20)
05-04 20:00:03.211  8290  8290 I PackageManager: /data/apex/decompressed/com.android.permission@360527520.decompressed.apex changed; collecting certs
05-04 20:00:03.481  8290  8290 I PackageManager: /data/apex/decompressed/com.android.resolv@360527520.decompressed.apex changed; collecting certs
05-04 20:00:03.724  8149  8149 W ServiceManagerCppClient: Waited one second for activity (is service started? Number of threads started in the threadpool: 16. Are binder threads started and available?)
05-04 20:00:03.726  8290  8290 I PackageManager: /system/apex/com.android.runtime.apex changed; collecting certs
05-04 20:00:03.791   224  8431 W libc    : Unable to set property "ctl.interface_start" to "aidl/activity": PROP_ERROR_HANDLE_CONTROL_MESSAGE (0x20)
05-04 20:00:03.797  8290  8290 I PackageManager: /data/apex/decompressed/com.android.rkpd@360527520.decompressed.apex changed; collecting certs
05-04 20:00:04.026  8290  8290 I PackageManager: /data/apex/decompressed/com.android.scheduling@360527520.decompressed.apex changed; collecting certs
05-04 20:00:04.085  8290  8290 I PackageManager: /data/apex/decompressed/com.android.tethering@360527520.decompressed.apex changed; collecting certs
05-04 20:00:04.099  8290  8290 I PackageManager: /system/apex/com.google.android.tzdata6.apex changed; collecting certs
05-04 20:00:04.368  8290  8290 I PackageManager: /data/apex/decompressed/com.android.sdkext@360527520.decompressed.apex changed; collecting certs
05-04 20:00:04.386  8290  8290 I PackageManager: /system/apex/com.android.virt.apex changed; collecting certs
05-04 20:00:04.586  8290  8290 I PackageManager: /data/apex/decompressed/com.android.uprobestats@360527520.decompressed.apex changed; collecting certs
05-04 20:00:04.598  8290  8290 I PackageManager: /vendor/apex/com.android.hardware.uwb.apex changed; collecting certs
05-04 20:00:04.746  8290  8290 I PackageManager: /data/apex/decompressed/com.android.uwb@360527520.decompressed.apex changed; collecting certs
05-04 20:00:04.805  8149  8149 W ServiceManagerCppClient: Waited one second for activity (is service started? Number of threads started in the threadpool: 16. Are binder threads started and available?)
05-04 20:00:04.827   224  8432 W libc    : Unable to set property "ctl.interface_start" to "aidl/activity": PROP_ERROR_HANDLE_CONTROL_MESSAGE (0x20)
05-04 20:00:04.893  8290  8290 I PackageManager: /vendor/apex/com.google.android.widevine-13130248.apex changed; collecting certs
05-04 20:00:04.905  8290  8290 I PackageManager: /data/apex/decompressed/com.android.wifi@360519000.decompressed.apex changed; collecting certs
05-04 20:00:05.164  8290  8290 D PackageManager: No files in app dir /apex/com.android.hardware.rebootescrow/overlay
05-04 20:00:05.164  8290  8290 D PackageManager: No files in app dir /apex/com.android.hardware.dumpstate/overlay
05-04 20:00:05.165  8290  8290 D PackageManager: No files in app dir /apex/com.android.hardware.cas/overlay
05-04 20:00:05.165  8290  8290 D PackageManager: No files in app dir /apex/com.android.hardware.neuralnetworks/overlay
05-04 20:00:05.165  8290  8290 D PackageManager: No files in app dir /apex/com.android.hardware.vibrator/overlay
05-04 20:00:05.165  8290  8290 D PackageManager: No files in app dir /apex/com.android.hardware.contexthub/overlay
05-04 20:00:05.172  8290  8290 D PackageManager: No files in app dir /apex/com.android.hardware.thermal/overlay
05-04 20:00:05.172  8290  8290 D PackageManager: No files in app dir /apex/com.android.hardware.gatekeeper/overlay
05-04 20:00:05.172  8290  8290 D PackageManager: No files in app dir /apex/com.google.android.widevine/overlay
05-04 20:00:05.172  8290  8290 D PackageManager: No files in app dir /apex/com.android.hardware.uwb/overlay
05-04 20:00:05.173  8290  8290 D PackageManager: No files in app dir /apex/com.android.hardware.power/overlay
05-04 20:00:05.173  8290  8290 D PackageManager: No files in app dir /apex/com.android.compos/overlay
05-04 20:00:05.174  8290  8290 D PackageManager: No files in app dir /apex/com.android.hardware.threadnetwork/overlay
05-04 20:00:05.174  8290  8290 D PackageManager: No files in app dir /apex/com.android.hardware.authsecret/overlay
05-04 20:00:05.174  8290  8290 D PackageManager: No files in app dir /system_ext/overlay
05-04 20:00:05.845  8149  8149 W ServiceManagerCppClient: Waited one second for activity (is service started? Number of threads started in the threadpool: 16. Are binder threads started and available?)
05-04 20:00:05.921   224  8433 W libc    : Unable to set property "ctl.interface_start" to "aidl/activity": PROP_ERROR_HANDLE_CONTROL_MESSAGE (0x20)
05-04 20:00:06.183  8290  8290 D PackageManager: No files in app dir /oem/overlay
05-04 20:00:06.185  8290  8290 D PackageManager: No files in app dir /odm/overlay
05-04 20:00:06.531  8290  8290 W PackageManager: Failed to parse /system/framework/x86_64: Missing base APK in /system/framework/x86_64
05-04 20:00:06.656  8290  8290 W PackageManager: Failed to parse /system/framework/oat: Missing base APK in /system/framework/oat/x86_64
05-04 20:00:06.690  5537  5584 D BootAnimation: Playing files = /product/media/bootanimation.zip/part3, Requested repeat = 0, playUntilComplete = false
05-04 20:00:06.733   476  7859 E SensorsMultiHal: Dropping 1 events after blockingWrite failed (is system_server running?).
05-04 20:00:06.994  8149  8149 W ServiceManagerCppClient: Waited one second for activity (is service started? Number of threads started in the threadpool: 16. Are binder threads started and available?)
05-04 20:00:07.373  8290  8415 D PackageCacher: Feature flags for package /system/framework/framework-res.apk: {com.android.window.flags.screen_recording_callbacks=true, android.security.secure_lockdown=false, android.content.pm.quarantined_enabled=false, android.app.enable_tv_implicit_enter_pip_restriction=true, android.app.appfunctions.flags.enable_app_function_manager=true, android.media.tv.flags.apply_picture_profiles=true, com.android.internal.telephony.flags.subscription_plan_allow_status_and_end_date=true, android.net.platform.flags.register_nsd_offload_engine=true, android.media.tv.flags.kids_mode_tvdb_sharing=true, android.security.aapm_api=true, android.permission.flags.ranging_permission_enabled=true, com.android.settingslib.flags.settings_catalyst=true, android.permission.flags.enhanced_confirmation_in_call_apis_enabled=true, android.permission.flags.grant_read_blocked_numbers_to_system_ui_intelligence=false, android.media.tv.flags.tif_unbind_inactive_tis=true, android.content.pm.sdk_dependency_installer=true, com.android.art.flags.executable_method_file_offsets=true, android.app.admin.flags.split_create_managed_profile_enabled=true, android.location.flags.population_density_provider=true, android.permission.flags.sensitive_notification_app_protection=true, com.android.tradeinmode.flags.enable_trade_in_mode=true, com.android.update_engine.minor_changes_2025q4=null, android.media.audio.concurrent_audio_record_bypass_permission=false, android.content.pm.uid_based_provider_lookup=true, com.android.hardware.input.manage_key_gestures=true, com.android.internal.camera.flags.camera_hsum_permission=true, android.permission.flags.health_connect_backup_restore_permission_enabled=true, android.os.vibrator.vendor_vibration_effects=true, com.android.settingslib.flags.write_system_preference_permission_enabled=true, android.permission.flags.text_classifier_choice_api_enabled=true, android.media.tv.flags.media_quality_fw=true, android.provider.user_keys=true, android.os.allow_consentless_bugreport_delegated_consent=false, android.permission.flags.fine_power_monitor_permission=false, android.security.subscribe_to_keyguard_locked_state_perm_priv_flag=true, android.security.afl_api=true, android.xr.xr_manifest_entries=null, android.companion.virtualdevice.flags.enable_limited_vdm_role=false, android.provider.new_default_account_api_enabled=true, com.android.hardware.input.key_event_activity_detection=false}
05-04 20:00:07.381  8290  8415 E AconfigFlags: Failed to load aconfig package com.android.update_engine
05-04 20:00:07.381  8290  8415 E AconfigFlags: android.os.flagging.AconfigStorageReadException: ERROR_PACKAGE_NOT_FOUND: package com.android.update_engine cannot be found on the device
05-04 20:00:07.381  8290  8415 E AconfigFlags: 	at android.os.flagging.AconfigPackage.load(AconfigPackage.java:132)
05-04 20:00:07.381  8290  8415 E AconfigFlags: 	at com.android.internal.pm.pkg.component.AconfigFlags.lambda$getFlagValueFromNewStorage$0(AconfigFlags.java:261)
05-04 20:00:07.381  8290  8415 E AconfigFlags: 	at com.android.internal.pm.pkg.component.AconfigFlags$$ExternalSyntheticLambda0.apply(D8$$SyntheticClass:0)
05-04 20:00:07.381  8290  8415 E AconfigFlags: 	at java.util.concurrent.ConcurrentHashMap.computeIfAbsent(ConcurrentHashMap.java:1713)
05-04 20:00:07.381  8290  8415 E AconfigFlags: 	at com.android.internal.pm.pkg.component.AconfigFlags.getFlagValueFromNewStorage(AconfigFlags.java:259)
05-04 20:00:07.381  8290  8415 E AconfigFlags: 	at com.android.internal.pm.pkg.component.AconfigFlags.getFlagValue(AconfigFlags.java:225)
05-04 20:00:07.381  8290  8415 E AconfigFlags: 	at com.android.server.pm.parsing.PackageCacher.getCachedResult(PackageCacher.java:214)
05-04 20:00:07.381  8290  8415 E AconfigFlags: 	at com.android.internal.pm.parsing.PackageParser2.parsePackage(PackageParser2.java:126)
05-04 20:00:07.381  8290  8415 E AconfigFlags: 	at com.android.server.pm.ParallelPackageParser.parsePackage(ParallelPackageParser.java:130)
05-04 20:00:07.381  8290  8415 E AconfigFlags: 	at com.android.server.pm.ParallelPackageParser.lambda$submit$0(ParallelPackageParser.java:108)
05-04 20:00:07.381  8290  8415 E AconfigFlags: 	at com.android.server.pm.ParallelPackageParser.$r8$lambda$uW6lAW1ixaCdJ_8ZINGbyQGIceg(ParallelPackageParser.java:0)
05-04 20:00:07.381  8290  8415 E AconfigFlags: 	at com.android.server.pm.ParallelPackageParser$$ExternalSyntheticLambda0.run(R8$$SyntheticClass:0)
05-04 20:00:07.381  8290  8415 E AconfigFlags: 	at java.util.concurrent.Executors$RunnableAdapter.call(Executors.java:524)
05-04 20:00:07.381  8290  8415 E AconfigFlags: 	at java.util.concurrent.FutureTask.run(FutureTask.java:317)
05-04 20:00:07.381  8290  8415 E AconfigFlags: 	at java.util.concurrent.ThreadPoolExecutor.runWorker(ThreadPoolExecutor.java:1156)
05-04 20:00:07.381  8290  8415 E AconfigFlags: 	at java.util.concurrent.ThreadPoolExecutor$Worker.run(ThreadPoolExecutor.java:651)
05-04 20:00:07.381  8290  8415 E AconfigFlags: 	at com.android.internal.util.ConcurrentUtils$1$1.run(ConcurrentUtils.java:65)
05-04 20:00:07.384  8290  8415 E AconfigFlags: Failed to load aconfig package android.xr
05-04 20:00:07.384  8290  8415 E AconfigFlags: android.os.flagging.AconfigStorageReadException: ERROR_PACKAGE_NOT_FOUND: package android.xr cannot be found on the device
05-04 20:00:07.384  8290  8415 E AconfigFlags: 	at android.os.flagging.AconfigPackage.load(AconfigPackage.java:132)
05-04 20:00:07.384  8290  8415 E AconfigFlags: 	at com.android.internal.pm.pkg.component.AconfigFlags.lambda$getFlagValueFromNewStorage$0(AconfigFlags.java:261)
05-04 20:00:07.384  8290  8415 E AconfigFlags: 	at com.android.internal.pm.pkg.component.AconfigFlags$$ExternalSyntheticLambda0.apply(D8$$SyntheticClass:0)
05-04 20:00:07.384  8290  8415 E AconfigFlags: 	at java.util.concurrent.ConcurrentHashMap.computeIfAbsent(ConcurrentHashMap.java:1713)
05-04 20:00:07.384  8290  8415 E AconfigFlags: 	at com.android.internal.pm.pkg.component.AconfigFlags.getFlagValueFromNewStorage(AconfigFlags.java:259)
05-04 20:00:07.384  8290  8415 E AconfigFlags: 	at com.android.internal.pm.pkg.component.AconfigFlags.getFlagValue(AconfigFlags.java:225)
05-04 20:00:07.384  8290  8415 E AconfigFlags: 	at com.android.server.pm.parsing.PackageCacher.getCachedResult(PackageCacher.java:214)
05-04 20:00:07.384  8290  8415 E AconfigFlags: 	at com.android.internal.pm.parsing.PackageParser2.parsePackage(PackageParser2.java:126)
05-04 20:00:07.384  8290  8415 E AconfigFlags: 	at com.android.server.pm.ParallelPackageParser.parsePackage(ParallelPackageParser.java:130)
05-04 20:00:07.384  8290  8415 E AconfigFlags: 	at com.android.server.pm.ParallelPackageParser.lambda$submit$0(ParallelPackageParser.java:108)
05-04 20:00:07.384  8290  8415 E AconfigFlags: 	at com.android.server.pm.ParallelPackageParser.$r8$lambda$uW6lAW1ixaCdJ_8ZINGbyQGIceg(ParallelPackageParser.java:0)
05-04 20:00:07.384  8290  8415 E AconfigFlags: 	at com.android.server.pm.ParallelPackageParser$$ExternalSyntheticLambda0.run(R8$$SyntheticClass:0)
05-04 20:00:07.384  8290  8415 E AconfigFlags: 	at java.util.concurrent.Executors$RunnableAdapter.call(Executors.java:524)
05-04 20:00:07.384  8290  8415 E AconfigFlags: 	at java.util.concurrent.FutureTask.run(FutureTask.java:317)
05-04 20:00:07.384  8290  8415 E AconfigFlags: 	at java.util.concurrent.ThreadPoolExecutor.runWorker(ThreadPoolExecutor.java:1156)
05-04 20:00:07.384  8290  8415 E AconfigFlags: 	at java.util.concurrent.ThreadPoolExecutor$Worker.run(ThreadPoolExecutor.java:651)
05-04 20:00:07.384  8290  8415 E AconfigFlags: 	at com.android.internal.util.ConcurrentUtils$1$1.run(ConcurrentUtils.java:65)
05-04 20:00:07.408   224  8434 W libc    : Unable to set property "ctl.interface_start" to "aidl/activity": PROP_ERROR_HANDLE_CONTROL_MESSAGE (0x20)
05-04 20:00:08.470  8149  8149 W ServiceManagerCppClient: Waited one second for activity (is service started? Number of threads started in the threadpool: 16. Are binder threads started and available?)
05-04 20:00:08.724   224  8438 W libc    : Unable to set property "ctl.interface_start" to "aidl/activity": PROP_ERROR_HANDLE_CONTROL_MESSAGE (0x20)
05-04 20:00:09.731  8149  8149 W ServiceManagerCppClient: Waited one second for activity (is service started? Number of threads started in the threadpool: 16. Are binder threads started and available?)
05-04 20:00:09.893   224  8439 W libc    : Unable to set property "ctl.interface_start" to "aidl/activity": PROP_ERROR_HANDLE_CONTROL_MESSAGE (0x20)
05-04 20:00:10.677  8290  8415 D PackageCacher: Feature flags for package /system/priv-app/Shell: {android.security.aapm_api=true, android.permission.flags.replace_body_sensor_permission_enabled=true, android.permission.flags.health_connect_backup_restore_permission_enabled=true, android.permission.flags.text_classifier_choice_api_enabled=true, android.security.protect_device_config_flags=true, android.security.afl_api=true, android.companion.virtualdevice.flags.enable_limited_vdm_role=false}
05-04 20:00:10.823  8290  8300 I system_server: Background concurrent mark compact GC freed 3497KB AllocSpace bytes, 99(4400KB) LOS objects, 49% free, 7343KB/14MB, paused 3.844ms,4.771ms total 4.578s
05-04 20:00:10.889  8149  8149 W ServiceManagerCppClient: Waited one second for activity (is service started? Number of threads started in the threadpool: 16. Are binder threads started and available?)
05-04 20:00:11.282   224  8440 W libc    : Unable to set property "ctl.interface_start" to "aidl/activity": PROP_ERROR_HANDLE_CONTROL_MESSAGE (0x20)
05-04 20:00:11.764   476  7859 E SensorsMultiHal: Dropping 1 events after blockingWrite failed (is system_server running?).
05-04 20:00:11.931  8149  8149 W ServiceManagerCppClient: Waited one second for activity (is service started? Number of threads started in the threadpool: 16. Are binder threads started and available?)
05-04 20:00:11.948   224  8441 W libc    : Unable to set property "ctl.interface_start" to "aidl/activity": PROP_ERROR_HANDLE_CONTROL_MESSAGE (0x20)
05-04 20:00:12.945  8149  8149 W ServiceManagerCppClient: Waited one second for activity (is service started? Number of threads started in the threadpool: 16. Are binder threads started and available?)
05-04 20:00:13.017   224  8444 W libc    : Unable to set property "ctl.interface_start" to "aidl/activity": PROP_ERROR_HANDLE_CONTROL_MESSAGE (0x20)
05-04 20:00:13.569  8290  8290 D PackageManager: No files in app dir /vendor/priv-app
05-04 20:00:13.571  8290  8290 D PackageManager: No files in app dir /vendor/app
05-04 20:00:13.572  8290  8290 D PackageManager: No files in app dir /odm/priv-app
05-04 20:00:13.572  8290  8290 D PackageManager: No files in app dir /odm/app
05-04 20:00:13.572  8290  8290 D PackageManager: No files in app dir /oem/app
05-04 20:00:14.032  8149  8149 W ServiceManagerCppClient: Waited one second for activity (is service started? Number of threads started in the threadpool: 16. Are binder threads started and available?)
05-04 20:00:14.164   224  8445 W libc    : Unable to set property "ctl.interface_start" to "aidl/activity": PROP_ERROR_HANDLE_CONTROL_MESSAGE (0x20)
05-04 20:00:15.077  8149  8149 W ServiceManagerCppClient: Waited one second for activity (is service started? Number of threads started in the threadpool: 16. Are binder threads started and available?)
05-04 20:00:15.260   224  8446 W libc    : Unable to set property "ctl.interface_start" to "aidl/activity": PROP_ERROR_HANDLE_CONTROL_MESSAGE (0x20)
05-04 20:00:16.895  8149  8149 W ServiceManagerCppClient: Waited one second for activity (is service started? Number of threads started in the threadpool: 16. Are binder threads started and available?)
05-04 20:00:16.897   476  7859 E SensorsMultiHal: Dropping 1 events after blockingWrite failed (is system_server running?).
05-04 20:00:16.942   224  8447 W libc    : Unable to set property "ctl.interface_start" to "aidl/activity": PROP_ERROR_HANDLE_CONTROL_MESSAGE (0x20)
05-04 20:00:17.094  5537  5584 D BootAnimation: Playing files = /product/media/bootanimation.zip/part3, Requested repeat = 0, playUntilComplete = false
05-04 20:00:17.158  8290  8290 W PackageManager: Failed to scan /product/priv-app/Phonesky: Package com.android.vending at /product/priv-app/Phonesky ignored: updated version 85041730 better than this 84532130
05-04 20:00:17.166  8290  8290 W PackageManager: Skipping provider name com.google.android.settings.intelligence (in package com.google.android.settings.intelligence): name already used by com.google.android.settings.intelligence
05-04 20:00:17.245  8290  8300 W system_server: Suspending all threads took: 9.410ms
05-04 20:00:17.248  8290  8290 W PackageManager: Skipping provider name com.google.android.apps.messaging.photopicker_images (in package com.google.android.apps.messaging): name already used by com.google.android.apps.messaging
05-04 20:00:17.942  8149  8149 W ServiceManagerCppClient: Waited one second for activity (is service started? Number of threads started in the threadpool: 16. Are binder threads started and available?)
05-04 20:00:18.156   224  8448 W libc    : Unable to set property "ctl.interface_start" to "aidl/activity": PROP_ERROR_HANDLE_CONTROL_MESSAGE (0x20)
05-04 20:00:18.380  8290  8290 W PackageManager: Failed to scan /product/priv-app/PrebuiltGmsCore: Package com.google.android.gms at /product/priv-app/PrebuiltGmsCore ignored: updated version 260931038 better than this 250834038
05-04 20:00:18.568  8290  8290 W PackageManager: Failed to parse /product/app/Chrome: Missing base APK in /product/app/Chrome
05-04 20:00:19.050  8290  8290 W PackageManager: Failed to scan /product/app/Chrome-Stub: Package com.android.chrome at /product/app/Chrome-Stub ignored: updated version 694313738 better than this 694313738
05-04 20:00:19.087  8149  8149 W ServiceManagerCppClient: Waited one second for activity (is service started? Number of threads started in the threadpool: 16. Are binder threads started and available?)
05-04 20:00:19.295   224  8449 W libc    : Unable to set property "ctl.interface_start" to "aidl/activity": PROP_ERROR_HANDLE_CONTROL_MESSAGE (0x20)
05-04 20:00:20.255  8149  8149 W ServiceManagerCppClient: Waited one second for activity (is service started? Number of threads started in the threadpool: 16. Are binder threads started and available?)
05-04 20:00:20.441  8290  8300 I system_server: Background concurrent mark compact GC freed 3768KB AllocSpace bytes, 20(1400KB) LOS objects, 49% free, 13MB/26MB, paused 12.189ms,44.354ms total 4.684s
05-04 20:00:20.587   224  8450 W libc    : Unable to set property "ctl.interface_start" to "aidl/activity": PROP_ERROR_HANDLE_CONTROL_MESSAGE (0x20)
05-04 20:00:20.934  8290  8290 W PackageManager: Failed to parse /product/app/TrichromeLibrary: Missing base APK in /product/app/TrichromeLibrary
05-04 20:00:21.044  8290  8290 W PackageManager: Failed to scan /product/app/TrichromeLibrary-Stub: Package com.google.android.trichromelibrary_694313738 at /product/app/TrichromeLibrary-Stub ignored: updated version 694313738 better than this 694313738
05-04 20:00:21.077  8290  8290 W PackageManager: Failed to parse /product/app/WebViewGoogle: Missing base APK in /product/app/WebViewGoogle
05-04 20:00:21.078  8290  8290 W PackageManager: Failed to scan /product/app/WebViewGoogle-Stub: Package com.google.android.webview at /product/app/WebViewGoogle-Stub ignored: updated version 694313738 better than this 694313738
05-04 20:00:21.275  8149  8149 W ServiceManagerCppClient: Waited one second for activity (is service started? Number of threads started in the threadpool: 16. Are binder threads started and available?)
05-04 20:00:21.292   224  8451 W libc    : Unable to set property "ctl.interface_start" to "aidl/activity": PROP_ERROR_HANDLE_CONTROL_MESSAGE (0x20)
05-04 20:00:22.089   476  7859 E SensorsMultiHal: Dropping 1 events after blockingWrite failed (is system_server running?).
05-04 20:00:22.291  8149  8149 W ServiceManagerCppClient: Waited one second for activity (is service started? Number of threads started in the threadpool: 16. Are binder threads started and available?)
05-04 20:00:22.314  8290  8415 D PackageCacher: Feature flags for package /system_ext/priv-app/SystemUIGoogle: {com.android.wm.shell.enable_retrievable_bubbles=false}
05-04 20:00:22.446   224  8454 W libc    : Unable to set property "ctl.interface_start" to "aidl/activity": PROP_ERROR_HANDLE_CONTROL_MESSAGE (0x20)
05-04 20:00:22.815  8290  8413 D PackageCacher: Feature flags for package /system_ext/priv-app/SettingsGoogle: {android.view.contentprotection.flags.exported_settings_activity_enabled=true, com.android.settings.keyboard.keyboard_and_touchpad_a11y_new_page_enabled=true, android.app.ui_rich_ongoing=false, android.security.aapm_api=true, com.android.settingslib.flags.settings_catalyst=true, android.app.modes_ui=true, android.app.supervision.flags.supervision_manager_apis=false, com.android.settings.flags.catalyst_service=true, android.provider.new_default_account_api_enabled=true}
05-04 20:00:23.315  8149  8149 W ServiceManagerCppClient: Waited one second for activity (is service started? Number of threads started in the threadpool: 16. Are binder threads started and available?)
05-04 20:00:23.334   224  8455 W libc    : Unable to set property "ctl.interface_start" to "aidl/activity": PROP_ERROR_HANDLE_CONTROL_MESSAGE (0x20)
05-04 20:00:23.490  5537  5584 D BootAnimation: Playing files = /product/media/bootanimation.zip/part3, Requested repeat = 0, playUntilComplete = false
05-04 20:00:23.803  8290  8290 D PackageManager: No files in app dir /apex/com.android.hardware.authsecret/priv-app
05-04 20:00:23.803  8290  8290 D PackageManager: No files in app dir /apex/com.android.hardware.authsecret/app
05-04 20:00:23.804  8290  8290 D PackageManager: No files in app dir /apex/com.android.hardware.threadnetwork/priv-app
05-04 20:00:23.804  8290  8290 D PackageManager: No files in app dir /apex/com.android.hardware.threadnetwork/app
05-04 20:00:23.833  8290  8290 I ApexManager: Registering com.google.android.appsearch.apk as apk-in-apex of com.android.appsearch
05-04 20:00:23.836  8290  8290 D PackageManager: No files in app dir /apex/com.android.appsearch/app
05-04 20:00:23.968  8290  8290 I ApexManager: Registering com.google.android.adservices.api as apk-in-apex of com.android.adservices
05-04 20:00:24.067  8290  8290 I ApexManager: Registering com.google.android.sdksandbox as apk-in-apex of com.android.adservices
05-04 20:00:24.097  8290  8290 I ApexManager: Registering com.google.android.cellbroadcastservice as apk-in-apex of com.android.cellbroadcast
05-04 20:00:24.122  8290  8290 I ApexManager: Registering com.google.android.cellbroadcastreceiver as apk-in-apex of com.android.cellbroadcast
05-04 20:00:24.216  8290  8290 D PackageManager: No files in app dir /apex/com.android.cellbroadcast/app
05-04 20:00:24.217  8290  8290 D PackageManager: No files in app dir /apex/com.android.configinfrastructure/priv-app
05-04 20:00:24.286  8290  8290 I ApexManager: Registering com.google.android.server.deviceconfig.resources as apk-in-apex of com.android.configinfrastructure
05-04 20:00:24.290  8290  8290 D PackageManager: No files in app dir /apex/com.android.adbd/priv-app
05-04 20:00:24.290  8290  8290 D PackageManager: No files in app dir /apex/com.android.adbd/app
05-04 20:00:24.290  8290  8290 D PackageManager: No files in app dir /apex/com.android.compos/priv-app
05-04 20:00:24.296  8290  8290 I ApexManager: Registering com.android.compos.payload as apk-in-apex of com.android.compos
05-04 20:00:24.298  8290  8290 D PackageManager: No files in app dir /apex/com.android.art/priv-app
05-04 20:00:24.298  8290  8290 D PackageManager: No files in app dir /apex/com.android.art/app
05-04 20:00:24.299  8290  8290 D PackageManager: No files in app dir /apex/com.android.hardware.power/priv-app
05-04 20:00:24.299  8290  8290 D PackageManager: No files in app dir /apex/com.android.hardware.power/app
05-04 20:00:24.299  8290  8290 D PackageManager: No files in app dir /apex/com.android.conscrypt/priv-app
05-04 20:00:24.299  8290  8290 D PackageManager: No files in app dir /apex/com.android.conscrypt/app
05-04 20:00:24.299  8290  8290 D PackageManager: No files in app dir /apex/com.android.hardware.uwb/priv-app
05-04 20:00:24.300  8290  8290 D PackageManager: No files in app dir /apex/com.android.hardware.uwb/app
05-04 20:00:24.300  8290  8290 D PackageManager: No files in app dir /apex/com.google.android.widevine/priv-app
05-04 20:00:24.300  8290  8290 D PackageManager: No files in app dir /apex/com.google.android.widevine/app
05-04 20:00:24.301  8290  8290 D PackageManager: No files in app dir /apex/com.android.tzdata/priv-app
05-04 20:00:24.301  8290  8290 D PackageManager: No files in app dir /apex/com.android.tzdata/app
05-04 20:00:24.302  8290  8290 D PackageManager: No files in app dir /apex/com.android.scheduling/priv-app
05-04 20:00:24.302  8290  8290 D PackageManager: No files in app dir /apex/com.android.scheduling/app
05-04 20:00:24.308  8290  8290 I ApexManager: Registering com.google.android.photopicker as apk-in-apex of com.android.mediaprovider
05-04 20:00:24.313  8290  8290 I ApexManager: Registering com.google.android.providers.media.module as apk-in-apex of com.android.mediaprovider
05-04 20:00:24.316  8290  8290 D PackageManager: No files in app dir /apex/com.android.mediaprovider/app
05-04 20:00:24.316  8290  8290 D PackageManager: No files in app dir /apex/com.android.hardware.gatekeeper/priv-app
05-04 20:00:24.317  8290  8290 D PackageManager: No files in app dir /apex/com.android.hardware.gatekeeper/app
05-04 20:00:24.317  8290  8290 D PackageManager: No files in app dir /apex/com.android.uprobestats/priv-app
05-04 20:00:24.318  8290  8290 D PackageManager: No files in app dir /apex/com.android.uprobestats/app
05-04 20:00:24.326  8290  8290 I ApexManager: Registering com.google.android.ondevicepersonalization.services as apk-in-apex of com.android.ondevicepersonalization
05-04 20:00:24.331  8290  8290 I ApexManager: Registering com.google.android.federatedcompute as apk-in-apex of com.android.ondevicepersonalization
05-04 20:00:24.333  8290  8290 D PackageManager: No files in app dir /apex/com.android.hardware.thermal/priv-app
05-04 20:00:24.333  8290  8290 D PackageManager: No files in app dir /apex/com.android.hardware.thermal/app
05-04 20:00:24.333  8290  8290 D PackageManager: No files in app dir /apex/com.android.resolv/priv-app
05-04 20:00:24.333  8290  8290 D PackageManager: No files in app dir /apex/com.android.resolv/app
05-04 20:00:24.334  8290  8290 D PackageManager: No files in app dir /apex/com.android.media.swcodec/priv-app
05-04 20:00:24.334  8290  8290 D PackageManager: No files in app dir /apex/com.android.media.swcodec/app
