05-04 19:58:47.098   224  8249 W libc    : Unable to set property "ctl.interface_start" to "aidl/activity": PROP_ERROR_HANDLE_CONTROL_MESSAGE (0x20)
05-04 19:58:47.460  8148  8236 I zygote64: Background concurrent mark compact GC freed 5469KB AllocSpace bytes, 21(676KB) LOS objects, 49% free, 7909KB/15MB, paused 26.848ms,490.432ms total 4.244s
05-04 19:58:48.085  8149  8149 W ServiceManagerCppClient: Waited one second for activity (is service started? Number of threads started in the threadpool: 16. Are binder threads started and available?)
05-04 19:58:48.282   224  8250 W libc    : Unable to set property "ctl.interface_start" to "aidl/activity": PROP_ERROR_HANDLE_CONTROL_MESSAGE (0x20)
05-04 19:58:49.184  8149  8149 W ServiceManagerCppClient: Waited one second for activity (is service started? Number of threads started in the threadpool: 16. Are binder threads started and available?)
05-04 19:58:49.215   224  8251 W libc    : Unable to set property "ctl.interface_start" to "aidl/activity": PROP_ERROR_HANDLE_CONTROL_MESSAGE (0x20)
05-04 19:58:49.491  8148  8148 W Zygote  : Class not found for preloading: android.location.flags.FeatureFlags
05-04 19:58:49.493  8148  8148 W Zygote  : Class not found for preloading: android.location.flags.FeatureFlagsImpl
05-04 19:58:49.493  8148  8148 W Zygote  : Class not found for preloading: android.location.flags.Flags
05-04 19:58:49.784  8148  8148 D nativeloader: Load libmedia_jni.so using system ns (caller=/system/framework/framework.jar!classes2.dex): ok
05-04 19:58:49.786  8148  8148 D MtpDeviceJNI: register_android_mtp_MtpDevice
05-04 19:58:49.888  8148  8148 W Zygote  : Class not found for preloading: android.media.MediaCodecInfo$LazyHolder
05-04 19:58:50.026  8148  8148 D nativeloader: Load libsoundpool.so using system ns (caller=/system/framework/framework.jar!classes2.dex): ok
05-04 19:58:50.029  8148  8148 D nativeloader: Load libaudioeffect_jni.so using system ns (caller=/system/framework/framework.jar!classes2.dex): ok
05-04 19:58:50.160  8148  8148 D nativeloader: Load librtp_jni.so using system ns (caller=/system/framework/voip-common.jar): ok
05-04 19:58:50.196  8148  8148 I zygote64: Thread[1,tid=8148,Native,Thread*=0x7e803a5d47b0,peer=0x20005a8,"main"] recursive attempt to load library "librtp_jni.so"
05-04 19:58:50.208  8149  8149 W ServiceManagerCppClient: Waited one second for activity (is service started? Number of threads started in the threadpool: 16. Are binder threads started and available?)
05-04 19:58:50.249   224  8252 W libc    : Unable to set property "ctl.interface_start" to "aidl/activity": PROP_ERROR_HANDLE_CONTROL_MESSAGE (0x20)
05-04 19:58:50.274  8148  8148 W Zygote  : Class not found for preloading: android.nfc.NfcActivityManager$NfcActivityState
05-04 19:58:50.274  8148  8148 W Zygote  : Class not found for preloading: android.nfc.NfcActivityManager$NfcApplicationState
05-04 19:58:50.453  8148  8148 D nativeloader: Load libvintf_jni.so using system ns (caller=/system/framework/framework.jar!classes3.dex): ok
05-04 19:58:50.574  5537  5584 D BootAnimation: Playing files = /product/media/bootanimation.zip/part3, Requested repeat = 0, playUntilComplete = false
05-04 19:58:50.596  8148  8148 D nativeloader: Load librs_jni.so using system ns (caller=/system/framework/framework.jar!classes3.dex): ok
05-04 19:58:51.223  8149  8149 W ServiceManagerCppClient: Waited one second for activity (is service started? Number of threads started in the threadpool: 16. Are binder threads started and available?)
05-04 19:58:51.284   224  8253 W libc    : Unable to set property "ctl.interface_start" to "aidl/activity": PROP_ERROR_HANDLE_CONTROL_MESSAGE (0x20)
05-04 19:58:51.428   476  7859 E SensorsMultiHal: Dropping 1 events after blockingWrite failed (is system_server running?).
05-04 19:58:52.114  8148  8148 W Zygote  : Class not found for preloading: com.android.ims.RcsPresenceInfo$1
05-04 19:58:52.115  8148  8148 W Zygote  : Class not found for preloading: com.android.ims.RcsPresenceInfo$ServiceInfoKey
05-04 19:58:52.115  8148  8148 W Zygote  : Class not found for preloading: com.android.ims.RcsPresenceInfo$ServiceState
05-04 19:58:52.115  8148  8148 W Zygote  : Class not found for preloading: com.android.ims.RcsPresenceInfo$ServiceType
05-04 19:58:52.115  8148  8148 W Zygote  : Class not found for preloading: com.android.ims.RcsPresenceInfo$VolteStatus
05-04 19:58:52.115  8148  8148 W Zygote  : Class not found for preloading: com.android.ims.RcsPresenceInfo
05-04 19:58:52.115  8148  8148 W Zygote  : Class not found for preloading: com.android.ims.ResultCode
05-04 19:58:52.116  8148  8148 W Zygote  : Class not found for preloading: com.android.ims.internal.ContactNumberUtils
05-04 19:58:52.117  8148  8148 W Zygote  : Class not found for preloading: com.android.ims.internal.Logger
05-04 19:58:52.200  8148  8148 W Zygote  : Class not found for preloading: com.android.internal.os.BatteryStatsHistory$HistoryStepDetailsCalculator
05-04 19:58:52.350  8149  8149 W ServiceManagerCppClient: Waited one second for activity (is service started? Number of threads started in the threadpool: 16. Are binder threads started and available?)
05-04 19:58:52.497   224  8256 W libc    : Unable to set property "ctl.interface_start" to "aidl/activity": PROP_ERROR_HANDLE_CONTROL_MESSAGE (0x20)
05-04 19:58:52.936  8148  8148 W OverlayConfig: partition_order.xml does not exist.
05-04 19:58:53.496  8149  8149 W ServiceManagerCppClient: Waited one second for activity (is service started? Number of threads started in the threadpool: 16. Are binder threads started and available?)
05-04 19:58:53.518   224  8257 W libc    : Unable to set property "ctl.interface_start" to "aidl/activity": PROP_ERROR_HANDLE_CONTROL_MESSAGE (0x20)
05-04 19:58:53.816  5537  5584 D BootAnimation: Playing files = /product/media/bootanimation.zip/part3, Requested repeat = 0, playUntilComplete = false
05-04 19:58:53.859  8259  8259 W idmap2  : failed to create idmap
--------- beginning of system
05-04 19:58:53.894  8148  8148 V Configuration: Updating configuration, locales updated from [] to [en_US]
05-04 19:58:53.895  8148  8148 I zygote64: AssetManager2(0x7e804a5d66f8) locale list changing from [] to [en-US]
05-04 19:58:54.001  8148  8148 W Zygote  : Class not found for preloading: com.android.internal.telephony.flags.FeatureFlags
05-04 19:58:54.002  8148  8148 W Zygote  : Class not found for preloading: com.android.internal.telephony.flags.FeatureFlagsImpl
05-04 19:58:54.002  8148  8148 W Zygote  : Class not found for preloading: com.android.internal.telephony.flags.Flags
05-04 19:58:54.479  8148  8148 D nativeloader: Load libframework-connectivity-jni.so using APEX ns com_android_tethering for caller /apex/com.android.tethering/javalib/framework-connectivity.jar: ok
05-04 19:58:54.510  8149  8149 W ServiceManagerCppClient: Waited one second for activity (is service started? Number of threads started in the threadpool: 16. Are binder threads started and available?)
05-04 19:58:54.629   224  8260 W libc    : Unable to set property "ctl.interface_start" to "aidl/activity": PROP_ERROR_HANDLE_CONTROL_MESSAGE (0x20)
05-04 19:58:54.771  8148  8148 W Zygote  : Class not found for preloading: com.android.org.bouncycastle.asn1.ASN1ApplicationSpecific
05-04 19:58:54.771  8148  8148 W Zygote  : Class not found for preloading: com.android.org.bouncycastle.asn1.ASN1ApplicationSpecificParser
05-04 19:58:54.772  8148  8148 W Zygote  : Class not found for preloading: com.android.org.bouncycastle.asn1.BERApplicationSpecific
05-04 19:58:54.772  8148  8148 W Zygote  : Class not found for preloading: com.android.org.bouncycastle.asn1.BERApplicationSpecificParser
05-04 19:58:54.772  8148  8148 W Zygote  : Class not found for preloading: com.android.org.bouncycastle.asn1.BERTags
05-04 19:58:54.773  8148  8148 W Zygote  : Class not found for preloading: com.android.org.bouncycastle.asn1.DLApplicationSpecific
05-04 19:58:54.907  8148  8148 W Zygote  : Class not found for preloading: com.android.org.bouncycastle.jcajce.PBKDFKey
05-04 19:58:54.907  8148  8148 W Zygote  : Class not found for preloading: com.android.org.bouncycastle.jcajce.PKCS12KeyWithParameters
05-04 19:58:54.908  8148  8148 W Zygote  : Class not found for preloading: com.android.org.bouncycastle.jcajce.provider.asymmetric.EC$Mappings
05-04 19:58:54.908  8148  8148 W Zygote  : Class not found for preloading: com.android.org.bouncycastle.jcajce.provider.asymmetric.X509$Mappings
05-04 19:58:54.909  8148  8148 W Zygote  : Class not found for preloading: com.android.org.bouncycastle.jcajce.provider.digest.MD5$Mappings
05-04 19:58:54.909  8148  8148 W Zygote  : Class not found for preloading: com.android.org.bouncycastle.jcajce.provider.digest.MD5
05-04 19:58:54.909  8148  8148 W Zygote  : Class not found for preloading: com.android.org.bouncycastle.jcajce.spec.AEADParameterSpec
05-04 19:58:54.909  8148  8148 W Zygote  : Class not found for preloading: com.android.org.bouncycastle.jce.interfaces.BCKeyStore
05-04 19:58:54.910  8148  8148 W Zygote  : Class not found for preloading: com.android.org.bouncycastle.util.Encodable
05-04 19:58:54.910  8148  8148 W Zygote  : Class not found for preloading: com.android.org.bouncycastle.util.Iterable
05-04 19:58:54.911  8148  8148 W Zygote  : Class not found for preloading: com.android.sdksandbox.flags.FeatureFlags
05-04 19:58:54.912  8148  8148 W Zygote  : Class not found for preloading: com.android.sdksandbox.flags.FeatureFlagsImpl
05-04 19:58:54.912  8148  8148 W Zygote  : Class not found for preloading: com.android.sdksandbox.flags.Flags
05-04 19:58:54.915  8148  8148 W Zygote  : Class not found for preloading: com.android.service.ims.RcsSettingUtils$$ExternalSyntheticLambda0
05-04 19:58:54.915  8148  8148 W Zygote  : Class not found for preloading: com.android.service.ims.RcsSettingUtils
05-04 19:58:54.915  8148  8148 W Zygote  : Class not found for preloading: com.android.service.ims.Task
05-04 19:58:54.915  8148  8148 W Zygote  : Class not found for preloading: com.android.service.ims.TaskManager$MessageData
05-04 19:58:54.916  8148  8148 W Zygote  : Class not found for preloading: com.android.service.ims.TaskManager$MessageHandler
05-04 19:58:54.916  8148  8148 W Zygote  : Class not found for preloading: com.android.service.ims.TaskManager
05-04 19:58:54.916  8148  8148 W Zygote  : Class not found for preloading: com.android.service.ims.presence.ContactCapabilityResponse
05-04 19:58:54.916  8148  8148 W Zygote  : Class not found for preloading: com.android.service.ims.presence.PresenceAvailabilityTask
05-04 19:58:54.916  8148  8148 W Zygote  : Class not found for preloading: com.android.service.ims.presence.PresenceBase$PresencePublishState
05-04 19:58:54.916  8148  8148 W Zygote  : Class not found for preloading: com.android.service.ims.presence.PresenceBase
05-04 19:58:54.916  8148  8148 W Zygote  : Class not found for preloading: com.android.service.ims.presence.PresenceCapabilityTask
05-04 19:58:54.916  8148  8148 W Zygote  : Class not found for preloading: com.android.service.ims.presence.PresencePublication$$ExternalSyntheticLambda0
05-04 19:58:54.916  8148  8148 W Zygote  : Class not found for preloading: com.android.service.ims.presence.PresencePublication$1
05-04 19:58:54.916  8148  8148 W Zygote  : Class not found for preloading: com.android.service.ims.presence.PresencePublication$PublishRequest
05-04 19:58:54.917  8148  8148 W Zygote  : Class not found for preloading: com.android.service.ims.presence.PresencePublication$PublishType
05-04 19:58:54.917  8148  8148 W Zygote  : Class not found for preloading: com.android.service.ims.presence.PresencePublication$StackPublishTriggerType
05-04 19:58:54.917  8148  8148 W Zygote  : Class not found for preloading: com.android.service.ims.presence.PresencePublication
05-04 19:58:54.917  8148  8148 W Zygote  : Class not found for preloading: com.android.service.ims.presence.PresencePublishTask
05-04 19:58:54.917  8148  8148 W Zygote  : Class not found for preloading: com.android.service.ims.presence.PresencePublisher
05-04 19:58:54.917  8148  8148 W Zygote  : Class not found for preloading: com.android.service.ims.presence.PresenceSubscriber
05-04 19:58:54.917  8148  8148 W Zygote  : Class not found for preloading: com.android.service.ims.presence.PresenceTask
05-04 19:58:54.917  8148  8148 W Zygote  : Class not found for preloading: com.android.service.ims.presence.PresenceUtils
05-04 19:58:54.917  8148  8148 W Zygote  : Class not found for preloading: com.android.service.ims.presence.SubscribePublisher
05-04 19:58:54.957  8148  8148 W Zygote  : Class not found for preloading: java.lang.invoke.Transformers$ArrayLength
05-04 19:58:54.957  8148  8148 W Zygote  : Class not found for preloading: java.lang.invoke.Transformers$ReferenceArrayElementGetter
05-04 19:58:54.957  8148  8148 W Zygote  : Class not found for preloading: java.lang.invoke.Transformers$ReferenceArrayElementSetter
05-04 19:58:55.516  8148  8148 I Zygote  : ...preloaded 18367 classes in 15325ms.
05-04 19:58:55.654  8149  8149 W ServiceManagerCppClient: Waited one second for activity (is service started? Number of threads started in the threadpool: 16. Are binder threads started and available?)
05-04 19:58:55.676   224  8261 W libc    : Unable to set property "ctl.interface_start" to "aidl/activity": PROP_ERROR_HANDLE_CONTROL_MESSAGE (0x20)
05-04 19:58:55.680  8148  8148 D nativeloader: InitApexLibraries:
05-04 19:58:55.680  8148  8148 D nativeloader:   com_android_art: libnativehelper.so
05-04 19:58:55.680  8148  8148 D nativeloader:   com_android_i18n: libicui18n.so:libicuuc.so:libicu.so
05-04 19:58:55.680  8148  8148 D nativeloader:   com_android_neuralnetworks: libneuralnetworks.so
05-04 19:58:55.681  8148  8148 D nativeloader: InitDefaultPublicLibraries for_preload=0: libandroid.so:libaaudio.so:libamidi.so:libbinder_ndk.so:libc.so:libcamera2ndk.so:libclang_rt.hwasan-aarch64-android.so:libdl.so:libEGL.so:libGLESv1_CM.so:libGLESv2.so:libGLESv3.so:libjnigraphics.so:liblog.so:libmediandk.so:libm.so:libnativewindow.so:libOpenMAXAL.so:libOpenSLES.so:libRS.so:libstdc++.so:libsync.so:libvulkan.so:libwebviewchromium_plat_support.so:libz.so
05-04 19:58:55.681  8148  8148 D nativeloader: Configuring clns-shared-1 for other apk /system/framework/android.hidl.base-V1.0-java.jar. target_sdk_version=36, uses_libraries=, library_path=, permitted_path=/data:/mnt/expand
05-04 19:58:55.681  8148  8148 D nativeloader: InitExtendedPublicLibraries: 
05-04 19:58:55.737  8148  8148 I nativeloader: InitVendorPublicLibraries skipped: Failed to read /vendor/etc/public.libraries.txt: No such file or directory
05-04 19:58:55.738  8148  8148 D nativeloader: InitProductPublicLibraries: 
05-04 19:58:55.739  8148  8148 D ApplicationLoaders: Created zygote-cached class loader: /system/framework/android.hidl.base-V1.0-java.jar
05-04 19:58:55.743  8148  8148 D nativeloader: Configuring clns-shared-2 for other apk /system/framework/android.hidl.manager-V1.0-java.jar. target_sdk_version=36, uses_libraries=, library_path=, permitted_path=/data:/mnt/expand
05-04 19:58:55.820  8148  8148 D ApplicationLoaders: Created zygote-cached class loader: /system/framework/android.hidl.manager-V1.0-java.jar
05-04 19:58:55.880  8148  8148 D nativeloader: Configuring clns-shared-3 for other apk /system/framework/android.test.base.jar. target_sdk_version=36, uses_libraries=, library_path=, permitted_path=/data:/mnt/expand
05-04 19:58:55.881  8148  8148 D ApplicationLoaders: Created zygote-cached class loader: /system/framework/android.test.base.jar
05-04 19:58:55.933  8148  8148 D nativeloader: Configuring clns-shared-4 for other apk /system/framework/org.apache.http.legacy.jar. target_sdk_version=36, uses_libraries=, library_path=, permitted_path=/data:/mnt/expand
05-04 19:58:55.936  8148  8148 D ApplicationLoaders: Created zygote-cached class loader: /system/framework/org.apache.http.legacy.jar
05-04 19:58:55.941  8148  8148 D nativeloader: Configuring clns-shared-5 for other apk /system/framework/com.android.media.remotedisplay.jar. target_sdk_version=36, uses_libraries=, library_path=, permitted_path=/data:/mnt/expand
05-04 19:58:55.942  8148  8148 D ApplicationLoaders: Created zygote-cached class loader: /system/framework/com.android.media.remotedisplay.jar
05-04 19:58:55.945  8148  8148 D nativeloader: Configuring clns-shared-6 for other apk /system/framework/com.android.location.provider.jar. target_sdk_version=36, uses_libraries=, library_path=, permitted_path=/data:/mnt/expand
05-04 19:58:55.946  8148  8148 D ApplicationLoaders: Created zygote-cached class loader: /system/framework/com.android.location.provider.jar
05-04 19:58:55.952  8148  8148 D nativeloader: Configuring clns-shared-7 for other apk /system_ext/framework/androidx.window.extensions.jar. target_sdk_version=36, uses_libraries=, library_path=, permitted_path=/data:/mnt/expand
05-04 19:58:55.953  8148  8148 D ApplicationLoaders: Created zygote-cached class loader: /system_ext/framework/androidx.window.extensions.jar
05-04 19:58:55.955  8148  8148 D nativeloader: Configuring clns-shared-8 for other apk /system_ext/framework/androidx.window.sidecar.jar. target_sdk_version=36, uses_libraries=, library_path=, permitted_path=/data:/mnt/expand
05-04 19:58:55.957  8148  8148 D ApplicationLoaders: Created zygote-cached class loader: /system_ext/framework/androidx.window.sidecar.jar
05-04 19:58:55.989  8148  8148 I Resources: Preloading resources...
05-04 19:58:56.241  8148  8148 W Resources: Preloaded drawable resource #0x1080300 (android:drawable/dialog_background_material) that varies with configuration!!
05-04 19:58:56.243  8148  8148 W Resources: Preloaded color resource #0x1060072 (android:color/system_surface_container_highest_light) that varies with configuration!!
05-04 19:58:56.243  8148  8148 W Resources: Preloaded drawable resource #0x108036e (android:drawable/floating_popup_background) that varies with configuration!!
05-04 19:58:56.277  8148  8148 W Resources: Preloaded drawable resource #0x10808b3 (android:drawable/progress_horizontal_material) that varies with configuration!!
05-04 19:58:56.278  8148  8148 W Resources: Preloaded drawable resource #0x10808b7 (android:drawable/progress_indeterminate_horizontal_material) that varies with configuration!!
05-04 19:58:56.354  8148  8148 I Resources: ...preloaded 63 resources in 366ms.
05-04 19:58:56.399  8148  8148 I Resources: ...preloaded 41 resources in 44ms.
05-04 19:58:56.404  8148  8148 I Zygote  : Preloading shared libraries...
05-04 19:58:56.412  8148  8148 D nativeloader: Load libandroid.so using system ns (caller=/system/framework/framework.jar!classes5.dex): ok
05-04 19:58:56.432   476  7859 E SensorsMultiHal: Dropping 1 events after blockingWrite failed (is system_server running?).
05-04 19:58:56.501  8148  8148 D nativeloader: Load libjnigraphics.so using system ns (caller=/system/framework/framework.jar!classes5.dex): ok
05-04 19:58:56.505  8148  8148 D nativeloader: Load libcompiler_rt.so using system ns (caller=/system/framework/framework.jar!classes5.dex): ok
05-04 19:58:56.509  8148  8148 E zygote64: Unable to find pattern file or unable to map it for am
05-04 19:58:56.731  8149  8149 W ServiceManagerCppClient: Waited one second for activity (is service started? Number of threads started in the threadpool: 16. Are binder threads started and available?)
05-04 19:58:56.793   224  8262 W libc    : Unable to set property "ctl.interface_start" to "aidl/activity": PROP_ERROR_HANDLE_CONTROL_MESSAGE (0x20)
05-04 19:58:57.365  8148  8148 D nativeloader: Load libmainlinecronet.133.0.6876.3.so using APEX ns com_android_tethering for caller /apex/com.android.tethering/javalib/framework-connectivity.jar: ok
05-04 19:58:57.778  8149  8149 W ServiceManagerCppClient: Waited one second for activity (is service started? Number of threads started in the threadpool: 16. Are binder threads started and available?)
05-04 19:58:57.849   224  8263 W libc    : Unable to set property "ctl.interface_start" to "aidl/activity": PROP_ERROR_HANDLE_CONTROL_MESSAGE (0x20)
05-04 19:58:57.901  5537  5584 D BootAnimation: Playing files = /product/media/bootanimation.zip/part3, Requested repeat = 0, playUntilComplete = false
05-04 19:58:58.857  8149  8149 W ServiceManagerCppClient: Waited one second for activity (is service started? Number of threads started in the threadpool: 16. Are binder threads started and available?)
05-04 19:58:59.023   224  8265 W libc    : Unable to set property "ctl.interface_start" to "aidl/activity": PROP_ERROR_HANDLE_CONTROL_MESSAGE (0x20)
05-04 19:58:59.521  8148  8148 D nativeloader: Load libwebviewchromium_loader.so using system ns (caller=/system/framework/framework.jar!classes4.dex): ok
05-04 19:58:59.552  8148  8148 I Zygote  : Called ZygoteHooks.endPreload()
05-04 19:58:59.590  8148  8148 I Zygote  : Installed AndroidKeyStoreProvider in 38ms.
05-04 19:58:59.630  8148  8148 I Zygote  : Warmed up JCA providers in 39ms.
05-04 19:58:59.630  8148  8148 D Zygote  : end preload
05-04 19:58:59.630  8148  8148 I zygote64: Waiting for a blocking GC Explicit
05-04 19:58:59.987  8149  8149 W ServiceManagerCppClient: Waited one second for activity (is service started? Number of threads started in the threadpool: 16. Are binder threads started and available?)
05-04 19:59:00.059   224  8267 W libc    : Unable to set property "ctl.interface_start" to "aidl/activity": PROP_ERROR_HANDLE_CONTROL_MESSAGE (0x20)
05-04 19:59:01.012  8149  8149 W ServiceManagerCppClient: Waited one second for activity (is service started? Number of threads started in the threadpool: 16. Are binder threads started and available?)
05-04 19:59:01.032   224  8268 W libc    : Unable to set property "ctl.interface_start" to "aidl/activity": PROP_ERROR_HANDLE_CONTROL_MESSAGE (0x20)
05-04 19:59:01.440   476  7859 E SensorsMultiHal: Dropping 1 events after blockingWrite failed (is system_server running?).
05-04 19:59:01.453  5537  5584 D BootAnimation: Playing files = /product/media/bootanimation.zip/part3, Requested repeat = 0, playUntilComplete = false
05-04 19:59:02.911  8149  8149 W ServiceManagerCppClient: Waited one second for activity (is service started? Number of threads started in the threadpool: 16. Are binder threads started and available?)
05-04 19:59:03.088   224  8271 W libc    : Unable to set property "ctl.interface_start" to "aidl/activity": PROP_ERROR_HANDLE_CONTROL_MESSAGE (0x20)
05-04 19:59:03.088  8148  8236 I zygote64: Background concurrent mark compact GC freed 7000KB AllocSpace bytes, 6(116KB) LOS objects, 49% free, 8450KB/16MB, paused 646us,624.517ms total 6.790s
05-04 19:59:03.090  8148  8148 I zygote64: WaitForGcToComplete blocked Explicit on Background for 3.459s
05-04 19:59:04.082  8149  8149 W ServiceManagerCppClient: Waited one second for activity (is service started? Number of threads started in the threadpool: 16. Are binder threads started and available?)
05-04 19:59:04.214   224  8272 W libc    : Unable to set property "ctl.interface_start" to "aidl/activity": PROP_ERROR_HANDLE_CONTROL_MESSAGE (0x20)
05-04 19:59:04.996  5537  5584 D BootAnimation: Playing files = /product/media/bootanimation.zip/part3, Requested repeat = 0, playUntilComplete = false
05-04 19:59:05.159  8149  8149 W ServiceManagerCppClient: Waited one second for activity (is service started? Number of threads started in the threadpool: 16. Are binder threads started and available?)
05-04 19:59:05.204   224  8273 W libc    : Unable to set property "ctl.interface_start" to "aidl/activity": PROP_ERROR_HANDLE_CONTROL_MESSAGE (0x20)
05-04 19:59:05.674  8148  8148 I zygote64: Explicit concurrent mark compact GC freed 216KB AllocSpace bytes, 0(0B) LOS objects, 49% free, 8298KB/16MB, paused 308us,48.099ms total 2.582s
05-04 19:59:06.172  8149  8149 W ServiceManagerCppClient: Waited one second for activity (is service started? Number of threads started in the threadpool: 16. Are binder threads started and available?)
05-04 19:59:06.281   224  8274 W libc    : Unable to set property "ctl.interface_start" to "aidl/activity": PROP_ERROR_HANDLE_CONTROL_MESSAGE (0x20)
05-04 19:59:06.474   476  7859 E SensorsMultiHal: Dropping 1 events after blockingWrite failed (is system_server running?).
05-04 19:59:07.275  8149  8149 W ServiceManagerCppClient: Waited one second for activity (is service started? Number of threads started in the threadpool: 16. Are binder threads started and available?)
05-04 19:59:07.369   224  8275 W libc    : Unable to set property "ctl.interface_start" to "aidl/activity": PROP_ERROR_HANDLE_CONTROL_MESSAGE (0x20)
05-04 19:59:08.293  8149  8149 W ServiceManagerCppClient: Waited one second for activity (is service started? Number of threads started in the threadpool: 16. Are binder threads started and available?)
05-04 19:59:08.307   224  8276 W libc    : Unable to set property "ctl.interface_start" to "aidl/activity": PROP_ERROR_HANDLE_CONTROL_MESSAGE (0x20)
05-04 19:59:08.686  5537  5584 D BootAnimation: Playing files = /product/media/bootanimation.zip/part3, Requested repeat = 0, playUntilComplete = false
05-04 19:59:09.304  8149  8149 W ServiceManagerCppClient: Waited one second for activity (is service started? Number of threads started in the threadpool: 16. Are binder threads started and available?)
05-04 19:59:09.357   224  8277 W libc    : Unable to set property "ctl.interface_start" to "aidl/activity": PROP_ERROR_HANDLE_CONTROL_MESSAGE (0x20)
05-04 19:59:09.408  8148  8148 I zygote64: Explicit concurrent mark compact GC freed 376KB AllocSpace bytes, 0(0B) LOS objects, 49% free, 8018KB/15MB, paused 409us,497.678ms total 3.590s
05-04 19:59:09.409  8148  8236 I zygote64: WaitForGcToComplete blocked HeapTrim on Explicit for 1.319s
05-04 19:59:09.702  8148  8148 W libprocessgroup: A JoinCgroup action in the SystemMemoryProcess profile is used for controller memory in the cgroup v2 hierarchy and will be ignored
05-04 19:59:10.365  8149  8149 W ServiceManagerCppClient: Waited one second for activity (is service started? Number of threads started in the threadpool: 16. Are binder threads started and available?)
05-04 19:59:10.384   224  8278 W libc    : Unable to set property "ctl.interface_start" to "aidl/activity": PROP_ERROR_HANDLE_CONTROL_MESSAGE (0x20)
05-04 19:59:11.385  8149  8149 W ServiceManagerCppClient: Waited one second for activity (is service started? Number of threads started in the threadpool: 16. Are binder threads started and available?)
05-04 19:59:11.440   224  8279 W libc    : Unable to set property "ctl.interface_start" to "aidl/activity": PROP_ERROR_HANDLE_CONTROL_MESSAGE (0x20)
05-04 19:59:11.484   476  7859 E SensorsMultiHal: Dropping 1 events after blockingWrite failed (is system_server running?).
05-04 19:59:12.458  8149  8149 W ServiceManagerCppClient: Waited one second for activity (is service started? Number of threads started in the threadpool: 16. Are binder threads started and available?)
05-04 19:59:12.483   224  8282 W libc    : Unable to set property "ctl.interface_start" to "aidl/activity": PROP_ERROR_HANDLE_CONTROL_MESSAGE (0x20)
05-04 19:59:13.100  5537  5584 D BootAnimation: Playing files = /product/media/bootanimation.zip/part3, Requested repeat = 0, playUntilComplete = false
05-04 19:59:13.470  8149  8149 W ServiceManagerCppClient: Waited one second for activity (is service started? Number of threads started in the threadpool: 16. Are binder threads started and available?)
05-04 19:59:13.495   224  8283 W libc    : Unable to set property "ctl.interface_start" to "aidl/activity": PROP_ERROR_HANDLE_CONTROL_MESSAGE (0x20)
05-04 19:59:13.980  8148  8148 I zygote64: Background concurrent mark compact GC freed 128KB AllocSpace bytes, 0(0B) LOS objects, 49% free, 8018KB/15MB, paused 468us,683.366ms total 3.975s
05-04 19:59:14.487  8149  8149 W ServiceManagerCppClient: Waited one second for activity (is service started? Number of threads started in the threadpool: 16. Are binder threads started and available?)
05-04 19:59:14.647   224  8284 W libc    : Unable to set property "ctl.interface_start" to "aidl/activity": PROP_ERROR_HANDLE_CONTROL_MESSAGE (0x20)
05-04 19:59:15.616  8149  8149 W ServiceManagerCppClient: Waited one second for activity (is service started? Number of threads started in the threadpool: 16. Are binder threads started and available?)
05-04 19:59:15.637   224  8285 W libc    : Unable to set property "ctl.interface_start" to "aidl/activity": PROP_ERROR_HANDLE_CONTROL_MESSAGE (0x20)
05-04 19:59:16.509   476  7859 E SensorsMultiHal: Dropping 1 events after blockingWrite failed (is system_server running?).
05-04 19:59:16.547  5537  5584 D BootAnimation: Playing files = /product/media/bootanimation.zip/part3, Requested repeat = 0, playUntilComplete = false
05-04 19:59:16.644  8149  8149 W ServiceManagerCppClient: Waited one second for activity (is service started? Number of threads started in the threadpool: 16. Are binder threads started and available?)
05-04 19:59:16.836   224  8286 W libc    : Unable to set property "ctl.interface_start" to "aidl/activity": PROP_ERROR_HANDLE_CONTROL_MESSAGE (0x20)
05-04 19:59:17.681  8149  8149 W ServiceManagerCppClient: Waited one second for activity (is service started? Number of threads started in the threadpool: 16. Are binder threads started and available?)
05-04 19:59:17.739   224  8287 W libc    : Unable to set property "ctl.interface_start" to "aidl/activity": PROP_ERROR_HANDLE_CONTROL_MESSAGE (0x20)
05-04 19:59:18.753  8149  8149 W ServiceManagerCppClient: Waited one second for activity (is service started? Number of threads started in the threadpool: 16. Are binder threads started and available?)
05-04 19:59:18.805   224  8288 W libc    : Unable to set property "ctl.interface_start" to "aidl/activity": PROP_ERROR_HANDLE_CONTROL_MESSAGE (0x20)
05-04 19:59:19.764  8149  8149 W ServiceManagerCppClient: Waited one second for activity (is service started? Number of threads started in the threadpool: 16. Are binder threads started and available?)
05-04 19:59:19.790   224  8289 W libc    : Unable to set property "ctl.interface_start" to "aidl/activity": PROP_ERROR_HANDLE_CONTROL_MESSAGE (0x20)
05-04 19:59:20.024  8148  8148 D Zygote  : Forked child process 8290
05-04 19:59:20.025  8148  8148 I Zygote  : System server process 8290 has been created
05-04 19:59:20.050  5537  5584 D BootAnimation: Playing files = /product/media/bootanimation.zip/part3, Requested repeat = 0, playUntilComplete = false
05-04 19:59:20.059  8148  8148 I Zygote  : Accepting command socket connections
05-04 19:59:20.230  8290  8290 D nativeloader: Configuring clns-shared-9 for other apk /system/framework/com.android.location.provider.jar:/system/framework/services.jar:/apex/com.android.adservices/javalib/service-adservices.jar:/apex/com.android.adservices/javalib/service-sdksandbox.jar:/apex/com.android.appsearch/javalib/service-appsearch.jar:/apex/com.android.art/javalib/service-art.jar:/apex/com.android.compos/javalib/service-compos.jar:/apex/com.android.configinfrastructure/javalib/service-configinfrastructure.jar:/apex/com.android.crashrecovery/javalib/service-crashrecovery.jar:/apex/com.android.healthfitness/javalib/service-healthfitness.jar:/apex/com.android.media/javalib/service-media-s.jar:/apex/com.android.ondevicepersonalization/javalib/service-ondevicepersonalization.jar:/apex/com.android.permission/javalib/service-permission.jar:/apex/com.android.rkpd/javalib/service-rkp.jar:/apex/com.android.virt/javalib/service-virtualization.jar. target_sdk_version=10000, uses_libraries=ALL, library_path=/system/lib64:/system_ext/lib64, permitted_path=/
05-04 19:59:20.238  8290  8290 D nativeloader: InitApexLibraries:
05-04 19:59:20.238  8290  8290 D nativeloader:   com_android_adservices: libhpke_jni.so:libtflite_support_classifiers_native.so
05-04 19:59:20.238  8290  8290 D nativeloader:   com_android_appsearch: libicing.so
05-04 19:59:20.238  8290  8290 D nativeloader:   com_android_art: libartservice.so
05-04 19:59:20.238  8290  8290 D nativeloader:   com_android_bt: libbluetooth_jni.so
05-04 19:59:20.238  8290  8290 D nativeloader:   com_android_conscrypt: libjavacrypto.so
05-04 19:59:20.238  8290  8290 D nativeloader:   com_android_mediaprovider: libpdfclient.so
05-04 19:59:20.238  8290  8290 D nativeloader:   com_android_nfcservices: libnfc_nci_jni.so
05-04 19:59:20.238  8290  8290 D nativeloader:   com_android_ondevicepersonalization: libfcp_cpp_dep_jni.so:libfcp_hpke_jni.so
05-04 19:59:20.238  8290  8290 D nativeloader:   com_android_os_statsd: libstats_jni.so
05-04 19:59:20.238  8290  8290 D nativeloader:   com_android_tethering: libandroid_net_connectivity_com_android_net_module_util_jni.so:libframework-connectivity-jni.so:libframework-connectivity-tiramisu-jni.so:libmainlinecronet.133.0.6876.3.so:libservice-connectivity.so:libservice-thread-jni.so:stable_cronet_libcrypto.so:stable_cronet_libssl.so
05-04 19:59:20.238  8290  8290 D nativeloader:   com_android_uwb: libuwb_uci_jni_rust.so
05-04 19:59:20.238  8290  8290 D nativeloader:   com_android_virt: libvirtualizationservice_jni.so:libvirtualmachine_jni.so
05-04 19:59:20.238  8290  8290 D nativeloader:   com_android_wifi: libservice-wifi-jni.so
05-04 19:59:20.266  8290  8290 D nativeloader: Configuring clns-shared-10 for other apk /apex/com.android.bt/javalib/service-bluetooth.jar. target_sdk_version=36, uses_libraries=ALL, library_path=, permitted_path=/data:/mnt/expand
05-04 19:59:20.396  8290  8290 D nativeloader: Configuring clns-shared-11 for other apk /apex/com.android.devicelock/javalib/service-devicelock.jar. target_sdk_version=36, uses_libraries=ALL, library_path=, permitted_path=/data:/mnt/expand
05-04 19:59:20.444  8290  8290 D nativeloader: Configuring clns-shared-12 for other apk /apex/com.android.os.statsd/javalib/service-statsd.jar. target_sdk_version=36, uses_libraries=ALL, library_path=, permitted_path=/data:/mnt/expand
05-04 19:59:20.451  8290  8290 D nativeloader: Configuring clns-shared-13 for other apk /apex/com.android.profiling/javalib/service-profiling.jar. target_sdk_version=36, uses_libraries=ALL, library_path=, permitted_path=/data:/mnt/expand
05-04 19:59:20.456  8290  8290 D nativeloader: Configuring clns-shared-14 for other apk /apex/com.android.scheduling/javalib/service-scheduling.jar. target_sdk_version=36, uses_libraries=ALL, library_path=, permitted_path=/data:/mnt/expand
05-04 19:59:20.464  8290  8290 D nativeloader: Configuring clns-shared-15 for other apk /apex/com.android.tethering/javalib/service-connectivity.jar. target_sdk_version=36, uses_libraries=ALL, library_path=, permitted_path=/data:/mnt/expand
05-04 19:59:20.472  8290  8290 D nativeloader: Configuring clns-shared-16 for other apk /apex/com.android.uwb/javalib/service-uwb.jar. target_sdk_version=36, uses_libraries=ALL, library_path=, permitted_path=/data:/mnt/expand
05-04 19:59:20.479  8290  8290 D nativeloader: Configuring clns-shared-17 for other apk /apex/com.android.uwb/javalib/service-ranging.jar. target_sdk_version=36, uses_libraries=ALL, library_path=, permitted_path=/data:/mnt/expand
05-04 19:59:20.486  8290  8290 D nativeloader: Configuring clns-shared-18 for other apk /apex/com.android.wifi/javalib/service-wifi.jar. target_sdk_version=36, uses_libraries=ALL, library_path=, permitted_path=/data:/mnt/expand
05-04 19:59:20.686  8290  8290 I system_server: Using CollectorTypeCMC GC.
05-04 19:59:20.737  8290  8290 W system_server: Unexpected CPU variant for x86: x86_64.
05-04 19:59:20.737  8290  8290 W system_server: Known variants: atom, sandybridge, silvermont, goldmont, goldmont-plus, goldmont-without-sha-xsaves, tremont, kabylake, alderlake, default
05-04 19:59:20.744  8290  8290 W system_server: Failed to upload odrefresh metrics: Unable to open or parse metrics file /data/misc/odrefresh/odrefresh-metrics.xml (error: Error=XML_ERROR_FILE_NOT_FOUND ErrorID=3 (0x3) Line number=0: filename=/data/misc/odrefresh/odrefresh-metrics.xml)
05-04 19:59:20.751  8290  8290 E system_server: Not starting debugger since process cannot load the jdwp agent.
05-04 19:59:20.780  8149  8149 W ServiceManagerCppClient: Waited one second for activity (is service started? Number of threads started in the threadpool: 16. Are binder threads started and available?)
05-04 19:59:20.821   224  8303 W libc    : Unable to set property "ctl.interface_start" to "aidl/activity": PROP_ERROR_HANDLE_CONTROL_MESSAGE (0x20)
05-04 19:59:21.014  8290  8290 D nativeloader: Load libframework-connectivity-tiramisu-jni.so using APEX ns com_android_tethering for caller /apex/com.android.tethering/javalib/framework-connectivity-t.jar: ok
05-04 19:59:21.042  8290  8290 D SystemServerTiming: InitBeforeStartServices
05-04 19:59:21.053  8290  8290 I SystemServer: Entered the Android system server!
05-04 19:59:21.184  8290  8290 I SystemServerInitThreadPool: Creating instance with 4 threads
05-04 19:59:21.202  8290  8290 I SystemServer: Reading configuration...
05-04 19:59:21.202  8290  8290 D SystemServerTiming: ReadingSystemConfig
05-04 19:59:21.242  8290  8308 D SystemServerTimingAsync: InitThreadPoolExec:ReadingSystemConfig
05-04 19:59:21.275  8290  8308 I SystemConfig: Reading permissions from /system/etc/sysconfig/enhanced-confirmation.xml
05-04 19:59:21.278  8290  8308 I SystemConfig: Reading permissions from /system/etc/sysconfig/framework-sysconfig.xml
05-04 19:59:21.282  8290  8308 I SystemConfig: Reading permissions from /system/etc/sysconfig/hiddenapi-package-whitelist.xml
05-04 19:59:21.285  8290  8308 I SystemConfig: Reading permissions from /system/etc/sysconfig/initial-package-stopped-states.xml
05-04 19:59:21.383  8290  8308 I SystemConfig: Reading permissions from /system/etc/sysconfig/package-shareduid-allowlist.xml
05-04 19:59:21.384  8290  8308 I SystemConfig: Reading permissions from /system/etc/sysconfig/preinstalled-packages-asl-files.xml
05-04 19:59:21.385  8290  8308 I SystemConfig: Reading permissions from /system/etc/sysconfig/preinstalled-packages-platform-generic-system.xml
05-04 19:59:21.386  8290  8308 I SystemConfig: Reading permissions from /system/etc/sysconfig/preinstalled-packages-platform-handheld-system.xml
05-04 19:59:21.387  8290  8308 I SystemConfig: Reading permissions from /system/etc/sysconfig/preinstalled-packages-platform.xml
05-04 19:59:21.424  8290  8308 I SystemConfig: Reading permissions from /system/etc/sysconfig/preinstalled-packages-strict-signature.xml
05-04 19:59:21.441  8290  8308 I SystemConfig: Reading permissions from /system/etc/permissions/android.software.credentials.xml
05-04 19:59:21.443  8290  8308 I SystemConfig: Reading permissions from /system/etc/permissions/android.software.live_wallpaper.xml
05-04 19:59:21.446  8290  8308 I SystemConfig: Reading permissions from /system/etc/permissions/android.software.webview.xml
05-04 19:59:21.447  8290  8308 I SystemConfig: Reading permissions from /system/etc/permissions/android.software.window_magnification.xml
05-04 19:59:21.449  8290  8308 I SystemConfig: Reading permissions from /system/etc/permissions/android.test.base.xml
05-04 19:59:21.450  8290  8308 I SystemConfig: Reading permissions from /system/etc/permissions/android.test.mock.xml
05-04 19:59:21.490  8290  8308 I SystemConfig: Reading permissions from /system/etc/permissions/android.test.runner.xml
05-04 19:59:21.492  8290  8308 I SystemConfig: Reading permissions from /system/etc/permissions/com.android.future.usb.accessory.xml
05-04 19:59:21.492  8290  8308 I SystemConfig: Reading permissions from /system/etc/permissions/com.android.intentresolver.xml
05-04 19:59:21.497  8290  8308 I SystemConfig: Reading permissions from /system/etc/permissions/com.android.location.provider.xml
05-04 19:59:21.523   476  7859 E SensorsMultiHal: Dropping 1 events after blockingWrite failed (is system_server running?).
05-04 19:59:21.524  8290  8308 I SystemConfig: Reading permissions from /system/etc/permissions/com.android.media.remotedisplay.xml
05-04 19:59:21.525  8290  8308 I SystemConfig: Reading permissions from /system/etc/permissions/com.android.mediadrm.signer.xml
05-04 19:59:21.526  8290  8308 I SystemConfig: Reading permissions from /system/etc/permissions/com.android.nfc_extras.xml
05-04 19:59:21.527  8290  8308 I SystemConfig: Reading permissions from /system/etc/permissions/javax.obex.xml
05-04 19:59:21.528  8290  8308 I SystemConfig: Reading permissions from /system/etc/permissions/org.apache.http.legacy.xml
05-04 19:59:21.528  8290  8308 I SystemConfig: Reading permissions from /system/etc/permissions/privapp-permissions-google.xml
05-04 19:59:21.530  8290  8308 I SystemConfig: Reading permissions from /system/etc/permissions/privapp-permissions-platform.xml
05-04 19:59:21.559  8290  8308 I SystemConfig: Reading permissions from /system/etc/permissions/platform.xml
05-04 19:59:21.711  8290  8308 I AconfigFlags: Using new flag storage
05-04 19:59:21.720  8290  8308 I SystemConfig: Reading permissions from /vendor/etc/permissions/android.hardware.bluetooth.xml
05-04 19:59:21.721  8290  8308 I SystemConfig: Reading permissions from /vendor/etc/permissions/android.hardware.bluetooth_le.xml
05-04 19:59:21.722  8290  8308 I SystemConfig: Reading permissions from /vendor/etc/permissions/android.hardware.camera.concurrent.prebuilt.xml
05-04 19:59:21.722  8290  8308 I SystemConfig: Reading permissions from /vendor/etc/permissions/android.hardware.camera.flash-autofocus.prebuilt.xml
05-04 19:59:21.749  8290  8308 I SystemConfig: Reading permissions from /vendor/etc/permissions/android.hardware.camera.front.prebuilt.xml
05-04 19:59:21.887  8149  8149 W ServiceManagerCppClient: Waited one second for activity (is service started? Number of threads started in the threadpool: 16. Are binder threads started and available?)
05-04 19:59:22.360  8290  8308 I SystemConfig: Reading permissions from /vendor/etc/permissions/android.hardware.camera.full.prebuilt.xml
05-04 19:59:22.361  8290  8308 I SystemConfig: Reading permissions from /vendor/etc/permissions/android.hardware.camera.raw.prebuilt.xml
05-04 19:59:22.362  8290  8308 I SystemConfig: Reading permissions from /vendor/etc/permissions/android.hardware.fingerprint.prebuilt.xml
05-04 19:59:22.366  8290  8308 I SystemConfig: Reading permissions from /vendor/etc/permissions/android.hardware.hardware_keystore.xml
05-04 19:59:22.367  8290  8308 I SystemConfig: Reading permissions from /vendor/etc/permissions/android.hardware.identity_credential.xml
05-04 19:59:22.371  8290  8308 I SystemConfig: Reading permissions from /vendor/etc/permissions/android.hardware.keystore.app_attest_key.xml
05-04 19:59:22.372  8290  8308 I SystemConfig: Reading permissions from /vendor/etc/permissions/android.hardware.touchscreen.multitouch.jazzhand.xml
05-04 19:59:22.373  8290  8308 I SystemConfig: Reading permissions from /vendor/etc/permissions/android.hardware.uwb.xml
05-04 19:59:22.374  8290  8308 I SystemConfig: Reading permissions from /vendor/etc/permissions/android.hardware.vulkan.compute.xml
05-04 19:59:22.376   224  8311 W libc    : Unable to set property "ctl.interface_start" to "aidl/activity": PROP_ERROR_HANDLE_CONTROL_MESSAGE (0x20)
05-04 19:59:22.391  8290  8308 I SystemConfig: Reading permissions from /vendor/etc/permissions/android.hardware.vulkan.level.xml
05-04 19:59:22.399  8290  8308 I SystemConfig: Reading permissions from /vendor/etc/permissions/android.hardware.vulkan.version.xml
05-04 19:59:22.403  8290  8308 I SystemConfig: Reading permissions from /vendor/etc/permissions/android.hardware.wifi.direct.xml
05-04 19:59:22.407  8290  8308 I SystemConfig: Reading permissions from /vendor/etc/permissions/android.hardware.wifi.passpoint.xml
05-04 19:59:22.409  8290  8308 I SystemConfig: Reading permissions from /vendor/etc/permissions/android.hardware.wifi.xml
05-04 19:59:22.412  8290  8308 I SystemConfig: Reading permissions from /vendor/etc/permissions/android.software.autofill.xml
05-04 19:59:22.422  8290  8308 I SystemConfig: Reading permissions from /vendor/etc/permissions/android.software.opengles.deqp.level.xml
05-04 19:59:22.423  8290  8308 I SystemConfig: Reading permissions from /vendor/etc/permissions/android.software.vulkan.deqp.level.xml
05-04 19:59:22.425  8290  8308 I SystemConfig: Reading permissions from /vendor/etc/permissions/features_com.android.virt.xml
05-04 19:59:22.426  8290  8308 I SystemConfig: Reading permissions from /vendor/etc/permissions/handheld_core_hardware.xml
05-04 19:59:22.451  8290  8308 I SystemConfig: Reading permissions from /product/etc/sysconfig/disable-zero-touch.xml
05-04 19:59:22.454  8290  8308 I SystemConfig: Reading permissions from /product/etc/sysconfig/google-hiddenapi-package-whitelist.xml
05-04 19:59:22.455  8290  8308 I SystemConfig: Reading permissions from /product/etc/sysconfig/google-staged-installer-whitelist.xml
05-04 19:59:22.455  8290  8308 I SystemConfig: Reading permissions from /product/etc/sysconfig/google.xml
05-04 19:59:22.457  8290  8308 I SystemConfig: Adding association: com.google.android.as <- com.android.bluetooth
05-04 19:59:22.457  8290  8308 I SystemConfig: Adding association: com.google.android.as <- com.android.bluetooth.services
05-04 19:59:22.457  8290  8308 I SystemConfig: Adding association: com.google.android.as <- com.android.phone
05-04 19:59:22.457  8290  8308 I SystemConfig: Adding association: com.google.android.as <- com.android.providers.contacts
05-04 19:59:22.457  8290  8308 I SystemConfig: Adding association: com.google.android.as <- com.android.providers.media
05-04 19:59:22.458  8290  8308 I SystemConfig: Adding association: com.google.android.as <- com.android.providers.telephony
05-04 19:59:22.458  8290  8308 I SystemConfig: Adding association: com.google.android.as <- com.android.systemui
05-04 19:59:22.458  8290  8308 I SystemConfig: Adding association: com.google.android.as <- com.google.android.bluetooth
05-04 19:59:22.458  8290  8308 I SystemConfig: Adding association: com.google.android.as <- com.google.android.bluetooth.services
05-04 19:59:22.458  8290  8308 I SystemConfig: Adding association: com.google.android.as <- com.google.android.providers.media.module
05-04 19:59:22.458  8290  8308 I SystemConfig: Adding association: com.google.android.as <- com.google.android.as.oss
05-04 19:59:22.458  8290  8308 I SystemConfig: Adding association: com.google.android.as.oss <- com.google.android.as
05-04 19:59:22.458  8290  8308 I SystemConfig: Adding association: com.google.android.as.oss <- com.google.android.aicore
05-04 19:59:22.458  8290  8308 I SystemConfig: Adding association: com.google.android.as.oss <- com.google.android.apps.nexuslauncher
05-04 19:59:22.459  8290  8308 W SystemConfig: Tag automatic-rollback-denylisted-app is unknown in /product/etc/sysconfig/google.xml at START_TAG (empty) <automatic-rollback-denylisted-app package='com.android.vending'>@146:72 in java.io.FileReader@f5161c9
05-04 19:59:22.459  8290  8308 W SystemConfig: Tag automatic-rollback-denylisted-app is unknown in /product/etc/sysconfig/google.xml at START_TAG (empty) <automatic-rollback-denylisted-app package='com.google.android.gms'>@147:75 in java.io.FileReader@f5161c9
05-04 19:59:22.460  8290  8308 I SystemConfig: Reading permissions from /product/etc/sysconfig/google_build.xml
05-04 19:59:22.461  8290  8308 I SystemConfig: Reading permissions from /product/etc/sysconfig/initial-package-stopped-states-aosp.xml
05-04 19:59:22.462  8290  8308 I SystemConfig: Reading permissions from /product/etc/sysconfig/personal-safety.xml
05-04 19:59:22.462  8290  8308 I SystemConfig: Reading permissions from /product/etc/sysconfig/preinstalled-packages-platform-aosp-product.xml
05-04 19:59:22.462  8290  8308 I SystemConfig: Reading permissions from /product/etc/sysconfig/preinstalled-packages-platform-handheld-product.xml
05-04 19:59:22.658  8290  8308 I SystemConfig: Reading permissions from /product/etc/sysconfig/preinstalled-packages-platform-overlays.xml
05-04 19:59:22.660  8290  8308 I SystemConfig: Reading permissions from /product/etc/sysconfig/preinstalled-packages-platform-telephony-product.xml
05-04 19:59:22.661  8290  8308 I SystemConfig: Reading permissions from /product/etc/sysconfig/wellbeing.xml
05-04 19:59:22.662  8290  8308 I SystemConfig: Reading permissions from /product/etc/permissions/android.hardware.telephony.euicc.xml
05-04 19:59:22.663  8290  8308 I SystemConfig: Reading permissions from /product/etc/permissions/android.software.verified_boot.xml
05-04 19:59:22.695  8290  8308 I SystemConfig: Reading permissions from /product/etc/permissions/com.android.imsserviceentitlement.xml
05-04 19:59:22.696  8290  8308 I SystemConfig: Reading permissions from /product/etc/permissions/com.google.android.dialer.support.xml
05-04 19:59:22.698  8290  8308 I SystemConfig: Reading permissions from /product/etc/permissions/com.google.android.odad.xml
05-04 19:59:22.699  8290  8308 I SystemConfig: Reading permissions from /product/etc/permissions/privapp-permissions-goldfish.xml
05-04 19:59:22.700  8290  8308 I SystemConfig: Reading permissions from /product/etc/permissions/privapp-permissions-google-p.xml
05-04 19:59:22.942  8290  8308 I SystemConfig: Reading permissions from /product/etc/permissions/privapp-permissions-sdk-google.xml
05-04 19:59:22.943  8290  8308 I SystemConfig: Reading permissions from /product/etc/permissions/split-permissions-google.xml
05-04 19:59:22.944  8149  8149 W ServiceManagerCppClient: Waited one second for activity (is service started? Number of threads started in the threadpool: 16. Are binder threads started and available?)
05-04 19:59:22.945  8290  8308 I SystemConfig: Reading permissions from /system_ext/etc/sysconfig/android.telephony.satellite.xml
05-04 19:59:22.946  8290  8308 I SystemConfig: Reading permissions from /system_ext/etc/sysconfig/preinstalled-packages-com.android.google.avatarpicker.xml
