05-04 20:02:08.793   524   524 I libc    : Requested dump for pid 524 (android.hardwar)
05-04 20:02:09.145  8635  8635 I crash_dump64: obtaining output fd from tombstoned, type: kDebuggerdNativeBacktrace
05-04 20:02:09.173   281   281 I tombstoned: received crash request for pid 524
05-04 20:02:09.174   281   281 I tombstoned: found intercept fd 512 for pid 524 and type kDebuggerdNativeBacktrace
05-04 20:02:09.174  8635  8635 I crash_dump64: performing dump of process 524 (target tid = 524)
05-04 20:02:09.390  8290  8290 I NetworkStatsServiceInitializer: Registering netstats
05-04 20:02:09.428  8290  8290 D SystemServerTiming: StartNetworkPolicyManagerService
05-04 20:02:09.693   281   281 W tombstoned: skipping tombstone file creation due to intercept
05-04 20:02:09.914  8633  8633 I crash_dump64: obtaining output fd from tombstoned, type: kDebuggerdNativeBacktrace
05-04 20:02:10.046   281   281 I tombstoned: received crash request for pid 523
05-04 20:02:10.048   281   281 E tombstoned: failed to get crash output for type kDebuggerdNativeBacktrace
05-04 20:02:10.116  8633  8633 E libc    : failed to read response to DumpRequest packet: No message of desired type
05-04 20:02:10.116  8633  8633 I crash_dump64: performing dump of process 523 (target tid = 523)
05-04 20:02:10.361  8601  8603 I artd    : GetBestInfo: odex next to the dex file (/data/app/~~pJnRwDdt8ElSrJ9fkncmlQ==/com.google.android.gms-ITzf0vqGdY85SwLRSo_5MA==/oat/x86_64/base.odex) is kOatUpToDate with filter 'speed-profile' executable 'false'
05-04 20:02:10.557  8290  8323 I system_server: libdebuggerd_client: done dumping process 524
05-04 20:02:10.834  8601  8603 I artd    : GetBestInfo: odex next to the dex file (/data/app/~~pJnRwDdt8ElSrJ9fkncmlQ==/com.google.android.gms-ITzf0vqGdY85SwLRSo_5MA==/oat/x86_64/split_AdsDynamite_installtime.odex) is kOatUpToDate with filter 'speed' executable 'false'
05-04 20:02:11.042  8290  8323 E ActivityManager: Aborting stack trace dump (current native pid=524); deadline exceeded.
05-04 20:02:11.198  8601  8603 I artd    : GetBestInfo: odex next to the dex file (/data/app/~~pJnRwDdt8ElSrJ9fkncmlQ==/com.google.android.gms-ITzf0vqGdY85SwLRSo_5MA==/oat/x86_64/split_CronetDynamite_installtime.odex) is kOatUpToDate with filter 'speed' executable 'false'
05-04 20:02:11.867  8601  8604 I artd    : GetBestInfo: odex next to the dex file (/data/app/~~pJnRwDdt8ElSrJ9fkncmlQ==/com.google.android.gms-ITzf0vqGdY85SwLRSo_5MA==/oat/x86_64/split_DynamiteLoader_installtime.odex) is kOatUpToDate with filter 'speed' executable 'false'
05-04 20:02:11.875  8601  8604 I artd    : GetBestInfo: odex next to the dex file (/data/app/~~pJnRwDdt8ElSrJ9fkncmlQ==/com.google.android.gms-ITzf0vqGdY85SwLRSo_5MA==/oat/x86_64/split_DynamiteModulesA_installtime.odex) is kOatUpToDate with filter 'speed' executable 'false'
05-04 20:02:11.904  8601  8604 I artd    : GetBestInfo: odex next to the dex file (/data/app/~~pJnRwDdt8ElSrJ9fkncmlQ==/com.google.android.gms-ITzf0vqGdY85SwLRSo_5MA==/oat/x86_64/split_DynamiteModulesC_installtime.odex) is kOatUpToDate with filter 'speed' executable 'false'
05-04 20:02:11.920  8601  8604 I artd    : GetBestInfo: odex next to the dex file (/data/app/~~pJnRwDdt8ElSrJ9fkncmlQ==/com.google.android.gms-ITzf0vqGdY85SwLRSo_5MA==/oat/x86_64/split_GoogleCertificates_installtime.odex) is kOatUpToDate with filter 'speed' executable 'false'
05-04 20:02:11.936  8601  8604 I artd    : GetBestInfo: odex next to the dex file (/data/app/~~pJnRwDdt8ElSrJ9fkncmlQ==/com.google.android.gms-ITzf0vqGdY85SwLRSo_5MA==/oat/x86_64/split_MapsDynamite_installtime.odex) is kOatUpToDate with filter 'speed' executable 'false'
05-04 20:02:11.944  8601  8604 I artd    : GetBestInfo: odex next to the dex file (/data/app/~~pJnRwDdt8ElSrJ9fkncmlQ==/com.google.android.gms-ITzf0vqGdY85SwLRSo_5MA==/oat/x86_64/split_MeasurementDynamite_installtime.odex) is kOatUpToDate with filter 'speed' executable 'false'
05-04 20:02:11.951  8601  8604 I artd    : GetBestInfo: odex next to the dex file (/data/app/~~pJnRwDdt8ElSrJ9fkncmlQ==/com.google.android.gms-ITzf0vqGdY85SwLRSo_5MA==/oat/x86_64/split_all_locale_splits.odex) is kOatUpToDate with filter 'speed' executable 'false'
05-04 20:02:11.954  8601  8604 I artd    : GetBestInfo: /data/user_de/0/com.google.android.gms/app_chimera/m/00000013/dl-MlkitBarcodeUi.optional_260931100800.apk has no usable artifacts
05-04 20:02:11.958  8601  8604 I artd    : GetBestInfo: /data/user_de/0/com.google.android.gms/app_chimera/m/00000001/CronetDynamite.apk has no usable artifacts
05-04 20:02:11.958  8601  8604 I artd    : GetBestInfo: /data/user_de/0/com.google.android.gms/app_chimera/m/00000002/DynamiteLoader.apk has no usable artifacts
05-04 20:02:11.959  8601  8604 I artd    : GetBestInfo: /data/user_de/0/com.google.android.gms/app_chimera/m/00000005/GoogleCertificates.apk has no usable artifacts
05-04 20:02:11.961  8601  8604 I artd    : GetBestInfo: /data/user_de/0/com.google.android.gms/app_chimera/m/00000012/dl-MlkitOcrCommon.optional_260931100800.apk has no usable artifacts
05-04 20:02:12.027  8601  8603 I artd    : GetBestInfo: /data/user_de/0/com.google.android.gms/app_chimera/m/00000009/dl-TfliteDynamiteDynamite.integ_252130102100800.apk has no usable artifacts
05-04 20:02:12.030  8601  8604 I artd    : GetBestInfo: /data/user_de/0/com.google.android.gms/app_chimera/m/00000010/dl-VisionOcr.optional_260931100000.apk has no usable artifacts
05-04 20:02:12.033  8601  8604 I artd    : GetBestInfo: /data/user_de/0/com.google.android.gms/app_chimera/m/00000011/dl-Appsearch.optional_260931100800.apk has no usable artifacts
05-04 20:02:12.038  8601  8604 I artd    : GetBestInfo: vdex next to the dex file (/data/user/0/com.google.android.gms/app_dg_cache/E893C01D331CD1FBE6F076D28A1BA871F16A1DEC/oat/x86_64/the.vdex) is kOatUpToDate with filter 'verify' executable 'false'
05-04 20:02:12.114  8290  8290 D SystemServerTiming: StartWifi
05-04 20:02:12.432  8601  8601 I artd    : GetBestInfo: /data/user_de/0/com.google.android.gms/app_chimera/m/0000000a/dl-MlkitBarcodeUi.optional_250834100800.apk has no usable artifacts
05-04 20:02:13.048  8642  8642 W dumpsys : Thread Pool max thread count is 0. Cannot cache binder as linkToDeath cannot be implemented. serviceName: package
05-04 20:02:13.144  8601  8601 I artd    : GetBestInfo: /data/user_de/0/com.google.android.gms/app_chimera/m/0000000e/dl-PlayCloudSearch.optional_260931100000.apk has no usable artifacts
05-04 20:02:14.046  8601  8601 I artd    : GetBestInfo: /data/user_de/0/com.google.android.gms/app_chimera/m/0000000c/dl-MlkitOcrCommon.optional_250834100800.apk has no usable artifacts
05-04 20:02:14.081  8601  8601 I artd    : GetBestInfo: /data/user_de/0/com.google.android.gms/app_chimera/m/0000000b/dl-VisionOcr.optional_250834100000.apk has no usable artifacts
05-04 20:02:14.090  8601  8601 I artd    : GetBestInfo: /data/user_de/0/com.google.android.gms/app_chimera/m/00000007/MeasurementDynamite.apk has no usable artifacts
05-04 20:02:14.133  8290  8290 I SystemServiceManager: Starting com.android.server.wifi.WifiService
05-04 20:02:16.283  5537  5584 D BootAnimation: Playing files = /product/media/bootanimation.zip/part3, Requested repeat = 0, playUntilComplete = false
05-04 20:02:17.122  8290  8306 W FastPrintWriter: Write failure
05-04 20:02:17.122  8290  8306 W FastPrintWriter: java.io.IOException: write failed: EPIPE (Broken pipe)
05-04 20:02:17.122  8290  8306 W FastPrintWriter: 	at libcore.io.IoBridge.write(IoBridge.java:651)
05-04 20:02:17.122  8290  8306 W FastPrintWriter: 	at java.io.FileOutputStream.write(FileOutputStream.java:436)
05-04 20:02:17.122  8290  8306 W FastPrintWriter: 	at com.android.internal.util.FastPrintWriter.flushBytesLocked(FastPrintWriter.java:355)
05-04 20:02:17.122  8290  8306 W FastPrintWriter: 	at com.android.internal.util.FastPrintWriter.flushLocked(FastPrintWriter.java:378)
05-04 20:02:17.122  8290  8306 W FastPrintWriter: 	at com.android.internal.util.FastPrintWriter.appendLocked(FastPrintWriter.java:323)
05-04 20:02:17.122  8290  8306 W FastPrintWriter: 	at com.android.internal.util.FastPrintWriter.print(FastPrintWriter.java:500)
05-04 20:02:17.122  8290  8306 W FastPrintWriter: 	at java.io.PrintWriter.println(PrintWriter.java:822)
05-04 20:02:17.122  8290  8306 W FastPrintWriter: 	at android.util.PrintWriterPrinter.println(PrintWriterPrinter.java:39)
05-04 20:02:17.122  8290  8306 W FastPrintWriter: 	at android.content.IntentFilter.dump(IntentFilter.java:2822)
05-04 20:02:17.122  8290  8306 W FastPrintWriter: 	at com.android.server.IntentResolver.dumpMap(IntentResolver.java:251)
05-04 20:02:17.122  8290  8306 W FastPrintWriter: 	at com.android.server.IntentResolver.dump(IntentResolver.java:305)
05-04 20:02:17.122  8290  8306 W FastPrintWriter: 	at com.android.server.pm.resolution.ComponentResolverBase.dumpReceiverResolvers(ComponentResolverBase.java:339)
05-04 20:02:17.122  8290  8306 W FastPrintWriter: 	at com.android.server.pm.DumpHelper.doDump(DumpHelper.java:418)
05-04 20:02:17.122  8290  8306 W FastPrintWriter: 	at com.android.server.pm.PackageManagerService$IPackageManagerImpl.dump(PackageManagerService.java:6720)
05-04 20:02:17.122  8290  8306 W FastPrintWriter: 	at android.os.Binder.doDump(Binder.java:1072)
05-04 20:02:17.122  8290  8306 W FastPrintWriter: 	at android.os.Binder.dump(Binder.java:1062)
05-04 20:02:17.122  8290  8306 W FastPrintWriter: 	at android.os.Binder.onTransact(Binder.java:932)
05-04 20:02:17.122  8290  8306 W FastPrintWriter: 	at android.content.pm.IPackageManager$Stub.onTransact(IPackageManager.java:4729)
05-04 20:02:17.122  8290  8306 W FastPrintWriter: 	at com.android.server.pm.PackageManagerService$IPackageManagerImpl.onTransact(PackageManagerService.java:6668)
05-04 20:02:17.122  8290  8306 W FastPrintWriter: 	at android.os.Binder.execTransactInternal(Binder.java:1426)
05-04 20:02:17.122  8290  8306 W FastPrintWriter: 	at android.os.Binder.execTransact(Binder.java:1365)
05-04 20:02:17.122  8290  8306 W FastPrintWriter: Caused by: android.system.ErrnoException: write failed: EPIPE (Broken pipe)
05-04 20:02:17.122  8290  8306 W FastPrintWriter: 	at libcore.io.Linux.writeBytes(Native Method)
05-04 20:02:17.122  8290  8306 W FastPrintWriter: 	at libcore.io.Linux.write(Linux.java:336)
05-04 20:02:17.122  8290  8306 W FastPrintWriter: 	at libcore.io.ForwardingOs.write(ForwardingOs.java:948)
05-04 20:02:17.122  8290  8306 W FastPrintWriter: 	at libcore.io.BlockGuardOs.write(BlockGuardOs.java:448)
05-04 20:02:17.122  8290  8306 W FastPrintWriter: 	at libcore.io.IoBridge.write(IoBridge.java:646)
05-04 20:02:17.122  8290  8306 W FastPrintWriter: 	... 20 more
05-04 20:02:17.473  8290  8290 I WifiContext: Got resolveInfos for com.android.server.wifi.intent.action.SERVICE_WIFI_RESOURCES_APK: [ResolveInfo{1152e3c com.google.android.wifi.resources/android.app.Activity m=0x108000 userHandle=UserHandle{0}}]
05-04 20:02:17.615  8290  8290 I WifiContext: Found Wifi Resources APK at: com.google.android.wifi.resources
05-04 20:02:18.409  8290  8290 I system_server: AssetManager2(0x7e804a5e12d8) locale list changing from [] to [en-US]
05-04 20:02:19.148   281   281 I tombstoned: received crash request for pid 8290
05-04 20:02:19.464  8290  8296 I system_server: Wrote stack traces to tombstoned
05-04 20:02:19.475   281   281 E tombstoned: Traces for pid 8290 written to: trace_26
05-04 20:02:19.627  8290  8290 D ScanMetrics: Settings package: com.android.settings
05-04 20:02:19.629  8290  8290 D ScanMetrics: GMS uid: 10148
05-04 20:02:19.657  8601  8601 I artd    : GetBestInfo: odex next to the dex file (/data/app/~~pJnRwDdt8ElSrJ9fkncmlQ==/com.google.android.gms-ITzf0vqGdY85SwLRSo_5MA==/oat/x86_64/base.odex) is kOatUpToDate with filter 'speed-profile' executable 'false'
05-04 20:02:19.668  8601  8601 I artd    : GetBestInfo: odex next to the dex file (/data/app/~~pJnRwDdt8ElSrJ9fkncmlQ==/com.google.android.gms-ITzf0vqGdY85SwLRSo_5MA==/oat/x86_64/split_AdsDynamite_installtime.odex) is kOatUpToDate with filter 'speed' executable 'false'
05-04 20:02:19.683  8601  8643 I artd    : GetBestInfo: odex next to the dex file (/data/app/~~pJnRwDdt8ElSrJ9fkncmlQ==/com.google.android.gms-ITzf0vqGdY85SwLRSo_5MA==/oat/x86_64/split_CronetDynamite_installtime.odex) is kOatUpToDate with filter 'speed' executable 'false'
05-04 20:02:19.693  8601  8643 I artd    : GetBestInfo: odex next to the dex file (/data/app/~~pJnRwDdt8ElSrJ9fkncmlQ==/com.google.android.gms-ITzf0vqGdY85SwLRSo_5MA==/oat/x86_64/split_DynamiteLoader_installtime.odex) is kOatUpToDate with filter 'speed' executable 'false'
05-04 20:02:20.138  8601  8643 I artd    : GetBestInfo: odex next to the dex file (/data/app/~~pJnRwDdt8ElSrJ9fkncmlQ==/com.google.android.gms-ITzf0vqGdY85SwLRSo_5MA==/oat/x86_64/split_DynamiteModulesA_installtime.odex) is kOatUpToDate with filter 'speed' executable 'false'
05-04 20:02:20.153  8601  8643 I artd    : GetBestInfo: odex next to the dex file (/data/app/~~pJnRwDdt8ElSrJ9fkncmlQ==/com.google.android.gms-ITzf0vqGdY85SwLRSo_5MA==/oat/x86_64/split_DynamiteModulesC_installtime.odex) is kOatUpToDate with filter 'speed' executable 'false'
05-04 20:02:20.165  8601  8643 I artd    : GetBestInfo: odex next to the dex file (/data/app/~~pJnRwDdt8ElSrJ9fkncmlQ==/com.google.android.gms-ITzf0vqGdY85SwLRSo_5MA==/oat/x86_64/split_GoogleCertificates_installtime.odex) is kOatUpToDate with filter 'speed' executable 'false'
05-04 20:02:20.324  8290  8652 I DropBoxManagerService: add tag=system_server_watchdog isTagEnabled=true flags=0x2
05-04 20:02:20.694  8290  8323 W Watchdog: *** WATCHDOG KILLING SYSTEM PROCESS: Blocked in handler on main thread (main) for 62s
05-04 20:02:20.707  8601  8643 I artd    : GetBestInfo: odex next to the dex file (/data/app/~~pJnRwDdt8ElSrJ9fkncmlQ==/com.google.android.gms-ITzf0vqGdY85SwLRSo_5MA==/oat/x86_64/split_MapsDynamite_installtime.odex) is kOatUpToDate with filter 'speed' executable 'false'
05-04 20:02:20.709  8290  8317 W Looper  : Drained
05-04 20:02:20.722  8601  8643 I artd    : GetBestInfo: odex next to the dex file (/data/app/~~pJnRwDdt8ElSrJ9fkncmlQ==/com.google.android.gms-ITzf0vqGdY85SwLRSo_5MA==/oat/x86_64/split_MeasurementDynamite_installtime.odex) is kOatUpToDate with filter 'speed' executable 'false'
05-04 20:02:20.756  8601  8643 I artd    : GetBestInfo: odex next to the dex file (/data/app/~~pJnRwDdt8ElSrJ9fkncmlQ==/com.google.android.gms-ITzf0vqGdY85SwLRSo_5MA==/oat/x86_64/split_all_locale_splits.odex) is kOatUpToDate with filter 'speed' executable 'false'
05-04 20:02:20.759  8601  8643 I artd    : GetBestInfo: /data/user_de/0/com.google.android.gms/app_chimera/m/00000013/dl-MlkitBarcodeUi.optional_260931100800.apk has no usable artifacts
05-04 20:02:20.773  8601  8643 I artd    : GetBestInfo: /data/user_de/0/com.google.android.gms/app_chimera/m/00000001/CronetDynamite.apk has no usable artifacts
05-04 20:02:20.774  8601  8643 I artd    : GetBestInfo: /data/user_de/0/com.google.android.gms/app_chimera/m/00000002/DynamiteLoader.apk has no usable artifacts
05-04 20:02:20.774  8601  8643 I artd    : GetBestInfo: /data/user_de/0/com.google.android.gms/app_chimera/m/00000005/GoogleCertificates.apk has no usable artifacts
05-04 20:02:20.777  8601  8643 I artd    : GetBestInfo: /data/user_de/0/com.google.android.gms/app_chimera/m/00000012/dl-MlkitOcrCommon.optional_260931100800.apk has no usable artifacts
05-04 20:02:20.780  8601  8643 I artd    : GetBestInfo: /data/user_de/0/com.google.android.gms/app_chimera/m/00000009/dl-TfliteDynamiteDynamite.integ_252130102100800.apk has no usable artifacts
05-04 20:02:20.784  8601  8643 I artd    : GetBestInfo: /data/user_de/0/com.google.android.gms/app_chimera/m/00000010/dl-VisionOcr.optional_260931100000.apk has no usable artifacts
05-04 20:02:20.788  8601  8643 I artd    : GetBestInfo: /data/user_de/0/com.google.android.gms/app_chimera/m/00000011/dl-Appsearch.optional_260931100800.apk has no usable artifacts
05-04 20:02:20.794  8601  8643 I artd    : GetBestInfo: vdex next to the dex file (/data/user/0/com.google.android.gms/app_dg_cache/E893C01D331CD1FBE6F076D28A1BA871F16A1DEC/oat/x86_64/the.vdex) is kOatUpToDate with filter 'verify' executable 'false'
05-04 20:02:20.892  8601  8643 I artd    : GetBestInfo: /data/user_de/0/com.google.android.gms/app_chimera/m/0000000a/dl-MlkitBarcodeUi.optional_250834100800.apk has no usable artifacts
05-04 20:02:20.972  8601  8643 I artd    : GetBestInfo: /data/user_de/0/com.google.android.gms/app_chimera/m/0000000e/dl-PlayCloudSearch.optional_260931100000.apk has no usable artifacts
05-04 20:02:21.142  8290  8323 W Watchdog: main annotated stack trace:
05-04 20:02:21.202  8601  8643 I artd    : GetBestInfo: /data/user_de/0/com.google.android.gms/app_chimera/m/0000000c/dl-MlkitOcrCommon.optional_250834100800.apk has no usable artifacts
05-04 20:02:21.203  8290  8323 W Watchdog:     at java.lang.Thread.nativeCreate(Native Method)
05-04 20:02:21.203  8290  8323 W Watchdog:     at java.lang.Thread.start(Thread.java:1083)
05-04 20:02:21.204  8290  8323 W Watchdog:     - locked <0x0a6142c8> (a android.os.HandlerThread)
05-04 20:02:21.204  8290  8323 W Watchdog:     at com.android.server.wifi.WifiInjector.<init>(WifiInjector.java:343)
05-04 20:02:21.204  8290  8323 W Watchdog:     at com.android.server.wifi.WifiService.<init>(WifiService.java:44)
05-04 20:02:21.204  8290  8323 W Watchdog:     at java.lang.reflect.Constructor.newInstance0(Native Method)
05-04 20:02:21.204  8290  8323 W Watchdog:     at java.lang.reflect.Constructor.newInstance(Constructor.java:343)
05-04 20:02:21.204  8290  8323 W Watchdog:     at com.android.server.SystemServiceManager.startService(SystemServiceManager.java:242)
05-04 20:02:21.204  8290  8323 W Watchdog:     at com.android.server.SystemServiceManager.startServiceFromJar(SystemServiceManager.java:172)
05-04 20:02:21.204  8290  8323 W Watchdog:     at com.android.server.SystemServer.startOtherServices(SystemServer.java:2179)
05-04 20:02:21.204  8290  8323 W Watchdog:     at com.android.server.SystemServer.run(SystemServer.java:988)
05-04 20:02:21.204  8290  8323 W Watchdog:     at com.android.server.SystemServer.main(SystemServer.java:689)
05-04 20:02:21.204  8290  8323 W Watchdog:     at java.lang.reflect.Method.invoke(Native Method)
05-04 20:02:21.204  8290  8323 W Watchdog:     at com.android.internal.os.RuntimeInit$MethodAndArgsCaller.run(RuntimeInit.java:593)
05-04 20:02:21.204  8290  8323 W Watchdog:     at com.android.internal.os.ZygoteInit.main(ZygoteInit.java:910)
05-04 20:02:21.204  8290  8323 W Watchdog: *** GOODBYE!
05-04 20:02:21.204  8290  8323 I Process : Sending signal. PID: 8290 SIG: 9
05-04 20:02:22.512  8654  8654 W dumpsys : Thread Pool max thread count is 0. Cannot cache binder as linkToDeath cannot be implemented. serviceName: package
05-04 20:02:24.363   218   218 I lowmemorykiller: lmkd data connection dropped
05-04 20:02:24.364   218   218 I lowmemorykiller: closing lmkd data connection
05-04 20:02:24.500  5537  5584 D BootAnimation: Playing files = /product/media/bootanimation.zip/part3, Requested repeat = 0, playUntilComplete = false
05-04 20:02:24.527   471   471 E android.hardware.health-service.example: unlinkToDeath: removed reference to death recipient but unlink failed: DEAD_OBJECT
05-04 20:02:24.528   471   471 E IPCThreadState: attemptIncStrongHandle(2): Not supported
05-04 20:02:24.534  8151  8186 E ResourceManagerMetrics: UidObserver: ActivityManager has died
05-04 20:02:24.540  8150  8207 E IPCThreadState: Binder transaction failure. id: 418483, BR_*: 29189, error: -3 (No such process)
05-04 20:02:24.540  8150  8207 E CameraService: UidPolicy: Failed to remove uid from observer: 0xffffffe0
05-04 20:02:24.562  8148  8148 E Zygote  : Zygote failed to write to system_server FD: Connection refused
05-04 20:02:24.562  8148  8148 I Zygote  : Process 8290 exited due to signal 9 (Killed)
05-04 20:02:24.563  8148  8148 E Zygote  : Exit zygote because system server (pid 8290) has terminated
05-04 20:02:25.247  8154  8164 I r_submix: adev_close()
05-04 20:02:26.365  8668  8668 I netdClient: Skipping libnetd_client init since *we* are netd
05-04 20:02:26.398  8668  8668 I netd    : netd starting
05-04 20:02:26.428  8668  8668 I NetdUpdatable: libnetd_updatable_init: Initializing
05-04 20:02:26.518  8668  8668 I netd    : libnetd_updatable_init success
05-04 20:02:26.519  8668  8668 I netd    : NetlinkManager instanced
05-04 20:02:26.520  8668  8668 I netd    : enter NetworkController ctor
05-04 20:02:26.538  8668  8668 E TcUtils : NLMSG_ERROR message return error: -22
05-04 20:02:26.568  8668  8668 I netd    : leave NetworkController ctor
05-04 20:02:26.569  8668  8668 I netd    : enter TetherController ctor
05-04 20:02:26.569  8668  8668 D TetherController: Setting IP forward enable = 0
05-04 20:02:26.574  8668  8668 I netd    : leave TetherController ctor
05-04 20:02:27.609  8669  8669 I wificond: wificond is starting up...
05-04 20:02:27.682  8601  8643 I AidlLazyServiceRegistrar: Process has 0 (of 1 available) client(s) in use after notification artd has clients: 0
05-04 20:02:27.713  8601  8643 I AidlLazyServiceRegistrar: Trying to shut down the service. No clients in use for any service in process.
05-04 20:02:27.745   225   225 I hwservicemanager: getTransport: Cannot find entry android.system.wifi.keystore@1.0::IKeystore/default in either framework or device VINTF manifest.
05-04 20:02:27.808  8601  8643 I AidlLazyServiceRegistrar: Unregistered all clients and exiting
05-04 20:02:27.865  8669  8669 E HidlServiceManagement: Service android.system.wifi.keystore@1.0::IKeystore/default must be in VINTF manifest in order to register/get.
05-04 20:02:27.865  8669  8669 I wificond: Did not register wifi keystore HIDL HAL service: -2147483648
05-04 20:02:28.327  8668  8668 I netd    : Creating child chains: 1620784us
05-04 20:02:28.328  8668  8668 I netd    : Setting up OEM hooks: 1644us
05-04 20:02:28.330  8668  8668 I netd    : Setting up FirewallController hooks: 1659us
05-04 20:02:28.334  8668  8668 I netd    : Setting up TetherController hooks: 4722us
05-04 20:02:28.638  8668  8668 I netd    : Setting up BandwidthController hooks: 303259us
05-04 20:02:28.638  8668  8668 I netd    : Setting up IdletimerController hooks: 564us
05-04 20:02:28.999  8668  8668 I netd    : Setting up StrictController hooks: 360827us
05-04 20:02:29.002  8668  8668 I netd    : Setting up connmark hooks: 2481us
05-04 20:02:29.027  8668  8668 I netd    : Enabling bandwidth control: 24828us
05-04 20:02:29.032  8670  8670 I HidlServiceManagement: Registered android.hardware.audio@7.1::IDevicesFactory/default
05-04 20:02:29.037  8670  8670 I HidlServiceManagement: Removing namespace from process name android.hardware.audio.service to audio.service.
05-04 20:02:29.040  8670  8670 I LegacySupport: Registration complete for android.hardware.audio@7.1::IDevicesFactory/default.
05-04 20:02:29.150  8668  8668 E netd    : Error adding route 0.0.0.0/0 -> (null) dummy0 to table 1002: File exists
05-04 20:02:29.197  8668  8668 I netd    : Initializing RouteController: 170308us
05-04 20:02:29.201  8668  8668 D XfrmController: XfrmController::ipSecAddXfrmInterface, line=1499
05-04 20:02:29.210  8668  8668 D XfrmController: XfrmController::ipSecRemoveTunnelInterface, line=1712
05-04 20:02:29.210  8668  8668 D XfrmController: deviceName=ipsec_test
05-04 20:02:29.673  8668  8668 D XfrmController: Sending Netlink XFRM Message: XFRM_MSG_FLUSHSA
05-04 20:02:29.706  8668  8668 D XfrmController: Sending Netlink XFRM Message: XFRM_MSG_FLUSHPOLICY
05-04 20:02:29.773  8668  8668 I netd    : Initializing XfrmController: 576359us
05-04 20:02:29.911  8668  8668 I resolv  : resolv_init: Initializing resolver
05-04 20:02:30.040  8670  8670 I HidlServiceManagement: Registered android.hardware.audio.effect@7.0::IEffectsFactory/default
05-04 20:02:30.042  8670  8670 I LegacySupport: Registration complete for android.hardware.audio.effect@7.0::IEffectsFactory/default.
05-04 20:02:30.042   225   225 I hwservicemanager: getTransport: Cannot find entry android.hardware.soundtrigger@2.3::ISoundTriggerHw/default in either framework or device VINTF manifest.
05-04 20:02:30.170  8670  8670 E LegacySupport: Could not get passthrough implementation for android.hardware.soundtrigger@2.3::ISoundTriggerHw/default.
05-04 20:02:30.269   225   225 I hwservicemanager: getTransport: Cannot find entry android.hardware.soundtrigger@2.2::ISoundTriggerHw/default in either framework or device VINTF manifest.
05-04 20:02:30.270  8670  8670 E LegacySupport: Could not get passthrough implementation for android.hardware.soundtrigger@2.2::ISoundTriggerHw/default.
05-04 20:02:30.270   225   225 I hwservicemanager: getTransport: Cannot find entry android.hardware.soundtrigger@2.1::ISoundTriggerHw/default in either framework or device VINTF manifest.
05-04 20:02:30.271  8670  8670 E LegacySupport: Could not get passthrough implementation for android.hardware.soundtrigger@2.1::ISoundTriggerHw/default.
05-04 20:02:30.271   225   225 I hwservicemanager: getTransport: Cannot find entry android.hardware.soundtrigger@2.0::ISoundTriggerHw/default in either framework or device VINTF manifest.
05-04 20:02:30.271  8670  8670 E LegacySupport: Could not get passthrough implementation for android.hardware.soundtrigger@2.0::ISoundTriggerHw/default.
05-04 20:02:30.271  8670  8670 W audiohalservice: Could not register Soundtrigger API
05-04 20:02:30.272   225   225 I hwservicemanager: getTransport: Cannot find entry android.hardware.bluetooth.audio@2.2::IBluetoothAudioProvidersFactory/default in either framework or device VINTF manifest.
05-04 20:02:30.272  8670  8670 E LegacySupport: Could not get passthrough implementation for android.hardware.bluetooth.audio@2.2::IBluetoothAudioProvidersFactory/default.
05-04 20:02:30.272   225   225 I hwservicemanager: getTransport: Cannot find entry android.hardware.bluetooth.audio@2.1::IBluetoothAudioProvidersFactory/default in either framework or device VINTF manifest.
05-04 20:02:30.274  8670  8670 E LegacySupport: Could not get passthrough implementation for android.hardware.bluetooth.audio@2.1::IBluetoothAudioProvidersFactory/default.
05-04 20:02:30.275   225   225 I hwservicemanager: getTransport: Cannot find entry android.hardware.bluetooth.audio@2.0::IBluetoothAudioProvidersFactory/default in either framework or device VINTF manifest.
05-04 20:02:30.275  8670  8670 E LegacySupport: Could not get passthrough implementation for android.hardware.bluetooth.audio@2.0::IBluetoothAudioProvidersFactory/default.
05-04 20:02:30.275  8670  8670 W audiohalservice: Could not register Bluetooth Audio API
05-04 20:02:30.311   225   225 I hwservicemanager: getTransport: Cannot find entry android.hardware.bluetooth.a2dp@1.0::IBluetoothAudioOffload/default in either framework or device VINTF manifest.
05-04 20:02:30.311  8670  8670 E LegacySupport: Could not get passthrough implementation for android.hardware.bluetooth.a2dp@1.0::IBluetoothAudioOffload/default.
05-04 20:02:30.311  8670  8670 W audiohalservice: Could not register Bluetooth Audio Offload API
05-04 20:02:30.415  8668  8668 W netd    : Thread Pool max thread count is 0. Cannot cache binder as linkToDeath cannot be implemented. serviceName: dnsresolver
05-04 20:02:30.530   225   225 I hwservicemanager: getTransport: Cannot find entry android.system.net.netd@1.1::INetd/default in either framework or device VINTF manifest.
05-04 20:02:30.530  8668  8668 E HidlServiceManagement: Service android.system.net.netd@1.1::INetd/default must be in VINTF manifest in order to register/get.
05-04 20:02:30.531  8668  8668 E Netd    : Unable to start HIDL NetdHwService: -2147483648
05-04 20:02:31.055  8670  8670 I audiohalservice: createIBluetoothAudioProviderFactory() from android.hardware.bluetooth.audio-impl success
05-04 20:02:31.065  8670  8670 E audiohalservice: Failed to dlopen android.hardware.audio.sounddose-vendor-impl.so: dlopen failed: library "android.hardware.audio.sounddose-vendor-impl.so" not found
05-04 20:02:31.065  8670  8670 W audiohalservice: createISoundDoseFactory() from android.hardware.audio.sounddose-vendor-impl failed
05-04 20:02:31.882  8665  8665 I FastMixerState: sMaxFastTracks = 8
05-04 20:02:31.935  8665  8665 D audioserver: main: starting
05-04 20:02:31.936  8665  8665 V MediaUtils: physMem: 2067259392
05-04 20:02:31.936  8665  8665 V MediaUtils: requested limit: 413451860
05-04 20:02:31.938  8665  8665 I libc    : malloc_limit: Allocation limit enabled, max size 413451860 bytes
05-04 20:02:31.968  8665  8665 D audio_utils::mutex: get_enable_flag: mutex_priority_inheritance: true
05-04 20:02:31.997  8665  8665 W FactoryHal: hasAidlHalService android.hardware.audio.core.IModule/default: false
05-04 20:02:32.002  8664  8664 D AndroidRuntime: >>>>>> START com.android.internal.os.ZygoteInit uid 0 <<<<<<
05-04 20:02:32.012  8665  8665 W FactoryHal: hasAidlHalService android.hardware.audio.effect.IFactory/default: false
05-04 20:02:32.013   225   225 I hwservicemanager: getTransport: Cannot find entry android.hardware.audio.effect@7.1::IEffectsFactory/default in either framework or device VINTF manifest.
05-04 20:02:32.338  8667  8667 I mediaserver: ServiceManager: 0x73e0eb1a22a0
05-04 20:02:32.468  8667  8667 W BatteryNotifier: batterystats service unavailable!
05-04 20:02:32.505  8665  8665 W FactoryHal: hasAidlHalService android.hardware.audio.effect.IFactory/default: false
05-04 20:02:32.522   225   225 I hwservicemanager: getTransport: Cannot find entry android.hardware.audio.effect@7.1::IEffectsFactory/default in either framework or device VINTF manifest.
05-04 20:02:32.525  8667  8667 W mediaserver: Thread Pool max thread count is 0. Cannot cache binder as linkToDeath cannot be implemented. serviceName: media.player
05-04 20:02:32.533  8664  8664 I AndroidRuntime: Using default boot image
05-04 20:02:32.533  8664  8664 I AndroidRuntime: Leaving lock profiling enabled
05-04 20:02:32.549  8667  8667 W BatteryNotifier: batterystats service unavailable!
05-04 20:02:32.549  8665  8665 W FactoryHal: hasAidlHalService android.hardware.audio.core.IModule/default: false
05-04 20:02:32.550  8667  8667 W mediaserver: Thread Pool max thread count is 0. Cannot cache binder as linkToDeath cannot be implemented. serviceName: media.resource_manager
05-04 20:02:32.551  8667  8667 W mediaserver: Thread Pool max thread count is 0. Cannot cache binder as linkToDeath cannot be implemented. serviceName: media.resource_observer
05-04 20:02:32.582  8664  8664 I zygote64: option[0]=-Xzygote
05-04 20:02:32.582  8664  8664 I zygote64: option[1]=exit
05-04 20:02:32.582  8664  8664 I zygote64: option[2]=vfprintf
05-04 20:02:32.582  8664  8664 I zygote64: option[3]=sensitiveThread
05-04 20:02:32.582  8664  8664 I zygote64: option[4]=-verbose:gc
05-04 20:02:32.582  8664  8664 I zygote64: option[5]=-XX:PerfettoHprof=true
05-04 20:02:32.582  8664  8664 I zygote64: option[6]=-XX:PerfettoJavaHeapStackProf=true
05-04 20:02:32.583  8664  8664 I zygote64: option[7]=-Xprimaryzygote
05-04 20:02:32.583  8664  8664 I zygote64: option[8]=-Xms8m
05-04 20:02:32.583  8664  8664 I zygote64: option[9]=-Xmx512m
05-04 20:02:32.583  8664  8664 I zygote64: option[10]=-XX:HeapGrowthLimit=192m
05-04 20:02:32.583  8664  8664 I zygote64: option[11]=-XX:HeapMinFree=512k
05-04 20:02:32.583  8664  8664 I zygote64: option[12]=-XX:HeapMaxFree=8m
05-04 20:02:32.583  8664  8664 I zygote64: option[13]=-XX:HeapTargetUtilization=0.75
05-04 20:02:32.583  8664  8664 I zygote64: option[14]=-Xusejit:true
05-04 20:02:32.583  8664  8664 I zygote64: option[15]=-Xjitsaveprofilinginfo
05-04 20:02:32.583  8664  8664 I zygote64: option[16]=-XMadviseWillNeedVdexFileSize:104857600
05-04 20:02:32.583  8664  8664 I zygote64: option[17]=-XMadviseWillNeedOdexFileSize:104857600
05-04 20:02:32.583  8664  8664 I zygote64: option[18]=-XjdwpOptions:suspend=n,server=y
05-04 20:02:32.583  8664  8664 I zygote64: option[19]=-XjdwpProvider:default
05-04 20:02:32.583  8664  8664 I zygote64: option[20]=-Xopaque-jni-ids:swapable
05-04 20:02:32.584  8664  8664 I zygote64: option[21]=-Xcompiler-option
05-04 20:02:32.584  8664  8664 I zygote64: option[22]=--instruction-set-variant=x86_64
05-04 20:02:32.584  8664  8664 I zygote64: option[23]=-Xcompiler-option
05-04 20:02:32.584  8664  8664 I zygote64: option[24]=--instruction-set-features=default
05-04 20:02:32.584  8664  8664 I zygote64: option[25]=-Xcompiler-option
05-04 20:02:32.584  8664  8664 I zygote64: option[26]=--generate-mini-debug-info
05-04 20:02:32.584  8664  8664 I zygote64: option[27]=-Ximage-compiler-option
05-04 20:02:32.584  8664  8664 I zygote64: option[28]=--runtime-arg
05-04 20:02:32.584  8664  8664 I zygote64: option[29]=-Ximage-compiler-option
05-04 20:02:32.584  8664  8664 I zygote64: option[30]=-Xms64m
05-04 20:02:32.584  8664  8664 I zygote64: option[31]=-Ximage-compiler-option
05-04 20:02:32.584  8664  8664 I zygote64: option[32]=--runtime-arg
05-04 20:02:32.584  8664  8664 I zygote64: option[33]=-Ximage-compiler-option
05-04 20:02:32.584  8664  8664 I zygote64: option[34]=-Xmx64m
05-04 20:02:32.584  8664  8664 I zygote64: option[35]=-Ximage-compiler-option
05-04 20:02:32.584  8664  8664 I zygote64: option[36]=--dirty-image-objects=/apex/com.android.art/etc/dirty-image-objects
05-04 20:02:32.584  8664  8664 I zygote64: option[37]=-Ximage-compiler-option
05-04 20:02:32.584  8664  8664 I zygote64: option[38]=--dirty-image-objects=/system/etc/dirty-image-objects
05-04 20:02:32.584  8664  8664 I zygote64: option[39]=-Ximage-compiler-option
05-04 20:02:32.584  8664  8664 I zygote64: option[40]=--instruction-set-variant=x86_64
05-04 20:02:32.584  8664  8664 I zygote64: option[41]=-Ximage-compiler-option
05-04 20:02:32.584  8664  8664 I zygote64: option[42]=--instruction-set-features=default
05-04 20:02:32.584  8664  8664 I zygote64: option[43]=-Ximage-compiler-option
05-04 20:02:32.584  8664  8664 I zygote64: option[44]=--generate-mini-debug-info
05-04 20:02:32.584  8664  8664 I zygote64: option[45]=-Duser.locale=en-US
05-04 20:02:32.584  8664  8664 I zygote64: option[46]=-XX:NativeBridge=libndk_translation.so
05-04 20:02:32.584  8664  8664 I zygote64: option[47]=--cpu-abilist=x86_64,arm64-v8a
05-04 20:02:32.584  8664  8664 I zygote64: option[48]=-Xfingerprint:google/sdk_gphone64_x86_64/emu64xa:16/BE2A.250530.026.D1/13818094:user/release-keys
05-04 20:02:33.700  8665  8665 W BatteryNotifier: batterystats service unavailable!
05-04 20:02:33.748  8665  8665 D audioserver: main: AudioFlinger created
05-04 20:02:33.748  8665  8665 D AudioSystem: onNewServiceWithAdapter: media.audio_flinger service obtained 0x7d495aa5d1f0
05-04 20:02:33.754  8665  8665 E AudioFlinger: Function: getAudioPolicyConfig Line: 2618 Failed 
05-04 20:02:33.778  8664  8664 I zygote64: Using CollectorTypeCMC GC.
05-04 20:02:34.061  8665  8665 D APM_EngineLoader: Loaded engine from libaudiopolicyenginedefault.so
05-04 20:02:34.079  8665  8665 D APM::AudioPolicyEngine/Base: loadAudioPolicyEngineConfig: No configuration found, using default matching phone experience.
05-04 20:02:34.246  8665  8665 W APM::AudioPolicyEngine/Base: processParsingResult: No configuration of AUDIO_STREAM_CALL_ASSISTANT found, using default volume configuration
05-04 20:02:34.247  8665  8665 E APM::AudioPolicyEngine: Policy Engine configuration is partially invalid, skipped 1 elements
05-04 20:02:34.354  8665  8665 W DeviceHalHidl: getSoundDoseInterface service android.hardware.audio.sounddose.ISoundDoseFactory/default doesn't exist
05-04 20:02:34.355  8665  8665 W MelReporter: activateHalSoundDoseComputation: HAL cannot provide sound dose interface for module primary
05-04 20:02:34.355  8665  8665 W AudioFlinger: loadHwModule() sound dose reporting is not available
05-04 20:02:34.396  8665  8665 I AudioFlinger: loadHwModule() Loaded primary audio interface, handle 10
05-04 20:02:34.501  8665  8665 I AudioFlinger: openOutput() this 0x7d495aa5d1f0, module 10 Device AUDIO_DEVICE_OUT_SPEAKER, @:, SamplingRate 48000, Format 0x000001, Channels 0x3, flags 0x2
05-04 20:02:34.762  8665  8665 I AudioFlinger: operator(): Using 3000 ms as standby time
05-04 20:02:34.784  8665  8665 I AudioFlinger: HAL output buffer size 1088 frames, normal sink buffer size 1088 frames
05-04 20:02:34.892  8665  8665 W FactoryHal: hasAidlHalService android.hardware.audio.effect.IFactory/default: false
05-04 20:02:34.975   225   225 I hwservicemanager: getTransport: Cannot find entry android.hardware.audio.effect@7.1::IEffectsFactory/default in either framework or device VINTF manifest.
05-04 20:02:34.999  8665  8665 W FactoryHal: hasAidlHalService android.hardware.audio.core.IModule/default: false
05-04 20:02:35.220  8665  8665 I BufferProvider: found effect "Multichannel Downmix To Stereo" from The Android Open Source Project
05-04 20:02:35.236  8665  8665 D AudioFlinger: Failed to add event callback
05-04 20:02:35.274  8665  8700 I AudioFlinger: AudioFlinger's thread 0x7d4a8e051770 tid=8700 ready to run
05-04 20:02:35.358  8665  8700 W AudioFlinger: no wake lock to update, system not ready yet
05-04 20:02:35.359  8670  8677 E android.hardware.audio@7.1-impl.ranchu: getPresentationPosition:510 failure: Result::INVALID_STATE
05-04 20:02:35.393  8665  8665 E APM_AudioPolicyManager: invalid volume index range in the curve:
05-04 20:02:35.393  8665  8665 E APM_AudioPolicyManager:   Can be muted  Index Min  Index Max  Index Cur [device : index]...
05-04 20:02:35.393  8665  8665 E APM_AudioPolicyManager:   true          -1         -1         40000000 : 00, 
05-04 20:02:35.393  8665  8665 E APM_AudioPolicyManager: invalid volume index range in the curve:
05-04 20:02:35.393  8665  8665 E APM_AudioPolicyManager:   Can be muted  Index Min  Index Max  Index Cur [device : index]...
05-04 20:02:35.393  8665  8665 E APM_AudioPolicyManager:   true          -1         -1         40000000 : 00, 
05-04 20:02:35.393  8665  8665 E APM_AudioPolicyManager: invalid volume index range in the curve:
05-04 20:02:35.393  8665  8665 E APM_AudioPolicyManager:   Can be muted  Index Min  Index Max  Index Cur [device : index]...
05-04 20:02:35.393  8665  8665 E APM_AudioPolicyManager:   true          -1         -1         40000000 : 00, 
05-04 20:02:35.393  8665  8665 E APM_AudioPolicyManager: invalid volume index range in the curve:
05-04 20:02:35.393  8665  8665 E APM_AudioPolicyManager:   Can be muted  Index Min  Index Max  Index Cur [device : index]...
05-04 20:02:35.393  8665  8665 E APM_AudioPolicyManager:   true          -1         -1         40000000 : 00, 
05-04 20:02:35.393  8665  8665 E APM_AudioPolicyManager: invalid volume index range in the curve:
05-04 20:02:35.393  8665  8665 E APM_AudioPolicyManager:   Can be muted  Index Min  Index Max  Index Cur [device : index]...
05-04 20:02:35.393  8665  8665 E APM_AudioPolicyManager:   true          -1         -1         40000000 : 00, 
05-04 20:02:35.394  8665  8665 E APM_AudioPolicyManager: invalid volume index range in the curve:
05-04 20:02:35.394  8665  8665 E APM_AudioPolicyManager:   Can be muted  Index Min  Index Max  Index Cur [device : index]...
05-04 20:02:35.394  8665  8665 E APM_AudioPolicyManager:   true          -1         -1         40000000 : 00, 
05-04 20:02:35.394  8665  8665 E APM_AudioPolicyManager: invalid volume index range in the curve:
05-04 20:02:35.394  8665  8665 E APM_AudioPolicyManager:   Can be muted  Index Min  Index Max  Index Cur [device : index]...
05-04 20:02:35.394  8665  8665 E APM_AudioPolicyManager:   true          -1         -1         40000000 : 00, 
05-04 20:02:35.394  8665  8665 E APM_AudioPolicyManager: invalid volume index range in the curve:
05-04 20:02:35.394  8665  8665 E APM_AudioPolicyManager:   Can be muted  Index Min  Index Max  Index Cur [device : index]...
05-04 20:02:35.394  8665  8665 E APM_AudioPolicyManager:   true          -1         -1         40000000 : 00, 
05-04 20:02:35.395  8665  8665 E APM_AudioPolicyManager: invalid volume index range in the curve:
05-04 20:02:35.395  8665  8665 E APM_AudioPolicyManager:   Can be muted  Index Min  Index Max  Index Cur [device : index]...
05-04 20:02:35.395  8665  8665 E APM_AudioPolicyManager:   true          -1         -1         40000000 : 00, 
05-04 20:02:35.395  8665  8665 E APM_AudioPolicyManager: invalid volume index range in the curve:
05-04 20:02:35.395  8665  8665 E APM_AudioPolicyManager:   Can be muted  Index Min  Index Max  Index Cur [device : index]...
05-04 20:02:35.395  8665  8665 E APM_AudioPolicyManager:   true          -1         -1         40000000 : 00, 
05-04 20:02:35.395  8665  8665 E APM_AudioPolicyManager: invalid volume index range in the curve:
05-04 20:02:35.395  8665  8665 E APM_AudioPolicyManager:   Can be muted  Index Min  Index Max  Index Cur [device : index]...
05-04 20:02:35.395  8665  8665 E APM_AudioPolicyManager:   true          -1         -1         40000000 : 00, 
05-04 20:02:35.395  8665  8665 E APM_AudioPolicyManager: invalid volume index range in the curve:
05-04 20:02:35.395  8665  8665 E APM_AudioPolicyManager:   Can be muted  Index Min  Index Max  Index Cur [device : index]...
05-04 20:02:35.395  8665  8665 E APM_AudioPolicyManager:   true          -1         -1         40000000 : 00, 
05-04 20:02:35.607  8665  8665 W AudioFlinger: moveEffects() AUDIO_SESSION_OUTPUT_MIX not found in orphans, checking other mix
05-04 20:02:35.608  8665  8665 W AudioFlinger: moveEffects() bad srcIo 0
05-04 20:02:35.623  8665  8665 I APM::AudioPolicyEngine: getDevicesForStrategyInt no device found for strategy 7
05-04 20:02:35.757  8665  8700 W AudioFlinger: no wake lock to update, system not ready yet
05-04 20:02:36.009  8665  8700 D AudioFlinger: updateHalSupportedLatencyModes_l: thread(13) status -38 supported latency modes: { }
05-04 20:02:36.202  8665  8665 I AudioFlinger: openOutput() this 0x7d495aa5d1f0, module 10 Device AUDIO_DEVICE_OUT_TELEPHONY_TX, @:, SamplingRate 48000, Format 0x000001, Channels 0x3, flags 0
05-04 20:02:36.389  8665  8665 I AudioFlinger: HAL output buffer size 1088 frames, normal sink buffer size 1088 frames
05-04 20:02:36.416  8665  8665 D AudioFlinger: Failed to add event callback
05-04 20:02:36.449  8665  8701 I AudioFlinger: AudioFlinger's thread 0x7d4a8deb8770 tid=8701 ready to run
05-04 20:02:36.450  8665  8701 W AudioFlinger: no wake lock to update, system not ready yet
05-04 20:02:36.451  8670  8677 E android.hardware.audio@7.1-impl.ranchu: getPresentationPosition:510 failure: Result::INVALID_STATE
05-04 20:02:36.624  8665  8701 W AudioFlinger: no wake lock to update, system not ready yet
05-04 20:02:36.737  8665  8701 D AudioFlinger: updateHalSupportedLatencyModes_l: thread(21) status -38 supported latency modes: { }
05-04 20:02:37.006  8665  8702 I AudioFlinger: AudioFlinger's thread 0x7d4a8de5ba88 tid=8702 ready to run
05-04 20:02:37.007  8665  8702 W AudioFlinger: no wake lock to update, system not ready yet
05-04 20:02:37.401  8665  8702 W AudioFlinger: no wake lock to update, system not ready yet
05-04 20:02:37.835  8665  8704 I AudioFlinger: AudioFlinger's thread 0x7d4a8de5ba88 tid=8704 ready to run
05-04 20:02:38.186  8665  8704 W AudioFlinger: no wake lock to update, system not ready yet
05-04 20:02:38.240  8665  8704 W AudioFlinger: no wake lock to update, system not ready yet
05-04 20:02:38.241  8665  8665 W libutils.threads: Thread (this=0x7d4a8de5ba88): getTid() is undefined before run()
05-04 20:02:38.782  5537  5584 D BootAnimation: Playing files = /product/media/bootanimation.zip/part3, Requested repeat = 0, playUntilComplete = false
05-04 20:02:39.764  8665  8707 I AudioFlinger: AudioFlinger's thread 0x7d4a8de5ba88 tid=8707 ready to run
05-04 20:02:40.141  8670  8670 I r_submix: adev_open(name=audio_hw_if)
