05-04 20:01:36.737  8290  8305 W FastPrintWriter: 	at libcore.io.BlockGuardOs.write(BlockGuardOs.java:448)
05-04 20:01:36.737  8290  8305 W FastPrintWriter: 	at libcore.io.IoBridge.write(IoBridge.java:646)
05-04 20:01:36.737  8290  8305 W FastPrintWriter: 	... 20 more
05-04 20:01:37.465  8290  8290 I WindowManager: Override config changes=60007dfc {1.0 ?mcc0mnc [en_US] ldltr sw411dp w411dp h914dp 420dpi nrml long port ?uimode ?night finger qwerty/v/v dpad/v winConfig={ mBounds=Rect(0, 0 - 1080, 2400) mAppBounds=Rect(0, 0 - 1080, 2400) mMaxBounds=Rect(0, 0 - 1080, 2400) mDisplayRotation=ROTATION_0 mWindowingMode=fullscreen mActivityType=undefined mAlwaysOnTop=undefined mRotation=ROTATION_0} s.2 ?fontWeightAdjustment} for displayId=0
05-04 20:01:37.793  8290  8290 I DisplayDevice: [0] Layerstack set to 0 for local:4619827259835644672
05-04 20:01:37.860  8290  8290 D DisplayManagerService: supportedStates=[0]
05-04 20:01:37.960  8290  8290 D DisplayManagerService: possibleInfos={DisplayInfo{"Built-in Screen", displayId 0, displayGroupId 0, FLAG_SECURE, FLAG_SUPPORTS_PROTECTED_BUFFERS, FLAG_TRUSTED, real 1080 x 2400, largest app 2400 x 2400, smallest app 1080 x 1080, appVsyncOff 1000000, presDeadline 16666666, mode 1, renderFrameRate 60.000004, hasArrSupport false, frameRateCategoryRate FrameRateCategoryRate {normal=60.0, high=90.0}, supportedRefreshRates [60.000004], defaultMode 1, userPreferredModeId -1, supportedModes [{id=1, width=1080, height=2400, fps=60.000004, vsync=60.000004, synthetic=false, alternativeRefreshRates=[], supportedHdrTypes=[]}], appsSupportedModes [{id=1, width=1080, height=2400, fps=60.000004, vsync=60.000004, synthetic=false, alternativeRefreshRates=[], supportedHdrTypes=[]}], hdrCapabilities HdrCapabilities{mSupportedHdrTypes=[], mMaxLuminance=500.0, mMaxAverageLuminance=500.0, mMinLuminance=0.0}, isForceSdr false, userDisabledHdrTypes [], minimalPostProcessingSupported false, rotation 0, state UNKNOWN, committedState UNKNOWN, type INTERNAL, uniqueId "local:4619827259835644672", app 1080 x 2400, density 420 (420.0 x 420.0) dpi, layerStack 0, colorMode 0, supportedColorModes [0], address {port=0, model=0x401cec6a7a2b7b}, deviceProductInfo DeviceProductInfo{name=EMU_display_0, manufacturerPnpId=GGL, productId=1, modelYear=null, manufactureDate=ManufactureDate{week=27, year=2006}, connectionToSinkType=1}, removeMode 0, refreshRateOverride 0.0, brightnessMinimum 0.035433073, brightnessMaximum 1.0, brightnessDefault 0.39763778, brightnessDim 0.05, installOrientation ROTATION_0, layoutLimitedRefreshRate null, hdrSdrRatio not_available, thermalRefreshRateThrottling {}, thermalBrightnessThrottlingDataId default, canHostTasks true}}
05-04 20:01:37.961  8290  8290 D SystemServerTiming: StartStorageManagerService
05-04 20:01:37.961  8290  8290 I SystemServiceManager: Starting com.android.server.StorageManagerService$Lifecycle
05-04 20:01:37.962  8290  8318 D WindowManager: DeferredDisplayUpdater: applying DisplayInfo(1080 x 2400) immediately
05-04 20:01:37.965  8290  8318 W Looper  : Drained
05-04 20:01:37.966  8290  8318 W Looper  : Slow dispatch took 1338ms android.ui app=system_server main=false group=TOP_APP h=android.os.Handler c=android.hardware.display.DisplayManagerGlobal$DisplayListenerDelegate$$ExternalSyntheticLambda0@b5c0615 m=0
05-04 20:01:37.967  8290  8318 W Looper  : Slow delivery took 274ms android.ui app=system_server main=false group=TOP_APP h=com.android.server.wm.AppWarnings$UiHandler c=null m=2
05-04 20:01:38.180  8290  8320 W BroadcastLoopers: Found previously unknown looper Thread[android.display,5,main]
05-04 20:01:38.213  8290  8320 I InputManager-JNI: Viewport [0] to add: local:4619827259835644672, isActive: false
05-04 20:01:38.246  8290  8564 I InputReader: Reconfiguring input devices, changes=DISPLAY_INFO
05-04 20:01:38.246  8290  8564 I InputReader: Disabling virtio_input_multi_touch_1 (device 12) because the associated viewport is not active
05-04 20:01:38.247  8290  8564 I InputReader: Device reconfigured: id=12, name='virtio_input_multi_touch_1', size 32768x32768, orientation Rotation0, mode DISABLED, display id 0
05-04 20:01:38.248  8290  8564 I InputReader: Touch device 'virtio_input_multi_touch_2' could not query the properties of its associated display.  The device will be inoperable until the display size becomes available.
05-04 20:01:38.311  8290  8564 I InputReader: Touch device 'virtio_input_multi_touch_3' could not query the properties of its associated display.  The device will be inoperable until the display size becomes available.
05-04 20:01:38.344  8290  8564 I InputReader: Touch device 'virtio_input_multi_touch_4' could not query the properties of its associated display.  The device will be inoperable until the display size becomes available.
05-04 20:01:38.345  8290  8564 I InputReader: Touch device 'virtio_input_multi_touch_5' could not query the properties of its associated display.  The device will be inoperable until the display size becomes available.
05-04 20:01:38.345  8290  8564 I InputReader: Touch device 'virtio_input_multi_touch_6' could not query the properties of its associated display.  The device will be inoperable until the display size becomes available.
05-04 20:01:38.377  8290  8564 I InputReader: Touch device 'virtio_input_multi_touch_7' could not query the properties of its associated display.  The device will be inoperable until the display size becomes available.
05-04 20:01:38.378  8290  8564 I InputReader: Touch device 'virtio_input_multi_touch_8' could not query the properties of its associated display.  The device will be inoperable until the display size becomes available.
05-04 20:01:38.410  8290  8564 I InputReader: Touch device 'virtio_input_multi_touch_9' could not query the properties of its associated display.  The device will be inoperable until the display size becomes available.
05-04 20:01:38.411  8290  8564 I InputReader: Touch device 'virtio_input_multi_touch_10' could not query the properties of its associated display.  The device will be inoperable until the display size becomes available.
05-04 20:01:38.411  8290  8564 I InputReader: Touch device 'virtio_input_multi_touch_11' could not query the properties of its associated display.  The device will be inoperable until the display size becomes available.
05-04 20:01:38.494  5537  5584 D BootAnimation: Playing files = /product/media/bootanimation.zip/part3, Requested repeat = 0, playUntilComplete = false
05-04 20:01:39.075   616   616 D installd: Found quota mount /dev/block/dm-55 at /data
05-04 20:01:39.084   616   616 D installd: Found quota mount /dev/block/dm-55 at /data/user/0
05-04 20:01:39.759  8290  8321 I Choreographer: Skipped 105 frames!  The application may be doing too much work on its main thread.
05-04 20:01:40.771  8290  8580 D StorageManagerService: Thinking about reset, mBootCompleted=false, mDaemonConnected=true
05-04 20:01:40.780  8290  8290 D StorageManagerService: CE storage for users [0] is already unlocked
05-04 20:01:40.781  8290  8290 W SystemServiceManager: Service com.android.server.StorageManagerService$Lifecycle took 2820 ms in onStart
05-04 20:01:40.782  8290  8290 D SystemServerTiming: StartStorageStatsService
05-04 20:01:40.784  8290  8580 D StorageManagerService: Thinking about reset, mBootCompleted=false, mDaemonConnected=true
05-04 20:01:40.785  8290  8290 I SystemServiceManager: Starting com.android.server.usage.StorageStatsService$Lifecycle
05-04 20:01:40.805   616   616 D installd: Found quota mount /dev/block/dm-55 at /data
05-04 20:01:40.825   616   616 D installd: Found quota mount /dev/block/dm-55 at /data/user/0
05-04 20:01:40.862   616   616 D installd: Found quota mount /dev/block/dm-55 at /data
05-04 20:01:40.863   616   616 D installd: Found quota mount /dev/block/dm-55 at /data/user/0
05-04 20:01:41.390  8290  8290 W SystemServiceManager: Service com.android.server.usage.StorageStatsService$Lifecycle took 604 ms in onStart
05-04 20:01:41.393  8290  8290 D SystemServerTiming: StartUiModeManager
05-04 20:01:41.394  8290  8290 I SystemServiceManager: Starting com.android.server.UiModeManagerService
05-04 20:01:42.332  8290  8508 D SystemServerTimingAsync: InitThreadPoolExec:UiModeManager.onStart
05-04 20:01:42.601  8290  8290 W SystemServiceManager: Service com.android.server.UiModeManagerService took 921 ms in onStart
05-04 20:01:42.601  8290  8290 D SystemServerTiming: StartLocaleManagerService
05-04 20:01:42.602  8290  8290 I SystemServiceManager: Starting com.android.server.locales.LocaleManagerService
05-04 20:01:44.670  8290  8290 W SystemServiceManager: Service com.android.server.locales.LocaleManagerService took 929 ms in onStart
05-04 20:01:44.672  8290  8290 D SystemServerTiming: StartGrammarInflectionService
05-04 20:01:44.673  8290  8290 I SystemServiceManager: Starting com.android.server.grammaticalinflection.GrammaticalInflectionService
05-04 20:01:44.676  8290  8290 D SystemServerTiming: StartAppHibernationService
05-04 20:01:44.676  8290  8290 I SystemServiceManager: Starting com.android.server.apphibernation.AppHibernationService
05-04 20:01:44.694  8290  8290 D SystemServerTiming: ArtManagerLocal
05-04 20:01:44.702  8587  8587 W dumpsys : Thread Pool max thread count is 0. Cannot cache binder as linkToDeath cannot be implemented. serviceName: package
05-04 20:01:44.732  8290  8290 D SystemServerTiming: UpdatePackagesIfNeeded
05-04 20:01:44.733  8290  8290 I Watchdog: Pausing HandlerChecker: main thread for reason: dexopt. Pause count: 1
05-04 20:01:44.768  8290  8290 I Watchdog: Resuming HandlerChecker: main thread for reason: dexopt. Pause count: 0
05-04 20:01:44.772  8290  8290 D SystemServerTiming: UpdateMetricsIfNeeded
05-04 20:01:44.775  8290  8290 D SystemServerTiming: PerformFstrimIfNeeded
05-04 20:01:44.780  8290  8290 D SystemServerTiming: StartLockSettingsService
05-04 20:01:44.781  8290  8290 I SystemServiceManager: Starting com.android.server.locksettings.LockSettingsService$Lifecycle
05-04 20:01:44.831  8290  8323 I android_os_HwBinder: HwBinder: Starting thread pool for getting: android.hidl.manager@1.0::IServiceManager/default
05-04 20:01:45.346  8290  8290 W SystemServiceManager: Service com.android.server.locksettings.LockSettingsService$Lifecycle took 562 ms in onStart
05-04 20:01:45.347  8290  8290 D SystemServerTiming: StartTestHarnessMode
05-04 20:01:45.358  8290  8290 I SystemServiceManager: Starting com.android.server.testharness.TestHarnessModeService
05-04 20:01:45.436  8290  8323 I ActivityManager: dumpStackTraces pids={}
05-04 20:01:45.467   225   225 I hwservicemanager: getTransport: Cannot find entry android.hardware.oemlock@1.0::IOemLock/default in either framework or device VINTF manifest.
05-04 20:01:45.505  8290  8290 I OemLock : OemLock Hidl HAL not present on device
05-04 20:01:45.589  8290  8290 D SystemServerTiming: StartDeviceIdleController
05-04 20:01:45.764  8290  8290 I SystemServiceManager: Starting com.android.server.DeviceIdleController
05-04 20:01:46.618  8290  8290 W SystemServiceManager: Service com.android.server.DeviceIdleController took 769 ms in onStart
05-04 20:01:46.788  8290  8290 D SystemServerTiming: StartDevicePolicyManager
05-04 20:01:46.789  8290  8290 I SystemServiceManager: Starting com.android.server.devicepolicy.DevicePolicyManagerService$Lifecycle
05-04 20:01:47.051  8290  8547 W FastPrintWriter: Write failure
05-04 20:01:47.051  8290  8547 W FastPrintWriter: java.io.IOException: write failed: EPIPE (Broken pipe)
05-04 20:01:47.051  8290  8547 W FastPrintWriter: 	at libcore.io.IoBridge.write(IoBridge.java:651)
05-04 20:01:47.051  8290  8547 W FastPrintWriter: 	at java.io.FileOutputStream.write(FileOutputStream.java:436)
05-04 20:01:47.051  8290  8547 W FastPrintWriter: 	at com.android.internal.util.FastPrintWriter.flushBytesLocked(FastPrintWriter.java:355)
05-04 20:01:47.051  8290  8547 W FastPrintWriter: 	at com.android.internal.util.FastPrintWriter.flushLocked(FastPrintWriter.java:378)
05-04 20:01:47.051  8290  8547 W FastPrintWriter: 	at com.android.internal.util.FastPrintWriter.appendLocked(FastPrintWriter.java:323)
05-04 20:01:47.051  8290  8547 W FastPrintWriter: 	at com.android.internal.util.FastPrintWriter.print(FastPrintWriter.java:500)
05-04 20:01:47.051  8290  8547 W FastPrintWriter: 	at java.io.PrintWriter.println(PrintWriter.java:822)
05-04 20:01:47.051  8290  8547 W FastPrintWriter: 	at android.util.PrintWriterPrinter.println(PrintWriterPrinter.java:39)
05-04 20:01:47.051  8290  8547 W FastPrintWriter: 	at android.content.IntentFilter.dump(IntentFilter.java:2822)
05-04 20:01:47.051  8290  8547 W FastPrintWriter: 	at com.android.server.IntentResolver.dumpMap(IntentResolver.java:251)
05-04 20:01:47.051  8290  8547 W FastPrintWriter: 	at com.android.server.IntentResolver.dump(IntentResolver.java:305)
05-04 20:01:47.051  8290  8547 W FastPrintWriter: 	at com.android.server.pm.resolution.ComponentResolverBase.dumpReceiverResolvers(ComponentResolverBase.java:339)
05-04 20:01:47.051  8290  8547 W FastPrintWriter: 	at com.android.server.pm.DumpHelper.doDump(DumpHelper.java:418)
05-04 20:01:47.051  8290  8547 W FastPrintWriter: 	at com.android.server.pm.PackageManagerService$IPackageManagerImpl.dump(PackageManagerService.java:6720)
05-04 20:01:47.051  8290  8547 W FastPrintWriter: 	at android.os.Binder.doDump(Binder.java:1072)
05-04 20:01:47.051  8290  8547 W FastPrintWriter: 	at android.os.Binder.dump(Binder.java:1062)
05-04 20:01:47.051  8290  8547 W FastPrintWriter: 	at android.os.Binder.onTransact(Binder.java:932)
05-04 20:01:47.051  8290  8547 W FastPrintWriter: 	at android.content.pm.IPackageManager$Stub.onTransact(IPackageManager.java:4729)
05-04 20:01:47.051  8290  8547 W FastPrintWriter: 	at com.android.server.pm.PackageManagerService$IPackageManagerImpl.onTransact(PackageManagerService.java:6668)
05-04 20:01:47.051  8290  8547 W FastPrintWriter: 	at android.os.Binder.execTransactInternal(Binder.java:1426)
05-04 20:01:47.051  8290  8547 W FastPrintWriter: 	at android.os.Binder.execTransact(Binder.java:1365)
05-04 20:01:47.051  8290  8547 W FastPrintWriter: Caused by: android.system.ErrnoException: write failed: EPIPE (Broken pipe)
05-04 20:01:47.051  8290  8547 W FastPrintWriter: 	at libcore.io.Linux.writeBytes(Native Method)
05-04 20:01:47.051  8290  8547 W FastPrintWriter: 	at libcore.io.Linux.write(Linux.java:336)
05-04 20:01:47.051  8290  8547 W FastPrintWriter: 	at libcore.io.ForwardingOs.write(ForwardingOs.java:948)
05-04 20:01:47.051  8290  8547 W FastPrintWriter: 	at libcore.io.BlockGuardOs.write(BlockGuardOs.java:448)
05-04 20:01:47.051  8290  8547 W FastPrintWriter: 	at libcore.io.IoBridge.write(IoBridge.java:646)
05-04 20:01:47.051  8290  8547 W FastPrintWriter: 	... 20 more
05-04 20:01:47.488  8290  8290 I DevicePolicyManager: Current version 6, latest version 6, not upgrading.
05-04 20:01:47.536  8290  8323 W ProcessCpuTracker: Failed to stat(/proc/8587): android.system.ErrnoException: stat failed: ENOENT (No such file or directory)
05-04 20:01:47.536  8290  8323 W ProcessCpuTracker: Skipping unknown process pid 8587
05-04 20:01:48.063  8290  8290 D DevicePolicyManagerService: /data/system/updated_resources.xml doesn't exist
05-04 20:01:48.064  8290  8290 D DevicePolicyEngine: Reading device policies from file.
05-04 20:01:48.064  8290  8290 D DevicePolicyEngine: Reading from /data/system/device_policy_state.xml
05-04 20:01:48.446  8290  8290 W SystemServiceManager: Service com.android.server.devicepolicy.DevicePolicyManagerService$Lifecycle took 67 ms in onStart
05-04 20:01:48.447  8290  8290 D SystemServerTiming: StartStatusBarManagerService
05-04 20:01:48.690  8290  8290 D SystemServerTiming: StartMusicRecognitionManagerService
05-04 20:01:48.692  8290  8290 I SystemServiceManager: Starting com.android.server.musicrecognition.MusicRecognitionManagerService
05-04 20:01:48.899  8290  8290 W SystemServiceManager: Service com.android.server.musicrecognition.MusicRecognitionManagerService took 63 ms in onStart
05-04 20:01:48.945  8290  8323 I ActivityManager: Skipping next CPU consuming process, not a java proc: 8290
05-04 20:01:48.946  8290  8323 I ActivityManager: Skipping next CPU consuming process, not a java proc: 529
05-04 20:01:49.100  8290  8290 D SystemServerTiming: StartContentCaptureService
05-04 20:01:49.128  8290  8323 I ActivityManager: Skipping next CPU consuming process, not a java proc: 538
05-04 20:01:49.128  8290  8323 I ActivityManager: Skipping next CPU consuming process, not a java proc: 5537
05-04 20:01:49.128  8290  8323 I ActivityManager: Skipping next CPU consuming process, not a java proc: 2119
05-04 20:01:49.128  8290  8323 I ActivityManager: Skipping next CPU consuming process, not a java proc: 482
05-04 20:01:49.128  8290  8323 I ActivityManager: Skipping next CPU consuming process, not a java proc: 6989
05-04 20:01:49.128  8290  8323 I ActivityManager: Skipping next CPU consuming process, not a java proc: 217
05-04 20:01:49.128  8290  8323 I ActivityManager: Skipping next CPU consuming process, not a java proc: 1863
05-04 20:01:49.128  8290  8323 I ActivityManager: Skipping next CPU consuming process, not a java proc: 15
05-04 20:01:49.128  8290  8323 I ActivityManager: Skipping next CPU consuming process, not a java proc: 16
05-04 20:01:49.128  8290  8323 I ActivityManager: Skipping next CPU consuming process, not a java proc: 510
05-04 20:01:49.128  8290  8323 I ActivityManager: Skipping next CPU consuming process, not a java proc: 224
05-04 20:01:49.128  8290  8323 I ActivityManager: Skipping next CPU consuming process, not a java proc: 476
05-04 20:01:49.134  8290  8290 I SystemServiceManager: Starting com.android.server.contentcapture.ContentCaptureManagerService
05-04 20:01:49.166  8290  8323 I ActivityManager: Dumping to /data/anr/anr_2026-05-04-20-01-49-128
05-04 20:01:49.167  8290  8323 I ActivityManager: Collecting stacks for pid 8290
05-04 20:01:49.160  8290  8290 W watchdog: type=1400 audit(0.0:148): avc:  denied  { read } for  name="transactions" dev="binder" ino=1048587 scontext=u:r:system_server:s0 tcontext=u:object_r:binderfs_logs_transactions:s0 tclass=file permissive=0
05-04 20:01:49.176  8290  8323 E system_server: Could not open /dev/binderfs/binder_logs/transactions. Likely a permissions issue. errno: 2
05-04 20:01:49.178  8290  8323 E android.os.Debug: Failed to get binder state info for pid: 8290 status: -2: No such file or directory
05-04 20:01:49.385  8290  8323 I system_server: libdebuggerd_client: started dumping process 8290
05-04 20:01:49.660  8290  8547 W ServiceManagerCppClient: Waited one second for artd (is service started? Number of threads started in the threadpool: 32. Are binder threads started and available?)
05-04 20:01:49.669   281   281 I tombstoned: registered intercept for pid 8290 and type kDebuggerdJavaBacktrace
05-04 20:01:49.671  8290  8290 I ContentCaptureHelper: Setting logging level to OFF
05-04 20:01:49.689  8290  8296 I system_server: Thread[2,tid=8296,WaitingInMainSignalCatcherLoop,Thread*=0x7e803a5d6380,peer=0x2007f50,"Signal Catcher"]: reacting to signal 3
05-04 20:01:49.689  8290  8296 I system_server: 
05-04 20:01:49.924  8290  8290 W SystemServiceManager: Service com.android.server.contentcapture.ContentCaptureManagerService took 216 ms in onStart
05-04 20:01:50.388  8601  8601 I artd    : Starting artd
05-04 20:01:50.398  8601  8601 I AidlLazyServiceRegistrar: Registering service artd
05-04 20:01:50.404  8601  8601 I AidlLazyServiceRegistrar: Process has 1 (of 1 available) client(s) in use after notification artd has clients: 1
05-04 20:01:50.941  8290  8547 W ServiceManagerCppClient: Waited one second for artd (is service started? Number of threads started in the threadpool: 32. Are binder threads started and available?)
05-04 20:01:51.149  8601  8603 I artd    : GetBestInfo: odex next to the dex file (/data/app/~~pJnRwDdt8ElSrJ9fkncmlQ==/com.google.android.gms-ITzf0vqGdY85SwLRSo_5MA==/oat/x86_64/base.odex) is kOatUpToDate with filter 'speed-profile' executable 'false'
05-04 20:01:51.592  8601  8603 I artd    : GetBestInfo: odex next to the dex file (/data/app/~~pJnRwDdt8ElSrJ9fkncmlQ==/com.google.android.gms-ITzf0vqGdY85SwLRSo_5MA==/oat/x86_64/split_AdsDynamite_installtime.odex) is kOatUpToDate with filter 'speed' executable 'false'
05-04 20:01:51.662  8601  8603 I artd    : GetBestInfo: odex next to the dex file (/data/app/~~pJnRwDdt8ElSrJ9fkncmlQ==/com.google.android.gms-ITzf0vqGdY85SwLRSo_5MA==/oat/x86_64/split_CronetDynamite_installtime.odex) is kOatUpToDate with filter 'speed' executable 'false'
05-04 20:01:51.862  8601  8603 I artd    : GetBestInfo: odex next to the dex file (/data/app/~~pJnRwDdt8ElSrJ9fkncmlQ==/com.google.android.gms-ITzf0vqGdY85SwLRSo_5MA==/oat/x86_64/split_DynamiteLoader_installtime.odex) is kOatUpToDate with filter 'speed' executable 'false'
05-04 20:01:51.869  8601  8603 I artd    : GetBestInfo: odex next to the dex file (/data/app/~~pJnRwDdt8ElSrJ9fkncmlQ==/com.google.android.gms-ITzf0vqGdY85SwLRSo_5MA==/oat/x86_64/split_DynamiteModulesA_installtime.odex) is kOatUpToDate with filter 'speed' executable 'false'
05-04 20:01:51.874  8601  8603 I artd    : GetBestInfo: odex next to the dex file (/data/app/~~pJnRwDdt8ElSrJ9fkncmlQ==/com.google.android.gms-ITzf0vqGdY85SwLRSo_5MA==/oat/x86_64/split_DynamiteModulesC_installtime.odex) is kOatUpToDate with filter 'speed' executable 'false'
05-04 20:01:51.881  8601  8603 I artd    : GetBestInfo: odex next to the dex file (/data/app/~~pJnRwDdt8ElSrJ9fkncmlQ==/com.google.android.gms-ITzf0vqGdY85SwLRSo_5MA==/oat/x86_64/split_GoogleCertificates_installtime.odex) is kOatUpToDate with filter 'speed' executable 'false'
05-04 20:01:51.886  8601  8603 I artd    : GetBestInfo: odex next to the dex file (/data/app/~~pJnRwDdt8ElSrJ9fkncmlQ==/com.google.android.gms-ITzf0vqGdY85SwLRSo_5MA==/oat/x86_64/split_MapsDynamite_installtime.odex) is kOatUpToDate with filter 'speed' executable 'false'
05-04 20:01:51.892  8601  8603 I artd    : GetBestInfo: odex next to the dex file (/data/app/~~pJnRwDdt8ElSrJ9fkncmlQ==/com.google.android.gms-ITzf0vqGdY85SwLRSo_5MA==/oat/x86_64/split_MeasurementDynamite_installtime.odex) is kOatUpToDate with filter 'speed' executable 'false'
05-04 20:01:52.118  8601  8603 I artd    : GetBestInfo: odex next to the dex file (/data/app/~~pJnRwDdt8ElSrJ9fkncmlQ==/com.google.android.gms-ITzf0vqGdY85SwLRSo_5MA==/oat/x86_64/split_all_locale_splits.odex) is kOatUpToDate with filter 'speed' executable 'false'
05-04 20:01:52.122  8601  8603 I artd    : GetBestInfo: /data/user_de/0/com.google.android.gms/app_chimera/m/00000013/dl-MlkitBarcodeUi.optional_260931100800.apk has no usable artifacts
05-04 20:01:52.318  8601  8603 I artd    : GetBestInfo: /data/user_de/0/com.google.android.gms/app_chimera/m/00000001/CronetDynamite.apk has no usable artifacts
05-04 20:01:52.319  8601  8603 I artd    : GetBestInfo: /data/user_de/0/com.google.android.gms/app_chimera/m/00000002/DynamiteLoader.apk has no usable artifacts
05-04 20:01:52.319  8601  8603 I artd    : GetBestInfo: /data/user_de/0/com.google.android.gms/app_chimera/m/00000005/GoogleCertificates.apk has no usable artifacts
05-04 20:01:52.356  8601  8603 I artd    : GetBestInfo: /data/user_de/0/com.google.android.gms/app_chimera/m/00000012/dl-MlkitOcrCommon.optional_260931100800.apk has no usable artifacts
05-04 20:01:52.360  8601  8603 I artd    : GetBestInfo: /data/user_de/0/com.google.android.gms/app_chimera/m/00000009/dl-TfliteDynamiteDynamite.integ_252130102100800.apk has no usable artifacts
05-04 20:01:52.363  8601  8603 I artd    : GetBestInfo: /data/user_de/0/com.google.android.gms/app_chimera/m/00000010/dl-VisionOcr.optional_260931100000.apk has no usable artifacts
05-04 20:01:52.366  8601  8603 I artd    : GetBestInfo: /data/user_de/0/com.google.android.gms/app_chimera/m/00000011/dl-Appsearch.optional_260931100800.apk has no usable artifacts
05-04 20:01:52.371  8601  8603 I artd    : GetBestInfo: vdex next to the dex file (/data/user/0/com.google.android.gms/app_dg_cache/E893C01D331CD1FBE6F076D28A1BA871F16A1DEC/oat/x86_64/the.vdex) is kOatUpToDate with filter 'verify' executable 'false'
05-04 20:01:52.816  8601  8603 I artd    : GetBestInfo: /data/user_de/0/com.google.android.gms/app_chimera/m/0000000a/dl-MlkitBarcodeUi.optional_250834100800.apk has no usable artifacts
05-04 20:01:53.396  8605  8605 W dumpsys : Thread Pool max thread count is 0. Cannot cache binder as linkToDeath cannot be implemented. serviceName: package
05-04 20:01:53.500  8601  8603 I artd    : GetBestInfo: /data/user_de/0/com.google.android.gms/app_chimera/m/0000000e/dl-PlayCloudSearch.optional_260931100000.apk has no usable artifacts
05-04 20:01:53.686  8601  8603 I artd    : GetBestInfo: /data/user_de/0/com.google.android.gms/app_chimera/m/0000000c/dl-MlkitOcrCommon.optional_250834100800.apk has no usable artifacts
05-04 20:01:53.726  8601  8603 I artd    : GetBestInfo: /data/user_de/0/com.google.android.gms/app_chimera/m/0000000b/dl-VisionOcr.optional_250834100000.apk has no usable artifacts
05-04 20:01:53.730  8601  8603 I artd    : GetBestInfo: /data/user_de/0/com.google.android.gms/app_chimera/m/00000007/MeasurementDynamite.apk has no usable artifacts
05-04 20:01:54.283  8290  8290 D SystemServer: AttentionService is not configured on this device
05-04 20:01:54.508  8290  8290 D SystemServer: RotationResolverService is not configured on this device
05-04 20:01:54.510  8290  8290 D SystemServerTiming: StartSystemCaptionsManagerService
05-04 20:01:54.510  8290  8290 I SystemServiceManager: Starting com.android.server.systemcaptions.SystemCaptionsManagerService
05-04 20:01:54.542  8290  8290 D SystemServerTiming: StartTextToSpeechManagerService
05-04 20:01:54.925  8290  8290 I SystemServiceManager: Starting com.android.server.texttospeech.TextToSpeechManagerService
05-04 20:01:55.064  8290  8290 D SystemServerTiming: startWearableSensingService
05-04 20:01:55.168  8290  8290 I SystemServiceManager: Starting com.android.server.wearable.WearableSensingManagerService
05-04 20:01:55.274  8290  8290 D SystemServerTiming: startOnDeviceIntelligenceManagerService
05-04 20:01:55.275  8290  8290 I SystemServiceManager: Starting com.android.server.ondeviceintelligence.OnDeviceIntelligenceManagerService
05-04 20:01:56.113  8290  8290 W SystemServiceManager: Service com.android.server.ondeviceintelligence.OnDeviceIntelligenceManagerService took 803 ms in onStart
05-04 20:01:56.115  8290  8290 D SystemServerTiming: StartAmbientContextService
05-04 20:01:56.116  8290  8290 I SystemServiceManager: Starting com.android.server.ambientcontext.AmbientContextManagerService
05-04 20:01:56.121  8290  8290 D SystemServerTiming: StartSpeechRecognitionManagerService
05-04 20:01:56.122  8290  8290 I SystemServiceManager: Starting com.android.server.speech.SpeechRecognitionManagerService
05-04 20:01:56.142  8290  8290 D SystemServerTiming: StartAppPredictionService
05-04 20:01:56.143  8290  8290 I SystemServiceManager: Starting com.android.server.appprediction.AppPredictionManagerService
05-04 20:01:56.159  8290  8290 D SystemServerTiming: StartContentSuggestionsService
05-04 20:01:56.161  8290  8290 I SystemServiceManager: Starting com.android.server.contentsuggestions.ContentSuggestionsManagerService
05-04 20:01:56.167  8290  8290 D SystemServerTiming: StartSearchUiService
05-04 20:01:56.167  8290  8290 I SystemServiceManager: Starting com.android.server.searchui.SearchUiManagerService
05-04 20:01:56.170  8290  8290 D SystemServerTiming: StartSmartspaceService
05-04 20:01:56.171  8290  8290 I SystemServiceManager: Starting com.android.server.smartspace.SmartspaceManagerService
05-04 20:01:56.195  8290  8290 D SystemServer: ContextualSearchManagerService not defined or disabled by flag
05-04 20:01:56.196  8290  8290 D SystemServerTiming: InitConnectivityModuleConnector
05-04 20:01:56.196  8290  8290 D ConnectivityModuleConnector: Network stack init
05-04 20:01:56.217  8290  8290 D SystemServerTiming: InitNetworkStackClient
05-04 20:01:56.229  8290  8290 D NetworkStackClient: Network stack init
05-04 20:01:56.229  8290  8290 D SystemServerTiming: StartNetworkManagementService
05-04 20:01:56.388  8290  8290 D SystemServerTiming: StartFontManagerService
05-04 20:01:56.429  8290  8290 I FontManagerService: Using optimized boot-time font loading.
05-04 20:01:56.430  8290  8308 D SystemServerTimingAsync: InitThreadPoolExec:FontManagerService_create
05-04 20:01:56.490  8290  8290 D SystemServerTiming: StartTextServicesManager
05-04 20:01:56.490  8290  8290 I SystemServiceManager: Starting com.android.server.textservices.TextServicesManagerService$Lifecycle
05-04 20:01:56.494  8290  8290 D SystemServerTiming: StartTextClassificationManagerService
05-04 20:01:56.494  8290  8290 I SystemServiceManager: Starting com.android.server.textclassifier.TextClassificationManagerService$Lifecycle
05-04 20:01:56.646  8290  8306 W FastPrintWriter: Write failure
05-04 20:01:56.646  8290  8306 W FastPrintWriter: java.io.IOException: write failed: EPIPE (Broken pipe)
05-04 20:01:56.646  8290  8306 W FastPrintWriter: 	at libcore.io.IoBridge.write(IoBridge.java:651)
05-04 20:01:56.646  8290  8306 W FastPrintWriter: 	at java.io.FileOutputStream.write(FileOutputStream.java:436)
05-04 20:01:56.646  8290  8306 W FastPrintWriter: 	at com.android.internal.util.FastPrintWriter.flushBytesLocked(FastPrintWriter.java:355)
05-04 20:01:56.646  8290  8306 W FastPrintWriter: 	at com.android.internal.util.FastPrintWriter.flushLocked(FastPrintWriter.java:378)
05-04 20:01:56.646  8290  8306 W FastPrintWriter: 	at com.android.internal.util.FastPrintWriter.appendLocked(FastPrintWriter.java:323)
05-04 20:01:56.646  8290  8306 W FastPrintWriter: 	at com.android.internal.util.FastPrintWriter.print(FastPrintWriter.java:500)
05-04 20:01:56.646  8290  8306 W FastPrintWriter: 	at java.io.PrintWriter.println(PrintWriter.java:822)
05-04 20:01:56.646  8290  8306 W FastPrintWriter: 	at android.util.PrintWriterPrinter.println(PrintWriterPrinter.java:39)
05-04 20:01:56.646  8290  8306 W FastPrintWriter: 	at android.content.IntentFilter.dump(IntentFilter.java:2822)
05-04 20:01:56.646  8290  8306 W FastPrintWriter: 	at com.android.server.IntentResolver.dumpMap(IntentResolver.java:251)
05-04 20:01:56.646  8290  8306 W FastPrintWriter: 	at com.android.server.IntentResolver.dump(IntentResolver.java:305)
05-04 20:01:56.646  8290  8306 W FastPrintWriter: 	at com.android.server.pm.resolution.ComponentResolverBase.dumpServiceResolvers(ComponentResolverBase.java:349)
05-04 20:01:56.646  8290  8306 W FastPrintWriter: 	at com.android.server.pm.DumpHelper.doDump(DumpHelper.java:422)
05-04 20:01:56.646  8290  8306 W FastPrintWriter: 	at com.android.server.pm.PackageManagerService$IPackageManagerImpl.dump(PackageManagerService.java:6720)
05-04 20:01:56.646  8290  8306 W FastPrintWriter: 	at android.os.Binder.doDump(Binder.java:1072)
05-04 20:01:56.646  8290  8306 W FastPrintWriter: 	at android.os.Binder.dump(Binder.java:1062)
05-04 20:01:56.646  8290  8306 W FastPrintWriter: 	at android.os.Binder.onTransact(Binder.java:932)
05-04 20:01:56.646  8290  8306 W FastPrintWriter: 	at android.content.pm.IPackageManager$Stub.onTransact(IPackageManager.java:4729)
05-04 20:01:56.646  8290  8306 W FastPrintWriter: 	at com.android.server.pm.PackageManagerService$IPackageManagerImpl.onTransact(PackageManagerService.java:6668)
05-04 20:01:56.646  8290  8306 W FastPrintWriter: 	at android.os.Binder.execTransactInternal(Binder.java:1426)
05-04 20:01:56.646  8290  8306 W FastPrintWriter: 	at android.os.Binder.execTransact(Binder.java:1365)
05-04 20:01:56.646  8290  8306 W FastPrintWriter: Caused by: android.system.ErrnoException: write failed: EPIPE (Broken pipe)
05-04 20:01:56.646  8290  8306 W FastPrintWriter: 	at libcore.io.Linux.writeBytes(Native Method)
05-04 20:01:56.646  8290  8306 W FastPrintWriter: 	at libcore.io.Linux.write(Linux.java:336)
05-04 20:01:56.646  8290  8306 W FastPrintWriter: 	at libcore.io.ForwardingOs.write(ForwardingOs.java:948)
05-04 20:01:56.646  8290  8306 W FastPrintWriter: 	at libcore.io.BlockGuardOs.write(BlockGuardOs.java:448)
05-04 20:01:56.646  8290  8306 W FastPrintWriter: 	at libcore.io.IoBridge.write(IoBridge.java:646)
05-04 20:01:56.646  8290  8306 W FastPrintWriter: 	... 20 more
05-04 20:01:56.905  8290  8308 I SystemFonts: Loading font config from /system/etc/font_fallback.xml
05-04 20:01:56.930  8290  8290 W SystemServiceManager: Service com.android.server.textclassifier.TextClassificationManagerService$Lifecycle took 229 ms in onStart
05-04 20:01:56.930  8290  8290 D SystemServerTiming: StartNetworkScoreService
05-04 20:01:56.931  8290  8290 I SystemServiceManager: Starting com.android.server.NetworkScoreService$Lifecycle
05-04 20:01:56.935  8290  8290 I NetworkScoreService: Registering network_score
05-04 20:01:56.936  8290  8290 D SystemServerTiming: StartNetworkStatsService
05-04 20:01:57.195  8290  8290 I SystemServiceManager: Starting com.android.server.NetworkStatsServiceInitializer
05-04 20:01:58.004  8290  8290 D nativeloader: Load libservice-connectivity.so using class loader ns clns-shared-15 (caller=/apex/com.android.tethering/javalib/service-connectivity.jar): ok
05-04 20:01:58.939  8601  8603 I artd    : GetBestInfo: odex next to the dex file (/data/app/~~pJnRwDdt8ElSrJ9fkncmlQ==/com.google.android.gms-ITzf0vqGdY85SwLRSo_5MA==/oat/x86_64/base.odex) is kOatUpToDate with filter 'speed-profile' executable 'false'
05-04 20:01:59.427  8601  8603 I artd    : GetBestInfo: odex next to the dex file (/data/app/~~pJnRwDdt8ElSrJ9fkncmlQ==/com.google.android.gms-ITzf0vqGdY85SwLRSo_5MA==/oat/x86_64/split_AdsDynamite_installtime.odex) is kOatUpToDate with filter 'speed' executable 'false'
05-04 20:01:59.746   281   281 I tombstoned: intercept for pid 8290 and type kDebuggerdJavaBacktrace terminated: due to timeout
05-04 20:01:59.775  8290  8290 D nativeloader: Load libandroid_net_connectivity_com_android_net_module_util_jni.so using APEX ns com_android_tethering for caller /apex/com.android.tethering/javalib/framework-connectivity.jar: ok
05-04 20:01:59.851  8601  8603 I artd    : GetBestInfo: odex next to the dex file (/data/app/~~pJnRwDdt8ElSrJ9fkncmlQ==/com.google.android.gms-ITzf0vqGdY85SwLRSo_5MA==/oat/x86_64/split_CronetDynamite_installtime.odex) is kOatUpToDate with filter 'speed' executable 'false'
05-04 20:01:59.889  8601  8603 I artd    : GetBestInfo: odex next to the dex file (/data/app/~~pJnRwDdt8ElSrJ9fkncmlQ==/com.google.android.gms-ITzf0vqGdY85SwLRSo_5MA==/oat/x86_64/split_DynamiteLoader_installtime.odex) is kOatUpToDate with filter 'speed' executable 'false'
05-04 20:01:59.897  8290  8323 E system_server: libdebuggerd_client: failed to read status response from tombstoned: timeout reached?
05-04 20:01:59.916  8601  8603 I artd    : GetBestInfo: odex next to the dex file (/data/app/~~pJnRwDdt8ElSrJ9fkncmlQ==/com.google.android.gms-ITzf0vqGdY85SwLRSo_5MA==/oat/x86_64/split_DynamiteModulesA_installtime.odex) is kOatUpToDate with filter 'speed' executable 'false'
05-04 20:02:00.051  5537  5584 D BootAnimation: Playing files = /product/media/bootanimation.zip/part3, Requested repeat = 0, playUntilComplete = false
05-04 20:02:00.060  8290  8290 W watchdog: type=1400 audit(0.0:149): avc:  denied  { read } for  name="transactions" dev="binder" ino=1048587 scontext=u:r:system_server:s0 tcontext=u:object_r:binderfs_logs_transactions:s0 tclass=file permissive=0
05-04 20:02:00.062  8290  8323 W ActivityManager: Dumping Java threads failed, initiating native stack dump.
05-04 20:02:00.064  8290  8323 E system_server: Could not open /dev/binderfs/binder_logs/transactions. Likely a permissions issue. errno: 2
05-04 20:02:00.064  8290  8323 E android.os.Debug: Failed to get binder state info for pid: 8290 status: -2: No such file or directory
05-04 20:02:00.102  8290  8323 I system_server: libdebuggerd_client: started dumping process 8290
05-04 20:02:00.105   281   281 I tombstoned: registered intercept for pid 8290 and type kDebuggerdNativeBacktrace
05-04 20:02:00.111  8601  8604 I artd    : GetBestInfo: odex next to the dex file (/data/app/~~pJnRwDdt8ElSrJ9fkncmlQ==/com.google.android.gms-ITzf0vqGdY85SwLRSo_5MA==/oat/x86_64/split_DynamiteModulesC_installtime.odex) is kOatUpToDate with filter 'speed' executable 'false'
05-04 20:02:00.144  8290  8290 I libc    : Requested dump for pid 8290 (system_server)
05-04 20:02:00.267  8601  8604 I artd    : GetBestInfo: odex next to the dex file (/data/app/~~pJnRwDdt8ElSrJ9fkncmlQ==/com.google.android.gms-ITzf0vqGdY85SwLRSo_5MA==/oat/x86_64/split_GoogleCertificates_installtime.odex) is kOatUpToDate with filter 'speed' executable 'false'
05-04 20:02:00.304  8601  8604 I artd    : GetBestInfo: odex next to the dex file (/data/app/~~pJnRwDdt8ElSrJ9fkncmlQ==/com.google.android.gms-ITzf0vqGdY85SwLRSo_5MA==/oat/x86_64/split_MapsDynamite_installtime.odex) is kOatUpToDate with filter 'speed' executable 'false'
05-04 20:02:00.310  8601  8604 I artd    : GetBestInfo: odex next to the dex file (/data/app/~~pJnRwDdt8ElSrJ9fkncmlQ==/com.google.android.gms-ITzf0vqGdY85SwLRSo_5MA==/oat/x86_64/split_MeasurementDynamite_installtime.odex) is kOatUpToDate with filter 'speed' executable 'false'
05-04 20:02:00.337  8601  8604 I artd    : GetBestInfo: odex next to the dex file (/data/app/~~pJnRwDdt8ElSrJ9fkncmlQ==/com.google.android.gms-ITzf0vqGdY85SwLRSo_5MA==/oat/x86_64/split_all_locale_splits.odex) is kOatUpToDate with filter 'speed' executable 'false'
05-04 20:02:00.341  8601  8604 I artd    : GetBestInfo: /data/user_de/0/com.google.android.gms/app_chimera/m/00000013/dl-MlkitBarcodeUi.optional_260931100800.apk has no usable artifacts
05-04 20:02:00.443  8601  8603 I artd    : GetBestInfo: /data/user_de/0/com.google.android.gms/app_chimera/m/00000001/CronetDynamite.apk has no usable artifacts
05-04 20:02:01.616  8610  8610 W dumpsys : Thread Pool max thread count is 0. Cannot cache binder as linkToDeath cannot be implemented. serviceName: package
05-04 20:02:01.706  8601  8603 I artd    : GetBestInfo: /data/user_de/0/com.google.android.gms/app_chimera/m/00000002/DynamiteLoader.apk has no usable artifacts
05-04 20:02:01.741  8601  8603 I artd    : GetBestInfo: /data/user_de/0/com.google.android.gms/app_chimera/m/00000005/GoogleCertificates.apk has no usable artifacts
05-04 20:02:01.826  8601  8603 I artd    : GetBestInfo: /data/user_de/0/com.google.android.gms/app_chimera/m/00000012/dl-MlkitOcrCommon.optional_260931100800.apk has no usable artifacts
05-04 20:02:02.132  8601  8603 I artd    : GetBestInfo: /data/user_de/0/com.google.android.gms/app_chimera/m/00000009/dl-TfliteDynamiteDynamite.integ_252130102100800.apk has no usable artifacts
05-04 20:02:02.330  8290  8323 E system_server: libdebuggerd_client: failed to read status response from tombstoned: Try again
05-04 20:02:02.389   281   281 I tombstoned: intercept for pid 8290 and type kDebuggerdNativeBacktrace terminated: due to input
05-04 20:02:02.561  8290  8323 W ActivityManager: Native stack dump failed!
05-04 20:02:02.563  8290  8323 I ActivityManager: dumpStackTraces nativepids=[513, 457, 523, 524, 465, 529, 468, 469, 8149, 8150, 471, 8151, 8152, 473, 8154, 603, 476, 480, 224, 481, 482, 489, 617, 618, 239, 626, 499, 504, 248, 505, 250, 510]
05-04 20:02:02.563  8290  8323 I ActivityManager: Collecting stacks for native pid 513
05-04 20:02:02.566  8290  8323 E system_server: Could not open /dev/binderfs/binder_logs/transactions. Likely a permissions issue. errno: 2
05-04 20:02:02.566  8290  8323 E android.os.Debug: Failed to get binder state info for pid: 513 status: -2: No such file or directory
05-04 20:02:02.593  8290  8323 I system_server: libdebuggerd_client: started dumping process 513
05-04 20:02:02.595   281   281 I tombstoned: registered intercept for pid 513 and type kDebuggerdNativeBacktrace
05-04 20:02:02.596  8601  8603 I artd    : GetBestInfo: /data/user_de/0/com.google.android.gms/app_chimera/m/00000010/dl-VisionOcr.optional_260931100000.apk has no usable artifacts
05-04 20:02:02.552  8290  8290 W watchdog: type=1400 audit(0.0:150): avc:  denied  { read } for  name="transactions" dev="binder" ino=1048587 scontext=u:r:system_server:s0 tcontext=u:object_r:binderfs_logs_transactions:s0 tclass=file permissive=0
05-04 20:02:02.622   513   513 I libc    : Requested dump for pid 513 (android.hardwar)
05-04 20:02:03.046  8619  8619 I crash_dump64: obtaining output fd from tombstoned, type: kDebuggerdNativeBacktrace
05-04 20:02:03.054   281   281 I tombstoned: received crash request for pid 513
05-04 20:02:03.054   281   281 I tombstoned: found intercept fd 512 for pid 513 and type kDebuggerdNativeBacktrace
05-04 20:02:03.055  8619  8619 I crash_dump64: performing dump of process 513 (target tid = 513)
05-04 20:02:03.179   281   281 W tombstoned: skipping tombstone file creation due to intercept
05-04 20:02:03.425  8616  8616 I crash_dump64: obtaining output fd from tombstoned, type: kDebuggerdNativeBacktrace
05-04 20:02:03.447   281   281 I tombstoned: received crash request for pid 8290
05-04 20:02:03.447   281   281 E tombstoned: failed to get crash output for type kDebuggerdNativeBacktrace
05-04 20:02:03.468  8290  8323 I system_server: libdebuggerd_client: done dumping process 513
05-04 20:02:03.512  8616  8616 E libc    : failed to read response to DumpRequest packet: No message of desired type
05-04 20:02:03.512  8616  8616 I crash_dump64: performing dump of process 8290 (target tid = 8290)
05-04 20:02:04.008  8290  8323 I ActivityManager: Collecting stacks for native pid 457
05-04 20:02:04.120  8290  8290 W watchdog: type=1400 audit(0.0:151): avc:  denied  { read } for  name="transactions" dev="binder" ino=1048587 scontext=u:r:system_server:s0 tcontext=u:object_r:binderfs_logs_transactions:s0 tclass=file permissive=0
05-04 20:02:04.141  8290  8323 E system_server: Could not open /dev/binderfs/binder_logs/transactions. Likely a permissions issue. errno: 2
05-04 20:02:04.141  8290  8323 E android.os.Debug: Failed to get binder state info for pid: 457 status: -2: No such file or directory
05-04 20:02:04.393  8601  8603 I artd    : GetBestInfo: /data/user_de/0/com.google.android.gms/app_chimera/m/00000011/dl-Appsearch.optional_260931100800.apk has no usable artifacts
05-04 20:02:04.648  8290  8323 I system_server: libdebuggerd_client: started dumping process 457
05-04 20:02:04.664   281   281 I tombstoned: registered intercept for pid 457 and type kDebuggerdNativeBacktrace
05-04 20:02:04.673   457   457 I libc    : Requested dump for pid 457 (binder:457_2)
05-04 20:02:04.920  8601  8603 I artd    : GetBestInfo: vdex next to the dex file (/data/user/0/com.google.android.gms/app_dg_cache/E893C01D331CD1FBE6F076D28A1BA871F16A1DEC/oat/x86_64/the.vdex) is kOatUpToDate with filter 'verify' executable 'false'
05-04 20:02:05.357  8601  8603 I artd    : GetBestInfo: /data/user_de/0/com.google.android.gms/app_chimera/m/0000000a/dl-MlkitBarcodeUi.optional_250834100800.apk has no usable artifacts
05-04 20:02:06.366  8601  8603 I artd    : GetBestInfo: /data/user_de/0/com.google.android.gms/app_chimera/m/0000000e/dl-PlayCloudSearch.optional_260931100000.apk has no usable artifacts
05-04 20:02:06.436  8601  8603 I artd    : GetBestInfo: /data/user_de/0/com.google.android.gms/app_chimera/m/0000000c/dl-MlkitOcrCommon.optional_250834100800.apk has no usable artifacts
05-04 20:02:07.403  8290  8323 E system_server: libdebuggerd_client: failed to read status response from tombstoned: Try again
05-04 20:02:07.406   281   281 I tombstoned: intercept for pid 457 and type kDebuggerdNativeBacktrace terminated: due to input
05-04 20:02:07.408  8290  8331 W FastPrintWriter: Write failure
05-04 20:02:07.408  8290  8331 W FastPrintWriter: java.io.IOException: write failed: EPIPE (Broken pipe)
05-04 20:02:07.408  8290  8331 W FastPrintWriter: 	at libcore.io.IoBridge.write(IoBridge.java:651)
05-04 20:02:07.408  8290  8331 W FastPrintWriter: 	at java.io.FileOutputStream.write(FileOutputStream.java:436)
05-04 20:02:07.408  8290  8331 W FastPrintWriter: 	at com.android.internal.util.FastPrintWriter.flushBytesLocked(FastPrintWriter.java:355)
05-04 20:02:07.408  8290  8331 W FastPrintWriter: 	at com.android.internal.util.FastPrintWriter.flushLocked(FastPrintWriter.java:378)
05-04 20:02:07.408  8290  8331 W FastPrintWriter: 	at com.android.internal.util.FastPrintWriter.appendLocked(FastPrintWriter.java:323)
05-04 20:02:07.408  8290  8331 W FastPrintWriter: 	at com.android.internal.util.FastPrintWriter.print(FastPrintWriter.java:500)
05-04 20:02:07.408  8290  8331 W FastPrintWriter: 	at java.io.PrintWriter.println(PrintWriter.java:822)
05-04 20:02:07.408  8290  8331 W FastPrintWriter: 	at android.util.PrintWriterPrinter.println(PrintWriterPrinter.java:39)
05-04 20:02:07.408  8290  8331 W FastPrintWriter: 	at android.content.IntentFilter.dump(IntentFilter.java:2862)
05-04 20:02:07.408  8290  8331 W FastPrintWriter: 	at com.android.server.IntentResolver.dumpMap(IntentResolver.java:251)
05-04 20:02:07.408  8290  8331 W FastPrintWriter: 	at com.android.server.IntentResolver.dump(IntentResolver.java:301)
05-04 20:02:07.408  8290  8331 W FastPrintWriter: 	at com.android.server.pm.resolution.ComponentResolverBase.dumpServiceResolvers(ComponentResolverBase.java:349)
05-04 20:02:07.408  8290  8331 W FastPrintWriter: 	at com.android.server.pm.DumpHelper.doDump(DumpHelper.java:422)
05-04 20:02:07.408  8290  8331 W FastPrintWriter: 	at com.android.server.pm.PackageManagerService$IPackageManagerImpl.dump(PackageManagerService.java:6720)
05-04 20:02:07.408  8290  8331 W FastPrintWriter: 	at android.os.Binder.doDump(Binder.java:1072)
05-04 20:02:07.408  8290  8331 W FastPrintWriter: 	at android.os.Binder.dump(Binder.java:1062)
05-04 20:02:07.408  8290  8331 W FastPrintWriter: 	at android.os.Binder.onTransact(Binder.java:932)
05-04 20:02:07.408  8290  8331 W FastPrintWriter: 	at android.content.pm.IPackageManager$Stub.onTransact(IPackageManager.java:4729)
05-04 20:02:07.408  8290  8331 W FastPrintWriter: 	at com.android.server.pm.PackageManagerService$IPackageManagerImpl.onTransact(PackageManagerService.java:6668)
05-04 20:02:07.408  8290  8331 W FastPrintWriter: 	at android.os.Binder.execTransactInternal(Binder.java:1426)
05-04 20:02:07.408  8290  8331 W FastPrintWriter: 	at android.os.Binder.execTransact(Binder.java:1365)
05-04 20:02:07.408  8290  8331 W FastPrintWriter: Caused by: android.system.ErrnoException: write failed: EPIPE (Broken pipe)
05-04 20:02:07.408  8290  8331 W FastPrintWriter: 	at libcore.io.Linux.writeBytes(Native Method)
05-04 20:02:07.408  8290  8331 W FastPrintWriter: 	at libcore.io.Linux.write(Linux.java:336)
05-04 20:02:07.408  8290  8331 W FastPrintWriter: 	at libcore.io.ForwardingOs.write(ForwardingOs.java:948)
05-04 20:02:07.408  8290  8331 W FastPrintWriter: 	at libcore.io.BlockGuardOs.write(BlockGuardOs.java:448)
05-04 20:02:07.408  8290  8331 W FastPrintWriter: 	at libcore.io.IoBridge.write(IoBridge.java:646)
05-04 20:02:07.408  8290  8331 W FastPrintWriter: 	... 20 more
05-04 20:02:07.452  8290  8323 I ActivityManager: Collecting stacks for native pid 523
05-04 20:02:07.458  8290  8323 E system_server: Could not open /dev/binderfs/binder_logs/transactions. Likely a permissions issue. errno: 2
05-04 20:02:07.459  8290  8323 E android.os.Debug: Failed to get binder state info for pid: 523 status: -2: No such file or directory
05-04 20:02:07.461  8290  8323 I system_server: libdebuggerd_client: started dumping process 523
05-04 20:02:07.465   281   281 I tombstoned: registered intercept for pid 523 and type kDebuggerdNativeBacktrace
05-04 20:02:07.468   523   523 I libc    : Requested dump for pid 523 (android.hardwar)
05-04 20:02:07.469  8601  8603 I artd    : GetBestInfo: /data/user_de/0/com.google.android.gms/app_chimera/m/0000000b/dl-VisionOcr.optional_250834100000.apk has no usable artifacts
05-04 20:02:07.478  8601  8603 I artd    : GetBestInfo: /data/user_de/0/com.google.android.gms/app_chimera/m/00000007/MeasurementDynamite.apk has no usable artifacts
05-04 20:02:07.448  8290  8290 W watchdog: type=1400 audit(0.0:152): avc:  denied  { read } for  name="transactions" dev="binder" ino=1048587 scontext=u:r:system_server:s0 tcontext=u:object_r:binderfs_logs_transactions:s0 tclass=file permissive=0
05-04 20:02:08.761  8290  8323 E system_server: libdebuggerd_client: failed to read status response from tombstoned: Try again
05-04 20:02:08.763   281   281 I tombstoned: intercept for pid 523 and type kDebuggerdNativeBacktrace terminated: due to input
05-04 20:02:08.771  8290  8323 I ActivityManager: Collecting stacks for native pid 524
05-04 20:02:08.768  8290  8290 W watchdog: type=1400 audit(0.0:153): avc:  denied  { read } for  name="transactions" dev="binder" ino=1048587 scontext=u:r:system_server:s0 tcontext=u:object_r:binderfs_logs_transactions:s0 tclass=file permissive=0
05-04 20:02:08.777  8290  8323 E system_server: Could not open /dev/binderfs/binder_logs/transactions. Likely a permissions issue. errno: 2
05-04 20:02:08.777  8290  8323 E android.os.Debug: Failed to get binder state info for pid: 524 status: -2: No such file or directory
05-04 20:02:08.777  8626  8626 I crash_dump64: obtaining output fd from tombstoned, type: kDebuggerdNativeBacktrace
05-04 20:02:08.779  8290  8323 I system_server: libdebuggerd_client: started dumping process 524
05-04 20:02:08.779   281   281 I tombstoned: received crash request for pid 457
05-04 20:02:08.779   281   281 E tombstoned: failed to get crash output for type kDebuggerdNativeBacktrace
05-04 20:02:08.780   281   281 I tombstoned: registered intercept for pid 524 and type kDebuggerdNativeBacktrace
05-04 20:02:08.785  8626  8626 E libc    : failed to read response to DumpRequest packet: No message of desired type
05-04 20:02:08.785  8626  8626 I crash_dump64: performing dump of process 457 (target tid = 457)
