05-04 20:00:55.048  8290  8290 E SettingsState: invalid override flag name autofill/should_enable_autofill_on_all_view_types
05-04 20:00:55.048  8290  8290 E SettingsState: invalid override flag name adservices/measurement_enable_configurable_aggregate_report_delay
05-04 20:00:55.048  8290  8290 E SettingsState: invalid override flag name adservices/msmt_registration_cobalt_logging_enabled
05-04 20:00:55.048  8290  8290 E SettingsState: invalid override flag name adservices/measurement_debug_key_ad_id_matching_enrollment_blocklist
05-04 20:00:55.048  8290  8290 E SettingsState: invalid override flag name thread_network/TrelFeature__enabled
05-04 20:00:55.048  8290  8290 E SettingsState: invalid override flag name adservices/fledge_auction_server_encryption_algorithm_kdf_id
05-04 20:00:55.048  8290  8290 E SettingsState: invalid override flag name adservices/fledge_auction_server_encryption_algorithm_kem_id
05-04 20:00:55.048  8290  8290 E SettingsState: invalid override flag name device_personalization_services/NotificationAssistant__importance_model_download_url
05-04 20:00:55.048  8290  8290 E SettingsState: invalid override flag name odad/regular_work_delay_on_termination_seconds
05-04 20:00:55.048  8290  8290 E SettingsState: invalid override flag name adservices/measurement_api_register_web_sources_kill_switch
05-04 20:00:55.048  8290  8290 E SettingsState: invalid override flag name appsearch/contacts_indexer_full_update_limit
05-04 20:00:55.048  8290  8290 E SettingsState: invalid override flag name adservices/fledge_ad_counter_histogram_absolute_max_total_event_count
05-04 20:00:55.048  8290  8290 E SettingsState: invalid override flag name device_personalization_services/SmartNotification__default_bundle_app_overrides
05-04 20:00:55.048  8290  8290 E SettingsState: invalid override flag name adservices/fledge_background_fetch_job_flex_ms
05-04 20:00:55.048  8290  8290 E SettingsState: invalid override flag name backup_and_restore/backup_transport_future_timeout_millis
05-04 20:00:55.048  8290  8290 E SettingsState: invalid override flag name adservices/spe_on_background_fetch_job_enabled
05-04 20:00:55.048  8290  8290 E SettingsState: invalid override flag name adservices/fledge_auction_server_payload_format_version
05-04 20:00:55.048  8290  8290 E SettingsState: invalid override flag name on_device_personalization/odp_background_job_sampling_logging_rate
05-04 20:00:55.049  8290  8290 E SettingsState: invalid override flag name adservices/Measurement__enable_register_source_package_deny_list
05-04 20:00:55.049  8290  8290 E SettingsState: invalid override flag name device_personalization_services/SpeechRecognitionService__bias_name_options
05-04 20:00:55.049  8290  8290 E SettingsState: invalid override flag name device_personalization_services/Brella__inapp_training_on_trim_memory_interrupt_level
05-04 20:00:55.049  8290  8290 E SettingsState: invalid override flag name device_personalization_services/Captions__speech_threshold
05-04 20:00:55.049  8290  8290 E SettingsState: invalid override flag name device_personalization_services/BoundedExecutors__enable
05-04 20:00:55.049  8290  8290 E SettingsState: invalid override flag name device_personalization_services/EchoAppPrediction__enable_hub_widget_allowlist_filter
05-04 20:00:55.049  8290  8290 E SettingsState: invalid override flag name device_personalization_services/SpeechRecognitionService__resumable_diarization_enabled
05-04 20:00:55.050  8290  8290 E SettingsState: invalid override flag name adservices/fledge_ad_selection_scoring_timeout_ms
05-04 20:00:55.050  8290  8290 E SettingsState: invalid override flag name adservices/ad_services_module_job_policy
05-04 20:00:55.050  8290  8290 E SettingsState: invalid override flag name device_personalization_services/NowPlaying__enable_now_playing_for_main_user
05-04 20:00:55.050  8290  8290 E SettingsState: invalid override flag name textclassifier/model_download_backoff_delay_in_millis
05-04 20:00:55.050  8290  8290 E SettingsState: invalid override flag name flipendo/lever_ble_scanning_enabled_launch
05-04 20:00:55.050  8290  8290 E SettingsState: invalid override flag name adservices/fledge_kanon_number_of_messages_per_background_process
05-04 20:00:55.050  8290  8290 E SettingsState: invalid override flag name device_personalization_services/Autofill__odllm_smart_reply_max_input_length
05-04 20:00:55.050  8290  8290 E SettingsState: invalid override flag name device_personalization_services/HearingHealth__user_setting_default_value
05-04 20:00:55.050  8290  8290 E SettingsState: invalid override flag name adservices/ui_ota_strings_feature_enabled
05-04 20:00:55.050  8290  8290 E SettingsState: invalid override flag name adservices/fledge_ad_selection_enforce_foreground_status_report_interaction
05-04 20:00:55.050  8290  8290 E SettingsState: invalid override flag name adservices/measurement_api_delete_registrations_kill_switch
05-04 20:00:55.050  8290  8290 E SettingsState: invalid override flag name storage_native_boot/transcode_compat_manifest
05-04 20:00:55.051  8290  8290 E SettingsState: invalid override flag name adservices/fledge_ad_counter_histogram_lower_max_per_buyer_event_count
05-04 20:00:55.051  8290  8290 E SettingsState: invalid override flag name on_device_personalization/caller_app_allow_list
05-04 20:00:55.051  8290  8290 E SettingsState: invalid override flag name device_personalization_services/AicModels__enable_safety_initialization_check
05-04 20:00:55.051  8290  8290 E SettingsState: invalid override flag name accessibility/enable_magnifier_thumbnail
05-04 20:00:55.051  8290  8290 E SettingsState: invalid override flag name device_personalization_services/Brella__enable_selector_context_support
05-04 20:00:55.051  8290  8290 E SettingsState: invalid override flag name adservices/cobalt_adservices_api_key_hex
05-04 20:00:55.051  8290  8290 E SettingsState: invalid override flag name wifi/high_perf_lock_deprecated
05-04 20:00:55.051  8290  8290 E SettingsState: invalid override flag name adservices/fledge_measurement_report_and_register_event_api_fallback_enabled
05-04 20:00:55.051  8290  8290 E SettingsState: invalid override flag name aicore/AicSafety__use_flexible_safety_suggested_text_classifier
05-04 20:00:55.051  8290  8290 E SettingsState: invalid override flag name device_personalization_services/AicModels__group_stats_log_sample_interval
05-04 20:00:55.051  8290  8290 E SettingsState: invalid override flag name odad/enable_astrea_moirai_v2
05-04 20:00:55.051  8290  8290 E SettingsState: invalid override flag name device_personalization_services/Superpacks__use_logging_listener
05-04 20:00:55.051  8290  8290 E SettingsState: invalid override flag name on_device_personalization/app_request_flow_deadline_seconds
05-04 20:00:55.051  8290  8290 E SettingsState: invalid override flag name device_personalization_services/Brella__enable_device_config_overrides
05-04 20:00:55.051  8290  8290 E SettingsState: invalid override flag name autofill/multiline_filter_enabled
05-04 20:00:55.051  8290  8290 E SettingsState: invalid override flag name odad/enable_refactored_install_attribution
05-04 20:00:55.051  8290  8290 E SettingsState: invalid override flag name settings_stats/GlobalFeature__string_whitelist
05-04 20:00:55.051  8290  8290 E SettingsState: invalid override flag name activity_manager/bg_current_drain_auto_restrict_abusive_apps_enabled
05-04 20:00:55.051  8290  8290 E SettingsState: invalid override flag name device_personalization_services/Captions__enable_duration_animation
05-04 20:00:55.051  8290  8290 E SettingsState: invalid override flag name adservices/sdk_request_permits_per_second
05-04 20:00:55.051  8290  8290 E SettingsState: invalid override flag name device_personalization_services/AicModels__clear_application_user_data_for_non_user0_profiles
05-04 20:00:55.051  8290  8290 E SettingsState: invalid override flag name aicore/AicCommon__schedule_shutdown_interval_seconds
05-04 20:00:55.051  8290  8290 E SettingsState: invalid override flag name aicore/AicDataRelease__build_id_9931783747856508885
05-04 20:00:55.051  8290  8290 E SettingsState: invalid override flag name adservices/measurement_enable_xna
05-04 20:00:55.051  8290  8290 E SettingsState: invalid override flag name device_personalization_services/WalletSuggestions__default_geofence_size_m
05-04 20:00:55.052  8290  8290 E SettingsState: invalid override flag name odad/hygienation_watchdog_seconds
05-04 20:00:55.052  8290  8290 E SettingsState: invalid override flag name adservices/cobalt_logging_job_period_ms
05-04 20:00:55.052  8290  8290 E SettingsState: invalid override flag name ipsec/config_auto_natt_keepalives_cellular_timeout_override_seconds
05-04 20:00:55.052  8290  8290 E SettingsState: invalid override flag name systemui/ssin_edit_choices_before_sending
05-04 20:00:55.052  8290  8290 E SettingsState: invalid override flag name aicore/AicOnDeviceIntelligence__reset_cache_after_background_download_enabled
05-04 20:00:55.052  8290  8290 E SettingsState: invalid override flag name device_personalization_services/EchoSmartspace__enable_loud_sound_alert
05-04 20:00:55.052  8290  8290 E SettingsState: invalid override flag name adservices/measurement_receiver_install_attribution_kill_switch
05-04 20:00:55.052  8290  8290 E SettingsState: invalid override flag name adservices/fledge_kanon_key_attestation_enabled
05-04 20:00:55.052  8290  8290 E SettingsState: invalid override flag name adservices/fledge_kanon_join_url_authoriy
05-04 20:00:55.052  8290  8290 E SettingsState: invalid override flag name aicore/AicModels__enable_consistent_data_update
05-04 20:00:55.052  8290  8290 E SettingsState: invalid override flag name adservices/kanon_get_challenge_url
05-04 20:00:55.052  8290  8290 E SettingsState: invalid override flag name adservices/fledge_auction_server_background_key_fetch_network_read_timeout_ms
05-04 20:00:55.052  8290  8290 E SettingsState: invalid override flag name device_personalization_services/Captions__surface_sound_events
05-04 20:00:55.052  8290  8290 E SettingsState: invalid override flag name aicore/AicSafety__deprecated_client_list
05-04 20:00:55.052  8290  8290 E SettingsState: invalid override flag name adservices/measurement_enable_vtc_configurable_max_event_reports_count
05-04 20:00:55.052  8290  8290 E SettingsState: invalid override flag name device_personalization_services/SmartNotification__default_bundle_to_unknown_threshold
05-04 20:00:55.052  8290  8290 E SettingsState: invalid override flag name device_personalization_services/Echo__smartspace_enable_echo_unified_settings
05-04 20:00:55.052  8290  8290 E SettingsState: invalid override flag name device_personalization_services/Captions__ec_duration_threshold_millis
05-04 20:00:55.052  8290  8290 E SettingsState: invalid override flag name storage_native_boot/transcode_compat_stale
05-04 20:00:55.052  8290  8290 E SettingsState: invalid override flag name tare/enable_tare_mode
05-04 20:00:55.052  8290  8290 E SettingsState: invalid override flag name adservices/fledge_custom_audience_max_activate_in_days
05-04 20:00:55.052  8290  8290 E SettingsState: invalid override flag name adservices/enable_logged_topic
05-04 20:00:55.052  8290  8290 E SettingsState: invalid override flag name device_personalization_services/Overview__enable_content_classification_actions
05-04 20:00:55.052  8290  8290 E SettingsState: invalid override flag name adservices/fledge_auction_server_ad_render_id_max_length
05-04 20:00:55.052  8290  8290 E SettingsState: invalid override flag name storage_native_boot/charging_required
05-04 20:00:55.052  8290  8290 E SettingsState: invalid override flag name device_personalization_services/People__pecan_cell_disabled_packages
05-04 20:00:55.053  8290  8290 E SettingsState: invalid override flag name device_personalization_services/SmartSelect__smart_select_brella_population_name_prefix
05-04 20:00:55.053  8290  8290 E SettingsState: invalid override flag name odad/log_model_version_westworld
05-04 20:00:55.053  8290  8290 E SettingsState: invalid override flag name adservices/mdd_logger_kill_switch
05-04 20:00:55.053  8290  8290 E SettingsState: invalid override flag name device_personalization_services/SmartNotification__app_specific_supported_categories
05-04 20:00:55.053  8290  8290 E SettingsState: invalid override flag name devicelock/enable_device_deregistration
05-04 20:00:55.053  8290  8290 E SettingsState: invalid override flag name launcher/ENABLE_SMARTSPACE_ENHANCED
05-04 20:00:55.053  8290  8290 E SettingsState: invalid override flag name adservices/fledge_auction_server_background_key_fetch_job_enabled
05-04 20:00:55.053  8290  8290 E SettingsState: invalid override flag name aicore/AicDataRelease__build_id_6098232831121113138
05-04 20:00:55.053  8290  8290 E SettingsState: invalid override flag name systemui/apply_sharing_app_limits_in_sysui
05-04 20:00:55.053  8290  8290 E SettingsState: invalid override flag name credential_manager/enable_credential_manager
05-04 20:00:55.053  8290  8290 E SettingsState: invalid override flag name odad/safety_center_redundant_notification_cancel_fix
05-04 20:00:55.053  8290  8290 E SettingsState: invalid override flag name aicore/AicOnDeviceIntelligence__granular_cache_invalidation_if_feature_not_found_enabled
05-04 20:00:55.053  8290  8290 E SettingsState: invalid override flag name adservices/Fledge__enable_schedule_custom_audience_update_additional_schedule_requests
05-04 20:00:55.053  8290  8290 E SettingsState: invalid override flag name device_personalization_services/PcsHttp__ipc_streaming_throttle_ms
05-04 20:00:55.053  8290  8290 E SettingsState: invalid override flag name adservices/adservice_system_service_enabled
05-04 20:00:55.053  8290  8290 E SettingsState: invalid override flag name device_policy_manager/ApplicationExemptions__enable_application_exemptions
05-04 20:00:55.053  8290  8290 E SettingsState: invalid override flag name adservices/fledge_custom_audience_default_expire_in_days
05-04 20:00:55.053  8290  8290 E SettingsState: invalid override flag name exo/app_streaming_task_navigation_blocked_components
05-04 20:00:55.053  8290  8290 E SettingsState: invalid override flag name odad/odad_home_most_recent_classification_fix
05-04 20:00:55.053  8290  8290 E SettingsState: invalid override flag name odad/work_manager_no_device_idle_on_pc
05-04 20:00:55.053  8290  8290 E SettingsState: invalid override flag name device_personalization_services/SmartNotification__max_word_count_for_summary
05-04 20:00:55.053  8290  8290 E SettingsState: invalid override flag name aicore/AicQuota__use_dynamic_request_costs
05-04 20:00:55.053  8290  8290 E SettingsState: invalid override flag name device_personalization_services/AicModels__set_file_defrag_override
05-04 20:00:55.053  8290  8290 E SettingsState: invalid override flag name device_personalization_services/SmartNotification__summaries_supported_languages
05-04 20:00:55.053  8290  8290 E SettingsState: invalid override flag name on_device_personalization/odp_enable_client_error_logging
05-04 20:00:55.053  8290  8290 E SettingsState: invalid override flag name device_personalization_services/Captions__model_version_v1
05-04 20:00:55.053  8290  8290 E SettingsState: invalid override flag name device_personalization_services/StatsLog__enable_new_logger_api
05-04 20:00:55.054  8290  8290 E SettingsState: invalid override flag name systemui/shortcut_appsearch_integration
05-04 20:00:55.054  8290  8290 E SettingsState: invalid override flag name aicore/AicCommon__service_aidl_timeout_seconds
05-04 20:00:55.054  8290  8290 E SettingsState: invalid override flag name device_personalization_services/AstreaNetworkUsageLog__reject_unknown_requests
05-04 20:00:55.054  8290  8290 E SettingsState: invalid override flag name odad/safety_center_persistence_v2_enabled
05-04 20:00:55.054  8290  8290 E SettingsState: invalid override flag name adservices/enable_back_compat_init
05-04 20:00:55.054  8290  8290 E SettingsState: invalid override flag name adservices/Measurement__enable_aggregate_debug_reporting
05-04 20:00:55.054  8290  8290 E SettingsState: invalid override flag name device_personalization_services/AstreaFeedback__enable_opt_in_ui_v2
05-04 20:00:55.054  8290  8290 E SettingsState: invalid override flag name tethering/mdns_advertiser_allowlist_presence_version
05-04 20:00:55.054  8290  8290 E SettingsState: invalid override flag name adservices/measurement_enable_preinstall_check
05-04 20:00:55.054  8290  8290 E SettingsState: invalid override flag name systemui/ssin_enabled
05-04 20:00:55.054  8290  8290 E SettingsState: invalid override flag name adservices/fledge_kanon_set_type_to_sign_join
05-04 20:00:55.054  8290  8290 E SettingsState: invalid override flag name telephony/ramping_ringer_enabled
05-04 20:00:55.054  8290  8290 E SettingsState: invalid override flag name on_device_personalization/render_flow_deadline_seconds
05-04 20:00:55.054  8290  8290 E SettingsState: invalid override flag name app_hibernation/app_hibernation_targets_pre_s_apps
05-04 20:00:55.055  8290  8290 E SettingsState: invalid override flag name odad/log_classification_latency_westworld
05-04 20:00:55.055  8290  8290 E SettingsState: invalid override flag name adservices/enable_mdd_encryption_keys
05-04 20:00:55.055  8290  8290 E SettingsState: invalid override flag name netd_native/dot_revalidation_threshold
05-04 20:00:55.055  8290  8290 E SettingsState: invalid override flag name device_personalization_services/Superpacks__require_idle_by_default
05-04 20:00:55.055  8290  8290 E SettingsState: invalid override flag name device_personalization_services/ViewSemantics__memory_reduction
05-04 20:00:55.055  8290  8290 E SettingsState: invalid override flag name device_personalization_services/PlatformLogging__enable_platform_logging_testing
05-04 20:00:55.055  8290  8290 E SettingsState: invalid override flag name odad/westworld_watchdog_seconds
05-04 20:00:55.055  8290  8290 E SettingsState: invalid override flag name pixel_pearl/AicInference__enable_compatibility_check
05-04 20:00:55.055  8290  8290 E SettingsState: invalid override flag name content_capture/enable_contentcapture
05-04 20:00:55.055  8290  8290 E SettingsState: invalid override flag name adservices/appsetid_kill_switch
05-04 20:00:55.055  8290  8290 E SettingsState: invalid override flag name adservices/fledge_debug_report_sender_job_flex_ms
05-04 20:00:55.055  8290  8290 E SettingsState: invalid override flag name device_personalization_services/SmartNotification__summary_model_download_when_unavailable_millis
05-04 20:00:55.055  8290  8290 E SettingsState: invalid override flag name device_personalization_services/AicModels__protected_download_v2_safe_base_model_switch_timeout_hours
05-04 20:00:55.055  8290  8290 E SettingsState: invalid override flag name device_personalization_services/SmartRecPixelSearch__enable_search_on_files
05-04 20:00:55.055  8290  8290 E SettingsState: invalid override flag name adservices/topics_api_app_request_permits_per_second
05-04 20:00:55.055  8290  8290 E SettingsState: invalid override flag name aicore/AicSafety__use_flexible_safety_tars_classifier
05-04 20:00:55.055  8290  8290 E SettingsState: invalid override flag name adservices/DownloadConfig__mdd_package_deny_registry_manifest_file_url
05-04 20:00:55.055  8290  8290 E SettingsState: invalid override flag name device_personalization_services/NotificationAssistant__enable_upgrade_importance
05-04 20:00:55.055  8290  8290 E SettingsState: invalid override flag name health_fitness/RateLimiter__max_write_requests_per_15m_foreground
05-04 20:00:55.056  8290  8290 E SettingsState: invalid override flag name health_fitness/count_migration_state_allowed
05-04 20:00:55.056  8290  8290 E SettingsState: invalid override flag name device_personalization_services/Overview__enable_proactive_hints
05-04 20:00:55.056  8290  8290 E SettingsState: invalid override flag name adservices/measurement_api_register_web_trigger_kill_switch
05-04 20:00:55.056  8290  8290 E SettingsState: invalid override flag name device_personalization_services/SmartNotification__min_string_length_for_private_summary
05-04 20:00:55.056  8290  8290 E SettingsState: invalid override flag name adservices/Measurement__adr_budget_window_length_ms
05-04 20:00:55.056  8290  8290 E SettingsState: invalid override flag name adservices/fledge_custom_audience_max_expire_in_days
05-04 20:00:55.056  8290  8290 E SettingsState: invalid override flag name odad/usage_events_risk_utf_score
05-04 20:00:55.056  8290  8290 E SettingsState: invalid override flag name device_personalization_services/EchoSmartspace__loud_sound_test_threshold_duration_seconds
05-04 20:00:55.056  8290  8290 E SettingsState: invalid override flag name adservices/fledge_custom_audience_max_num_ads
05-04 20:00:55.056  8290  8290 E SettingsState: invalid override flag name device_personalization_services/AicModels__filter_manifest_on_min_apk_version
05-04 20:00:55.056  8290  8290 E SettingsState: invalid override flag name storage_native_boot/dirty_reclaim_rate
05-04 20:00:55.056  8290  8290 E SettingsState: invalid override flag name captive_portal_login/use_any_custom_tab_provider
05-04 20:00:55.056  8290  8290 E SettingsState: invalid override flag name odad/phl_autofill_hint_suspicious_score
05-04 20:00:55.056  8290  8290 E SettingsState: invalid override flag name adservices/measurement_enable_odp_web_trigger_registration
05-04 20:00:55.056  8290  8290 E SettingsState: invalid override flag name adservices/enable_back_compat
05-04 20:00:55.056  8290  8290 E SettingsState: invalid override flag name aicore/AicModels__mdd_maintenance_at_init_enabled
05-04 20:00:55.056  8290  8290 E SettingsState: invalid override flag name adservices/measurement_enable_delete_reports_on_unrecoverable_exception
05-04 20:00:55.056  8290  8290 E SettingsState: invalid override flag name adservices/mdd_network_stats_logging_sample_interval
05-04 20:00:55.094  8290  8290 E SettingsState: invalid override flag name health_fitness/count_migration_state_in_progress
05-04 20:00:55.094  8290  8290 E SettingsState: invalid override flag name odad/phl_button_scores
05-04 20:00:55.094  8290  8290 E SettingsState: invalid override flag name input_method/InputMethodManager__hide_ime_when_no_editor_focus
05-04 20:00:55.094  8290  8290 E SettingsState: invalid override flag name odad/cp_debug_keywords
05-04 20:00:55.094  8290  8290 E SettingsState: invalid override flag name on_device_personalization/default_scheduling_period_secs
05-04 20:00:55.094  8290  8290 E SettingsState: invalid override flag name aicore/AicSafety__messages_custom_protection_enabled
05-04 20:00:55.094  8290  8290 E SettingsState: invalid override flag name device_personalization_services/AicModels__mdd_filter_filegroups_for_background_jobs
05-04 20:00:55.094  8290  8290 E SettingsState: invalid override flag name devicelock/enable_device_registration
05-04 20:00:55.094  8290  8290 E SettingsState: invalid override flag name media/player_metrics_per_app_user_media_activity_allowlist
05-04 20:00:55.094  8290  8290 E SettingsState: invalid override flag name notification_assistant/generate_actions
05-04 20:00:55.094  8290  8290 E SettingsState: invalid override flag name health_fitness/migration_completion_job_run_interval_days
05-04 20:00:55.094  8290  8290 E SettingsState: invalid override flag name adservices/fledge_auction_server_enable_pas_unlimited_egress
05-04 20:00:55.094  8290  8290 E SettingsState: invalid override flag name netd_native/max_cache_entries
05-04 20:00:55.094  8290  8290 E SettingsState: invalid override flag name device_personalization_services/PccFlogger__enable_pcc_flogger_backend
05-04 20:00:55.095  8290  8290 E SettingsState: invalid override flag name privacy/safety_center_show_subpages
05-04 20:00:55.095  8290  8290 E SettingsState: invalid override flag name device_personalization_services/VisualCortex__enable
05-04 20:00:55.095  8290  8290 E SettingsState: invalid override flag name aicore/AicSafety__use_flexible_safety_magic_rewrite_classifier
05-04 20:00:55.095  8290  8290 E SettingsState: invalid override flag name nnapi_native/telemetry_enable
05-04 20:00:55.095  8290  8290 E SettingsState: invalid override flag name odad/max_low_cost_scanning_apps
05-04 20:00:55.095  8290  8290 E SettingsState: invalid override flag name odad/max_classification_reports
05-04 20:00:55.095  8290  8290 E SettingsState: invalid override flag name health_fitness/RateLimiter__max_write_requests_per_24h_background
05-04 20:00:55.095  8290  8290 E SettingsState: invalid override flag name adservices/fledge_background_fetch_thread_pool_size
05-04 20:00:55.095  8290  8290 E SettingsState: invalid override flag name connectivity/ipclient_multicast_ns_version
05-04 20:00:55.095  8290  8290 E SettingsState: invalid override flag name health_fitness/RateLimiter__max_read_requests_per_15m_foreground
05-04 20:00:55.095  8290  8290 E SettingsState: invalid override flag name adservices/topics_number_of_random_topics
05-04 20:00:55.095  8290  8290 E SettingsState: invalid override flag name device_personalization_services/AicModels__mdd_enable_background_jobs
05-04 20:00:55.095  8290  8290 E SettingsState: invalid override flag name device_personalization_services/Captions__enable_ec_v3_integration
05-04 20:00:55.095  8290  8290 E SettingsState: invalid override flag name runtime_native_boot/iorap_perfetto_enable
05-04 20:00:55.095  8290  8290 E SettingsState: invalid override flag name odad/phl_text_box_score
05-04 20:00:55.095  8290  8290 E SettingsState: invalid override flag name privacy/safety_label_changes_job_interval_millis
05-04 20:00:55.095  8290  8290 E SettingsState: invalid override flag name on_device_personalization/fcp_enable_authentication
05-04 20:00:55.095  8290  8290 E SettingsState: invalid override flag name package_manager_service/Archiving__enable_archiving
05-04 20:00:55.095  8290  8290 E SettingsState: invalid override flag name adservices/mdd_enrollment_manifest_file_url
05-04 20:00:55.095  8290  8290 E SettingsState: invalid override flag name adservices/protected_signals_cleanup_enabled
05-04 20:00:55.095  8290  8290 E SettingsState: invalid override flag name exo/use_target_dpi
05-04 20:00:55.095  8290  8290 E SettingsState: invalid override flag name adservices/topics_on_device_classifier_kill_switch
05-04 20:00:55.095  8290  8290 E SettingsState: invalid override flag name odad/safety_center_bll_warnings_v2_enabled
05-04 20:00:55.095  8290  8290 E SettingsState: invalid override flag name textclassifier/manifest_download_max_attempts
05-04 20:00:55.095  8290  8290 E SettingsState: invalid override flag name content_capture/content_protection_optional_groups_config
05-04 20:00:55.095  8290  8290 E SettingsState: invalid override flag name adservices/enrollment_proto_file_enabled
05-04 20:00:55.095  8290  8290 E SettingsState: invalid override flag name odad/old_versioned_ww_data_enabled
05-04 20:00:55.095  8290  8290 E SettingsState: invalid override flag name adservices/measurement_async_registration_job_trigger_max_delay_ms
05-04 20:00:55.095  8290  8290 E SettingsState: invalid override flag name adservices/fledge_custom_audience_per_app_max_count
05-04 20:00:55.095  8290  8290 E SettingsState: invalid override flag name device_personalization_services/AicModels__enable_fsync_downloaded_files
05-04 20:00:55.095  8290  8290 E SettingsState: invalid override flag name wifi/abnormal_connection_failure_bugreport_enabled
05-04 20:00:55.095  8290  8290 E SettingsState: invalid override flag name adservices/measurement_job_aggregate_reporting_kill_switch
05-04 20:00:55.095  8290  8290 E SettingsState: invalid override flag name runtime_native_boot/force_disable_uffd_gc
05-04 20:00:55.095  8290  8290 E SettingsState: invalid override flag name device_personalization_services/SmartNotification__application_channel_verify_rules
05-04 20:00:55.095  8290  8290 E SettingsState: invalid override flag name aicore/AicFeatures__customer_packages
05-04 20:00:55.095  8290  8290 E SettingsState: invalid override flag name adservices/fledge_auction_server_key_fetch_metrics_enabled
05-04 20:00:55.095  8290  8290 E SettingsState: invalid override flag name odad/phl_clickable_text_view_score
05-04 20:00:55.095  8290  8290 E SettingsState: invalid override flag name connectivity/dhcp_init_reboot_enabled
05-04 20:00:55.096  8290  8290 E SettingsState: invalid override flag name adservices/measurement_enable_aggregatable_report_payload_padding
05-04 20:00:55.096  8290  8290 E SettingsState: invalid override flag name aicore/AicDataRelease__build_id_18103149225492435673
05-04 20:00:55.096  8290  8290 E SettingsState: invalid override flag name adservices/fledge_auction_server_join_key_fetch_uri
05-04 20:00:55.096  8290  8290 E SettingsState: invalid override flag name connectivity/dhcp_ip_conflict_detect_version
05-04 20:00:55.096  8290  8290 E SettingsState: invalid override flag name device_personalization_services/Captions__enable_drag_and_double_tap_to_resize
05-04 20:00:55.096  8290  8290 E SettingsState: invalid override flag name odad/enable_classification_initialization_in_gramophone
05-04 20:00:55.096  8290  8290 E SettingsState: invalid override flag name odad/bll_classifier_enabled
05-04 20:00:55.096  8290  8290 E SettingsState: invalid override flag name health_fitness/RateLimiter__max_read_requests_per_24h_background
05-04 20:00:55.096  8290  8290 E SettingsState: invalid override flag name adservices/measurement_max_sources_per_publisher
05-04 20:00:55.096  8290  8290 E SettingsState: invalid override flag name aicore/AicModels__enable_safety_initialization_check
05-04 20:00:55.096  8290  8290 E SettingsState: invalid override flag name privacy/safety_center_background_refresh_denied_sources
05-04 20:00:55.096  8290  8290 E SettingsState: invalid override flag name privacy/safety_center_background_requires_charging
05-04 20:00:55.096  8290  8290 E SettingsState: invalid override flag name odad/safety_center_killswitch
05-04 20:00:55.096  8290  8290 E SettingsState: invalid override flag name aicore/AicModels__mdd_manifest_config
05-04 20:00:55.096  8290  8290 E SettingsState: invalid override flag name aicore/AicCommon__serving_group_mismatch_exception_enabled
05-04 20:00:55.096  8290  8290 E SettingsState: invalid override flag name health_fitness/cloud_restore_enable
05-04 20:00:55.096  8290  8290 E SettingsState: invalid override flag name wifi/health_monitor_ratio_thr_numerator
05-04 20:00:55.096  8290  8290 E SettingsState: invalid override flag name credential_manager/credential_manager_service_search_uri
05-04 20:00:55.096  8290  8290 E SettingsState: invalid override flag name adservices/u18_ux_enabled
05-04 20:00:55.096  8290  8290 E SettingsState: invalid override flag name device_personalization_services/Captions__enable_augmented_modality_input
05-04 20:00:55.096  8290  8290 E SettingsState: invalid override flag name aicore/AicDataRelease__build_id_5398059663487363370
05-04 20:00:55.096  8290  8290 E SettingsState: invalid override flag name appsearch/contacts_indexer_enabled
05-04 20:00:55.096  8290  8290 E SettingsState: invalid override flag name aicore/AicSafety__messages_output_screen_classification_enabled
05-04 20:00:55.096  8290  8290 E SettingsState: invalid override flag name adservices/measurement_enable_event_level_epsilon_in_source
05-04 20:00:55.096  8290  8290 E SettingsState: invalid override flag name adservices/measurement_job_delete_uninstalled_kill_switch
05-04 20:00:55.096  8290  8290 E SettingsState: invalid override flag name connectivity/dhcp_rapid_commit_version
05-04 20:00:55.096  8290  8290 E SettingsState: invalid override flag name on_device_personalization/fcp_enable_encryption
05-04 20:00:55.096  8290  8290 E SettingsState: invalid override flag name device_personalization_services/NowPlaying__ambient_music_update_album_art_old_recognitions
05-04 20:00:55.096  8290  8290 E SettingsState: invalid override flag name adservices/measurement_max_triggers_per_destination
05-04 20:00:55.096  8290  8290 E SettingsState: invalid override flag name adservices/measurement_default_destination_limit_algorithm
05-04 20:00:55.096  8290  8290 E SettingsState: invalid override flag name adservices/fledge_debug_report_sender_job_period_ms
05-04 20:00:55.096  8290  8290 E SettingsState: invalid override flag name adservices/measurement_aggregate_reporting_job_required_network_type
05-04 20:00:55.096  8290  8290 E SettingsState: invalid override flag name odad/phl_autofill_hint_critical_score
05-04 20:00:55.096  8290  8290 E SettingsState: invalid override flag name adservices/fledge_background_fetch_network_connect_timeout_ms
05-04 20:00:55.096  8290  8290 E SettingsState: invalid override flag name device_personalization_services/NotificationAssistant__enable_service
05-04 20:00:55.097  8290  8290 E SettingsState: invalid override flag name on_device_personalization/web_trigger_flow_deadline_seconds
05-04 20:00:55.097  8290  8290 E SettingsState: invalid override flag name aicore/AicOnDeviceIntelligence__enable_fd_caching_for_lightweight_features
05-04 20:00:55.097  8290  8290 E SettingsState: invalid override flag name device_personalization_services/SmartNotification__excluded_packages
05-04 20:00:55.097  8290  8290 E SettingsState: invalid override flag name launcher_lily/HomeScreenShortcuts__enable_camera_block
05-04 20:00:55.097  8290  8290 E SettingsState: invalid override flag name adservices/measurement_enforce_foreground_status_register_source
05-04 20:00:55.097  8290  8290 E SettingsState: invalid override flag name adservices/measurement_event_reports_ctc_early_reporting_windows
05-04 20:00:55.097  8290  8290 E SettingsState: invalid override flag name adservices/measurement_enforce_foreground_status_register_web_source
05-04 20:00:55.097  8290  8290 E SettingsState: invalid override flag name device_personalization_services/NoOp__flag_for_droidfood
05-04 20:00:55.097  8290  8290 E SettingsState: invalid override flag name autofill/trigger_fill_request_on_unimportant_view
05-04 20:00:55.097  8290  8290 E SettingsState: invalid override flag name device_personalization_services/Superpacks__require_battery_not_low_by_default
05-04 20:00:55.097  8290  8290 E SettingsState: invalid override flag name configuration/beta_public_launch
05-04 20:00:55.097  8290  8290 E SettingsState: invalid override flag name device_personalization_services/ViewSemantics__model_version
05-04 20:00:55.097  8290  8290 E SettingsState: invalid override flag name device_personalization_services/SmartSelect__enable_smart_select_example_cache_on_suggest_selection
05-04 20:00:55.097  8290  8290 E SettingsState: invalid override flag name interaction_jank_monitor/trace_threshold_frame_time_millis
05-04 20:00:55.097  8290  8290 E SettingsState: invalid override flag name adservices/enable_appsearch_consent_data
05-04 20:00:55.097  8290  8290 E SettingsState: invalid override flag name uwb/device_error_bugreport_enabled
05-04 20:00:55.097  8290  8290 E SettingsState: invalid override flag name aicore/AicSafety__periodic_refresh_only_requested_clients_enabled
05-04 20:00:55.097  8290  8290 E SettingsState: invalid override flag name device_personalization_services/Overview__enable_pir_westworld_logging
05-04 20:00:55.097  8290  8290 E SettingsState: invalid override flag name activity_manager_native_boot/modern_queue_enabled
05-04 20:00:55.097  8290  8290 E SettingsState: invalid override flag name adservices/mdd_maintenance_gcm_task_period_seconds
05-04 20:00:55.097  8290  8290 E SettingsState: invalid override flag name media/player_metrics_per_app_use_time_allowlist
05-04 20:00:55.097  8290  8290 E SettingsState: invalid override flag name device_personalization_services/PccStorageStats__directory_report_known_directory_names
05-04 20:00:55.097  8290  8290 E SettingsState: invalid override flag name network_security/CertificateTransparencyLogList__service_enabled
05-04 20:00:55.097  8290  8290 E SettingsState: invalid override flag name device_personalization_services/EchoSmartspace__enable_ambient_data_predictor
05-04 20:00:55.097  8290  8290 E SettingsState: invalid override flag name textclassifier/manifest_url_annotator_universal
05-04 20:00:55.097  8290  8290 E SettingsState: invalid override flag name device_personalization_services/SpeechRecognitionService__max_concurrent_recognition_sessions
05-04 20:00:55.097  8290  8290 E SettingsState: invalid override flag name package_manager_service/MinInstallableTargetSdkStrictMode__install_block_strict_mode_enabled
05-04 20:00:55.097  8290  8290 E SettingsState: invalid override flag name adservices/fledge_report_impression_api_metrics_enabled
05-04 20:00:55.097  8290  8290 E SettingsState: invalid override flag name connectivity/ipclient_accept_ipv6_link_local_dns_version
05-04 20:00:55.098  8290  8290 I SettingsState: 0 flag override requests created
05-04 20:00:55.524  8290  8290 V Configuration: Updating configuration, locales updated from [] to [en_US]
--------- beginning of main
05-04 20:00:55.525  8290  8290 I system_server: AssetManager2(0x7e804a600098) locale list changing from [] to [en-US]
05-04 20:00:55.724  5537  5584 D BootAnimation: Playing files = /product/media/bootanimation.zip/part3, Requested repeat = 0, playUntilComplete = false
05-04 20:00:55.741  8290  8290 D nativeloader: Configuring clns-shared-20 for other apk /system/priv-app/Telecom/Telecom.apk. target_sdk_version=36, uses_libraries=, library_path=/system/priv-app/Telecom/lib/x86_64:/system/priv-app/Telecom/Telecom.apk!/lib/x86_64:/system/lib64:/system_ext/lib64, permitted_path=/data:/mnt/expand:/data/user_de/0/com.android.server.telecom:/system/priv-app/Telecom:/system/lib64:/system_ext/lib64
05-04 20:00:55.768  8290  8323 I Watchdog: WAITED_UNTIL_PRE_WATCHDOG
05-04 20:00:55.993  8290  8290 D OomAdjuster: Not killing cached processes
05-04 20:00:56.159  8290  8323 I android_os_HwBinder: HwBinder: Starting thread pool for getting: android.hidl.manager@1.0::IServiceManager/default
05-04 20:00:56.159  8290  8290 E ashmem  : Pinning is deprecated since Android Q. Please use trim or other methods.
05-04 20:00:56.467  8290  8323 I ActivityManager: dumpStackTraces pids={}
05-04 20:00:56.693  8290  8290 D ActivityManager: Freezer timeout set to 10000
05-04 20:00:56.694  8290  8290 D ActivityManager: Freezer exemption set to false
05-04 20:00:56.726  8290  8335 D ActivityManager: Freezer enabled
05-04 20:00:56.727  8290  8335 D ActivityManager: freezer override set to false
05-04 20:00:56.759  8290  8290 I SystemServiceManager: Starting com.android.server.deviceconfig.DeviceConfigInit$Lifecycle
05-04 20:00:56.798  8290  8290 I DeviceConfig: Bootstrap values not found
05-04 20:00:56.830  8290  8290 D SystemServerTiming: StartDropBoxManager
05-04 20:00:56.830  8290  8290 I SystemServiceManager: Starting com.android.server.DropBoxManagerService
05-04 20:00:57.095  8290  8290 W SystemServiceManager: Service com.android.server.DropBoxManagerService took 63 ms in onStart
05-04 20:00:57.096  8290  8290 D SystemServerTiming: StartEnhancedConfirmationService
05-04 20:00:57.101  8290  8290 I SystemServiceManager: Starting com.android.ecm.EnhancedConfirmationService
05-04 20:00:57.108  8290  8290 D SystemServerTiming: StartHintManager
05-04 20:00:57.131  8290  8290 I SystemServiceManager: Starting com.android.server.power.hint.HintManagerService
05-04 20:00:57.159  8290  8323 I ActivityManager: Skipping next CPU consuming process, not a java proc: 5537
05-04 20:00:57.160  8290  8323 I ActivityManager: Skipping next CPU consuming process, not a java proc: 8290
05-04 20:00:57.160  8290  8323 I ActivityManager: Skipping next CPU consuming process, not a java proc: 482
05-04 20:00:57.160  8290  8323 I ActivityManager: Skipping next CPU consuming process, not a java proc: 224
05-04 20:00:57.160  8290  8323 I ActivityManager: Skipping next CPU consuming process, not a java proc: 538
05-04 20:00:57.160  8290  8323 I ActivityManager: Skipping next CPU consuming process, not a java proc: 529
05-04 20:00:57.176  8290  8323 I ActivityManager: Dumping to /data/anr/anr_2026-05-04-20-00-57-160
05-04 20:00:57.177  8290  8323 I ActivityManager: Collecting stacks for pid 8290
05-04 20:00:57.200  8290  8290 W watchdog: type=1400 audit(0.0:142): avc:  denied  { read } for  name="transactions" dev="binder" ino=1048587 scontext=u:r:system_server:s0 tcontext=u:object_r:binderfs_logs_transactions:s0 tclass=file permissive=0
05-04 20:00:57.307  8290  8323 E system_server: Could not open /dev/binderfs/binder_logs/transactions. Likely a permissions issue. errno: 2
05-04 20:00:57.307  8290  8323 E android.os.Debug: Failed to get binder state info for pid: 8290 status: -2: No such file or directory
05-04 20:00:57.316  8290  8290 D SystemServerTiming: StartRoleManagerService
05-04 20:00:57.318  8290  8290 I SystemServiceManager: Starting com.android.role.RoleService
05-04 20:00:57.356  8290  8323 I system_server: libdebuggerd_client: started dumping process 8290
05-04 20:00:57.479  8290  8296 I system_server: Thread[2,tid=8296,WaitingInMainSignalCatcherLoop,Thread*=0x7e803a5d6380,peer=0x2007f50,"Signal Catcher"]: reacting to signal 3
05-04 20:00:57.487   281   281 I tombstoned: registered intercept for pid 8290 and type kDebuggerdJavaBacktrace
05-04 20:00:57.547  8290  8296 I system_server: 
05-04 20:00:57.565  8290  8290 W SystemServiceManager: Service com.android.role.RoleService took 209 ms in onStart
05-04 20:00:57.565  8290  8290 D SystemServerTiming: StartSupervisionService
05-04 20:00:57.566  8290  8290 I SystemServiceManager: Starting com.android.server.supervision.SupervisionService$Lifecycle
05-04 20:00:57.600  8290  8290 D SystemServerTiming: StartVibratorManagerService
05-04 20:00:57.601  8290  8290 I SystemServiceManager: Starting com.android.server.vibrator.VibratorManagerService$Lifecycle
05-04 20:00:58.460  8290  8331 W OverlayManager: service 'idmap' died
05-04 20:00:58.628  8290  8317 W Looper  : Slow dispatch took 465ms android.fg app=system_server main=false group=FOREGROUND h=android.os.Handler c=com.android.server.om.IdmapDaemon$Connection$$ExternalSyntheticLambda0@e48f30f m=0
05-04 20:00:58.667  8290  8290 W SystemServiceManager: Service com.android.server.vibrator.VibratorManagerService$Lifecycle took 1066 ms in onStart
05-04 20:00:58.668  8290  8290 D SystemServerTiming: StartDynamicSystemService
05-04 20:00:58.694  8290  8290 D SystemServerTiming: StartAlarmManagerService
05-04 20:00:58.694  8290  8290 I SystemServiceManager: Starting com.android.server.alarm.AlarmManagerService
05-04 20:00:58.925  8290  8290 D nativeloader: Load /system/lib64/libalarm_jni.so using ns default for caller /system/framework/services.jar in same partition (is_bridged=0): ok
05-04 20:00:59.046  8290  8334 W UserWakeupStore: User wakeup file not available: /data/system/alarms/usersWithAlarmClocks.xml
05-04 20:00:59.465  8290  8290 W SystemServiceManager: Service com.android.server.alarm.AlarmManagerService took 672 ms in onStart
05-04 20:00:59.466  8290  8290 D SystemServerTiming: StartInputManagerService
05-04 20:00:59.466  8290  8290 I SystemServiceManager: Starting com.android.server.input.InputManagerService$Lifecycle
05-04 20:00:59.513  8290  8290 D Minikin : android_logger: android_logger: log::set_logger failed: attempted to set a logger after the logging system was already initialized
05-04 20:00:59.525  8290  8290 D inputflinger: Creating InputFlingerRust
05-04 20:00:59.695  8290  8338 E OomConnection: failed waiting for OOM events: java.lang.RuntimeException: listener failed waiting for OOM event
05-04 20:00:59.695  8290  8290 E system_server: Class descriptors 'com.android.server.inputflinger.IInputFlingerRust' match during associateClass, but they are different class objects (0x7e811a5d31e0 vs 0x7e811a5de150). Class descriptor collision?
05-04 20:00:59.742  8290  8290 D inputflinger: Creating InputFilter
05-04 20:00:59.742  8290  8290 E system_server: Class descriptors 'com.android.server.inputflinger.IInputFilter' match during associateClass, but they are different class objects (0x7e811a5d3b80 vs 0x7e811a5ddc10). Class descriptor collision?
05-04 20:01:00.293  8290  8290 I InputManager: Initializing input manager, mUseDevInputEventForAudioJack=true
05-04 20:01:00.544  8290  8290 D SystemServerTiming: DeviceStateManagerService
05-04 20:01:00.678  8290  8290 I SystemServiceManager: Starting com.android.server.devicestate.DeviceStateManagerService
05-04 20:01:01.022  8290  8290 E DeviceStateManagerService: Cannot notify device state info change before the initial state has been committed.
05-04 20:01:01.024  8290  8290 I DeviceStateManagerService: Cannot notify device state info change when pending state is present.
05-04 20:01:01.568  8290  8290 W SystemServiceManager: Service com.android.server.devicestate.DeviceStateManagerService took 348 ms in onStart
05-04 20:01:01.801  8290  8290 D SystemServerTiming: StartCameraServiceProxy
05-04 20:01:01.802  8290  8290 I SystemServiceManager: Starting com.android.server.camera.CameraServiceProxy
05-04 20:01:01.851  8523  8523 W dumpsys : Thread Pool max thread count is 0. Cannot cache binder as linkToDeath cannot be implemented. serviceName: package
05-04 20:01:02.241  8290  8290 D SystemServerTiming: StartWindowManagerService
05-04 20:01:02.242  8290  8290 I SystemServiceManager: Starting phase 200
05-04 20:01:02.242  8290  8290 D SystemServerTiming: OnBootPhase_200
05-04 20:01:02.242  8290  8290 D SystemServerTiming: OnBootPhase_200_com.android.server.security.FileIntegrityService
05-04 20:01:02.242  8290  8290 D SystemServerTiming: OnBootPhase_200_com.android.server.pm.Installer
05-04 20:01:02.242  8290  8290 D SystemServerTiming: OnBootPhase_200_com.android.server.os.DeviceIdentifiersPolicyService
05-04 20:01:02.242  8290  8290 D SystemServerTiming: OnBootPhase_200_com.android.server.flags.FeatureFlagsService
05-04 20:01:02.243  8290  8290 D SystemServerTiming: OnBootPhase_200_com.android.server.uri.UriGrantsManagerService$Lifecycle
05-04 20:01:02.243  8290  8290 D SystemServerTiming: OnBootPhase_200_com.android.server.powerstats.PowerStatsService
05-04 20:01:02.243  8290  8290 D SystemServerTiming: OnBootPhase_200_com.android.server.permission.access.AccessCheckingService
05-04 20:01:02.243  8290  8290 D SystemServerTiming: OnBootPhase_200_com.android.server.wm.ActivityTaskManagerService$Lifecycle
05-04 20:01:02.243  8290  8290 D SystemServerTiming: OnBootPhase_200_com.android.server.am.ActivityManagerService$Lifecycle
05-04 20:01:02.243  8290  8290 D SystemServerTiming: OnBootPhase_200_com.android.server.pm.DataLoaderManagerService
05-04 20:01:02.243  8290  8290 D SystemServerTiming: OnBootPhase_200_com.android.server.power.PowerManagerService
05-04 20:01:02.243  8290  8290 D SystemServerTiming: OnBootPhase_200_com.android.server.power.ThermalManagerService
05-04 20:01:02.244  8290  8290 D SystemServerTiming: OnBootPhase_200_com.android.server.recoverysystem.RecoverySystemService$Lifecycle
05-04 20:01:02.244  8290  8290 D SystemServerTiming: OnBootPhase_200_com.android.server.lights.LightsService
05-04 20:01:02.244  8290  8290 D SystemServerTiming: OnBootPhase_200_com.android.server.display.DisplayManagerService
05-04 20:01:02.244  8290  8290 D SystemServerTiming: OnBootPhase_200_com.android.server.pm.verify.domain.DomainVerificationService
05-04 20:01:02.244  8290  8290 D SystemServerTiming: OnBootPhase_200_com.android.server.pm.PackageInstallerService$Lifecycle
05-04 20:01:02.244  8290  8290 D SystemServerTiming: OnBootPhase_200_com.android.server.pm.UserManagerService$LifeCycle
05-04 20:01:02.245  8290  8290 D SystemServerTiming: OnBootPhase_200_com.android.server.om.OverlayManagerService
05-04 20:01:02.245  8290  8290 D SystemServerTiming: OnBootPhase_200_com.android.server.resources.ResourcesManagerService
05-04 20:01:02.245  8290  8290 D SystemServerTiming: OnBootPhase_200_com.android.server.sensorprivacy.SensorPrivacyService
05-04 20:01:02.245  8290  8290 D SystemServerTiming: OnBootPhase_200_com.android.server.sensors.SensorService
05-04 20:01:02.245  8290  8290 D SystemServerTiming: OnBootPhase_200_com.android.server.SystemConfigService
05-04 20:01:02.245  8290  8290 D SystemServerTiming: OnBootPhase_200_com.android.server.BatteryService
05-04 20:01:02.246  8290  8290 D SystemServerTiming: OnBootPhase_200_com.android.server.usage.UsageStatsService
05-04 20:01:02.246  8290  8290 D SystemServerTiming: OnBootPhase_200_com.android.server.webkit.WebViewUpdateService
05-04 20:01:02.246  8290  8290 D SystemServerTiming: OnBootPhase_200_com.android.server.CachedDeviceStateService
05-04 20:01:02.246  8290  8290 D SystemServerTiming: OnBootPhase_200_com.android.server.BinderCallsStatsService$LifeCycle
05-04 20:01:02.246  8290  8290 D SystemServerTiming: OnBootPhase_200_com.android.server.LooperStatsService$Lifecycle
05-04 20:01:02.246  8290  8290 D SystemServerTiming: OnBootPhase_200_com.android.server.rollback.RollbackManagerService
05-04 20:01:02.247  8290  8290 D SystemServerTiming: OnBootPhase_200_com.android.server.os.NativeTombstoneManagerService
05-04 20:01:02.247  8290  8290 D SystemServerTiming: OnBootPhase_200_com.android.server.os.BugreportManagerService
05-04 20:01:02.247  8290  8290 D SystemServerTiming: OnBootPhase_200_com.android.server.gpu.GpuService
05-04 20:01:02.247  8290  8290 D SystemServerTiming: OnBootPhase_200_com.android.server.security.rkp.RemoteProvisioningService
05-04 20:01:02.247  8290  8290 D SystemServerTiming: OnBootPhase_200_com.android.server.security.KeyChainSystemService
05-04 20:01:02.247  8290  8290 D SystemServerTiming: OnBootPhase_200_com.android.server.BinaryTransparencyService
05-04 20:01:02.247  8290  8290 D SystemServerTiming: OnBootPhase_200_com.android.server.telecom.TelecomLoaderService
